<?xml version="1.0" encoding="UTF-8"?>
<testResults version="1.2">
<httpSample t="39" it="0" lt="38" ct="27" ts="1561082723669" s="true" lb="HTTP Request" rc="200" rm="" tn="Thread Group 1-1" dt="text" by="122" sby="118" ng="2" na="2">
  <java.net.URL>http://localhost:7077/</java.net.URL>
</httpSample>
<httpSample t="33" it="0" lt="32" ct="21" ts="1561082723675" s="true" lb="HTTP Request" rc="200" rm="" tn="Thread Group 1-2" dt="text" by="122" sby="118" ng="2" na="2">
  <java.net.URL>http://localhost:7077/</java.net.URL>
</httpSample>
<httpSample t="3" it="0" lt="3" ct="1" ts="1561082723723" s="true" lb="HTTP Request" rc="200" rm="" tn="Thread Group 1-2" dt="text" by="122" sby="118" ng="2" na="2">
  <java.net.URL>http://localhost:7077/</java.net.URL>
</httpSample>
<httpSample t="4" it="0" lt="4" ct="1" ts="1561082723723" s="true" lb="HTTP Request" rc="200" rm="" tn="Thread Group 1-1" dt="text" by="122" sby="118" ng="2" na="2">
  <java.net.URL>http://localhost:7077/</java.net.URL>
</httpSample>
<httpSample t="3" it="0" lt="3" ct="1" ts="1561082723728" s="true" lb="HTTP Request" rc="200" rm="" tn="Thread Group 1-1" dt="text" by="122" sby="118" ng="2" na="2">
  <java.net.URL>http://localhost:7077/</java.net.URL>
</httpSample>
<httpSample t="3" it="0" lt="3" ct="1" ts="1561082723728" s="true" lb="HTTP Request" rc="200" rm="" tn="Thread Group 1-2" dt="text" by="122" sby="118" ng="2" na="2">
  <java.net.URL>http://localhost:7077/</java.net.URL>
</httpSample>
<httpSample t="2" it="0" lt="2" ct="0" ts="1561082723732" s="true" lb="HTTP Request" rc="200" rm="" tn="Thread Group 1-1" dt="text" by="122" sby="118" ng="2" na="2">
  <java.net.URL>http://localhost:7077/</java.net.URL>
</httpSample>
<httpSample t="5" it="0" lt="5" ct="0" ts="1561082723732" s="true" lb="HTTP Request" rc="200" rm="" tn="Thread Group 1-2" dt="text" by="122" sby="118" ng="2" na="2">
  <java.net.URL>http://localhost:7077/</java.net.URL>
</httpSample>
<httpSample t="5" it="0" lt="5" ct="0" ts="1561082723735" s="true" lb="HTTP Request" rc="200" rm="" tn="Thread Group 1-1" dt="text" by="122" sby="118" ng="2" na="2">
  <java.net.URL>http://localhost:7077/</java.net.URL>
</httpSample>
<httpSample t="4" it="0" lt="4" ct="1" ts="1561082723737" s="true" lb="HTTP Request" rc="200" rm="" tn="Thread Group 1-2" dt="text" by="122" sby="118" ng="2" na="2">
  <java.net.URL>http://localhost:7077/</java.net.URL>
</httpSample>
<httpSample t="2" it="0" lt="2" ct="1" ts="1561082723741" s="true" lb="HTTP Request" rc="200" rm="" tn="Thread Group 1-1" dt="text" by="122" sby="118" ng="2" na="2">
  <java.net.URL>http://localhost:7077/</java.net.URL>
</httpSample>
<httpSample t="3" it="0" lt="3" ct="1" ts="1561082723741" s="true" lb="HTTP Request" rc="200" rm="" tn="Thread Group 1-2" dt="text" by="122" sby="118" ng="2" na="2">
  <java.net.URL>http://localhost:7077/</java.net.URL>
</httpSample>
<httpSample t="4" it="0" lt="4" ct="1" ts="1561082723744" s="true" lb="HTTP Request" rc="200" rm="" tn="Thread Group 1-2" dt="text" by="122" sby="118" ng="2" na="2">
  <java.net.URL>http://localhost:7077/</java.net.URL>
</httpSample>
<httpSample t="8" it="0" lt="8" ct="1" ts="1561082723744" s="true" lb="HTTP Request" rc="200" rm="" tn="Thread Group 1-1" dt="text" by="122" sby="118" ng="2" na="2">
  <java.net.URL>http://localhost:7077/</java.net.URL>
</httpSample>
<httpSample t="4" it="0" lt="4" ct="1" ts="1561082723748" s="true" lb="HTTP Request" rc="200" rm="" tn="Thread Group 1-2" dt="text" by="122" sby="118" ng="2" na="2">
  <java.net.URL>http://localhost:7077/</java.net.URL>
</httpSample>
<httpSample t="2" it="0" lt="2" ct="0" ts="1561082723753" s="true" lb="HTTP Request" rc="200" rm="" tn="Thread Group 1-1" dt="text" by="122" sby="118" ng="2" na="2">
  <java.net.URL>http://localhost:7077/</java.net.URL>
</httpSample>
<httpSample t="2" it="0" lt="2" ct="1" ts="1561082723753" s="true" lb="HTTP Request" rc="200" rm="" tn="Thread Group 1-2" dt="text" by="122" sby="118" ng="2" na="2">
  <java.net.URL>http://localhost:7077/</java.net.URL>
</httpSample>
<httpSample t="3" it="0" lt="3" ct="1" ts="1561082723756" s="true" lb="HTTP Request" rc="200" rm="" tn="Thread Group 1-2" dt="text" by="122" sby="118" ng="2" na="2">
  <java.net.URL>http://localhost:7077/</java.net.URL>
</httpSample>
<httpSample t="7" it="0" lt="7" ct="1" ts="1561082723756" s="true" lb="HTTP Request" rc="200" rm="" tn="Thread Group 1-1" dt="text" by="122" sby="118" ng="1" na="1">
  <java.net.URL>http://localhost:7077/</java.net.URL>
</httpSample>
<httpSample t="3" it="0" lt="2" ct="1" ts="1561082723763" s="true" lb="HTTP Request" rc="200" rm="" tn="Thread Group 1-1" dt="text" by="122" sby="118" ng="1" na="1">
  <java.net.URL>http://localhost:7077/</java.net.URL>
</httpSample>
<httpSample t="2" it="0" lt="2" ct="1" ts="1561082723773" s="true" lb="HTTP Request" rc="200" rm="" tn="Thread Group 1-3" dt="text" by="122" sby="118" ng="1" na="1">
  <java.net.URL>http://localhost:7077/</java.net.URL>
</httpSample>
<httpSample t="2" it="0" lt="2" ct="0" ts="1561082723776" s="true" lb="HTTP Request" rc="200" rm="" tn="Thread Group 1-3" dt="text" by="122" sby="118" ng="1" na="1">
  <java.net.URL>http://localhost:7077/</java.net.URL>
</httpSample>
<httpSample t="3" it="0" lt="3" ct="1" ts="1561082723778" s="true" lb="HTTP Request" rc="200" rm="" tn="Thread Group 1-3" dt="text" by="122" sby="118" ng="1" na="1">
  <java.net.URL>http://localhost:7077/</java.net.URL>
</httpSample>
<httpSample t="3" it="0" lt="3" ct="1" ts="1561082723781" s="true" lb="HTTP Request" rc="200" rm="" tn="Thread Group 1-3" dt="text" by="122" sby="118" ng="1" na="1">
  <java.net.URL>http://localhost:7077/</java.net.URL>
</httpSample>
<httpSample t="2" it="0" lt="2" ct="0" ts="1561082723785" s="true" lb="HTTP Request" rc="200" rm="" tn="Thread Group 1-3" dt="text" by="122" sby="118" ng="1" na="1">
  <java.net.URL>http://localhost:7077/</java.net.URL>
</httpSample>
<httpSample t="3" it="0" lt="3" ct="1" ts="1561082723788" s="true" lb="HTTP Request" rc="200" rm="" tn="Thread Group 1-3" dt="text" by="122" sby="118" ng="1" na="1">
  <java.net.URL>http://localhost:7077/</java.net.URL>
</httpSample>
<httpSample t="3" it="0" lt="3" ct="0" ts="1561082723792" s="true" lb="HTTP Request" rc="200" rm="" tn="Thread Group 1-3" dt="text" by="122" sby="118" ng="1" na="1">
  <java.net.URL>http://localhost:7077/</java.net.URL>
</httpSample>
<httpSample t="2" it="0" lt="2" ct="0" ts="1561082723796" s="true" lb="HTTP Request" rc="200" rm="" tn="Thread Group 1-3" dt="text" by="122" sby="118" ng="1" na="1">
  <java.net.URL>http://localhost:7077/</java.net.URL>
</httpSample>
<httpSample t="3" it="0" lt="3" ct="0" ts="1561082723799" s="true" lb="HTTP Request" rc="200" rm="" tn="Thread Group 1-3" dt="text" by="122" sby="118" ng="1" na="1">
  <java.net.URL>http://localhost:7077/</java.net.URL>
</httpSample>
<httpSample t="3" it="0" lt="3" ct="0" ts="1561082723803" s="true" lb="HTTP Request" rc="200" rm="" tn="Thread Group 1-3" dt="text" by="122" sby="118" ng="1" na="1">
  <java.net.URL>http://localhost:7077/</java.net.URL>
</httpSample>
<httpSample t="3" it="0" lt="3" ct="1" ts="1561082723873" s="true" lb="HTTP Request" rc="200" rm="" tn="Thread Group 1-4" dt="text" by="122" sby="118" ng="1" na="1">
  <java.net.URL>http://localhost:7077/</java.net.URL>
</httpSample>
<httpSample t="2" it="0" lt="2" ct="1" ts="1561082723876" s="true" lb="HTTP Request" rc="200" rm="" tn="Thread Group 1-4" dt="text" by="122" sby="118" ng="1" na="1">
  <java.net.URL>http://localhost:7077/</java.net.URL>
</httpSample>
<httpSample t="3" it="0" lt="3" ct="1" ts="1561082723879" s="true" lb="HTTP Request" rc="200" rm="" tn="Thread Group 1-4" dt="text" by="122" sby="118" ng="1" na="1">
  <java.net.URL>http://localhost:7077/</java.net.URL>
</httpSample>
<httpSample t="5" it="0" lt="4" ct="1" ts="1561082723882" s="true" lb="HTTP Request" rc="200" rm="" tn="Thread Group 1-4" dt="text" by="122" sby="118" ng="1" na="1">
  <java.net.URL>http://localhost:7077/</java.net.URL>
</httpSample>
<httpSample t="2" it="0" lt="2" ct="1" ts="1561082723887" s="true" lb="HTTP Request" rc="200" rm="" tn="Thread Group 1-4" dt="text" by="122" sby="118" ng="1" na="1">
  <java.net.URL>http://localhost:7077/</java.net.URL>
</httpSample>
<httpSample t="2" it="0" lt="2" ct="1" ts="1561082723890" s="true" lb="HTTP Request" rc="200" rm="" tn="Thread Group 1-4" dt="text" by="122" sby="118" ng="1" na="1">
  <java.net.URL>http://localhost:7077/</java.net.URL>
</httpSample>
<httpSample t="4" it="0" lt="4" ct="0" ts="1561082723893" s="true" lb="HTTP Request" rc="200" rm="" tn="Thread Group 1-4" dt="text" by="122" sby="118" ng="1" na="1">
  <java.net.URL>http://localhost:7077/</java.net.URL>
</httpSample>
<httpSample t="4" it="0" lt="4" ct="1" ts="1561082723897" s="true" lb="HTTP Request" rc="200" rm="" tn="Thread Group 1-4" dt="text" by="122" sby="118" ng="1" na="1">
  <java.net.URL>http://localhost:7077/</java.net.URL>
</httpSample>
<httpSample t="2" it="0" lt="2" ct="0" ts="1561082723902" s="true" lb="HTTP Request" rc="200" rm="" tn="Thread Group 1-4" dt="text" by="122" sby="118" ng="1" na="1">
  <java.net.URL>http://localhost:7077/</java.net.URL>
</httpSample>
<httpSample t="4" it="0" lt="4" ct="1" ts="1561082723904" s="true" lb="HTTP Request" rc="200" rm="" tn="Thread Group 1-4" dt="text" by="122" sby="118" ng="1" na="1">
  <java.net.URL>http://localhost:7077/</java.net.URL>
</httpSample>
<httpSample t="2" it="0" lt="2" ct="1" ts="1561082723969" s="true" lb="HTTP Request" rc="200" rm="" tn="Thread Group 1-5" dt="text" by="122" sby="118" ng="1" na="1">
  <java.net.URL>http://localhost:7077/</java.net.URL>
</httpSample>
<httpSample t="2" it="0" lt="2" ct="1" ts="1561082723972" s="true" lb="HTTP Request" rc="200" rm="" tn="Thread Group 1-5" dt="text" by="122" sby="118" ng="1" na="1">
  <java.net.URL>http://localhost:7077/</java.net.URL>
</httpSample>
<httpSample t="2" it="0" lt="2" ct="1" ts="1561082723975" s="true" lb="HTTP Request" rc="200" rm="" tn="Thread Group 1-5" dt="text" by="122" sby="118" ng="1" na="1">
  <java.net.URL>http://localhost:7077/</java.net.URL>
</httpSample>
<httpSample t="2" it="0" lt="2" ct="0" ts="1561082723978" s="true" lb="HTTP Request" rc="200" rm="" tn="Thread Group 1-5" dt="text" by="122" sby="118" ng="1" na="1">
  <java.net.URL>http://localhost:7077/</java.net.URL>
</httpSample>
<httpSample t="3" it="0" lt="3" ct="1" ts="1561082723980" s="true" lb="HTTP Request" rc="200" rm="" tn="Thread Group 1-5" dt="text" by="122" sby="118" ng="1" na="1">
  <java.net.URL>http://localhost:7077/</java.net.URL>
</httpSample>
<httpSample t="3" it="0" lt="3" ct="0" ts="1561082723984" s="true" lb="HTTP Request" rc="200" rm="" tn="Thread Group 1-5" dt="text" by="122" sby="118" ng="1" na="1">
  <java.net.URL>http://localhost:7077/</java.net.URL>
</httpSample>
<httpSample t="3" it="0" lt="2" ct="1" ts="1561082723987" s="true" lb="HTTP Request" rc="200" rm="" tn="Thread Group 1-5" dt="text" by="122" sby="118" ng="1" na="1">
  <java.net.URL>http://localhost:7077/</java.net.URL>
</httpSample>
<httpSample t="4" it="0" lt="4" ct="1" ts="1561082723990" s="true" lb="HTTP Request" rc="200" rm="" tn="Thread Group 1-5" dt="text" by="122" sby="118" ng="1" na="1">
  <java.net.URL>http://localhost:7077/</java.net.URL>
</httpSample>
<httpSample t="4" it="0" lt="4" ct="1" ts="1561082723994" s="true" lb="HTTP Request" rc="200" rm="" tn="Thread Group 1-5" dt="text" by="122" sby="118" ng="1" na="1">
  <java.net.URL>http://localhost:7077/</java.net.URL>
</httpSample>
<httpSample t="2" it="0" lt="2" ct="0" ts="1561082723999" s="true" lb="HTTP Request" rc="200" rm="" tn="Thread Group 1-5" dt="text" by="122" sby="118" ng="1" na="1">
  <java.net.URL>http://localhost:7077/</java.net.URL>
</httpSample>
<httpSample t="2" it="0" lt="2" ct="0" ts="1561082724068" s="true" lb="HTTP Request" rc="200" rm="" tn="Thread Group 1-6" dt="text" by="122" sby="118" ng="1" na="1">
  <java.net.URL>http://localhost:7077/</java.net.URL>
</httpSample>
<httpSample t="2" it="0" lt="2" ct="0" ts="1561082724071" s="true" lb="HTTP Request" rc="200" rm="" tn="Thread Group 1-6" dt="text" by="122" sby="118" ng="1" na="1">
  <java.net.URL>http://localhost:7077/</java.net.URL>
</httpSample>
<httpSample t="4" it="0" lt="3" ct="0" ts="1561082724074" s="true" lb="HTTP Request" rc="200" rm="" tn="Thread Group 1-6" dt="text" by="122" sby="118" ng="1" na="1">
  <java.net.URL>http://localhost:7077/</java.net.URL>
</httpSample>
<httpSample t="3" it="0" lt="3" ct="1" ts="1561082724078" s="true" lb="HTTP Request" rc="200" rm="" tn="Thread Group 1-6" dt="text" by="122" sby="118" ng="1" na="1">
  <java.net.URL>http://localhost:7077/</java.net.URL>
</httpSample>
<httpSample t="2" it="0" lt="2" ct="0" ts="1561082724083" s="true" lb="HTTP Request" rc="200" rm="" tn="Thread Group 1-6" dt="text" by="122" sby="118" ng="1" na="1">
  <java.net.URL>http://localhost:7077/</java.net.URL>
</httpSample>
<httpSample t="2" it="0" lt="2" ct="0" ts="1561082724086" s="true" lb="HTTP Request" rc="200" rm="" tn="Thread Group 1-6" dt="text" by="122" sby="118" ng="1" na="1">
  <java.net.URL>http://localhost:7077/</java.net.URL>
</httpSample>
<httpSample t="3" it="0" lt="3" ct="0" ts="1561082724089" s="true" lb="HTTP Request" rc="200" rm="" tn="Thread Group 1-6" dt="text" by="122" sby="118" ng="1" na="1">
  <java.net.URL>http://localhost:7077/</java.net.URL>
</httpSample>
<httpSample t="4" it="0" lt="4" ct="1" ts="1561082724092" s="true" lb="HTTP Request" rc="200" rm="" tn="Thread Group 1-6" dt="text" by="122" sby="118" ng="1" na="1">
  <java.net.URL>http://localhost:7077/</java.net.URL>
</httpSample>
<httpSample t="2" it="0" lt="2" ct="1" ts="1561082724096" s="true" lb="HTTP Request" rc="200" rm="" tn="Thread Group 1-6" dt="text" by="122" sby="118" ng="1" na="1">
  <java.net.URL>http://localhost:7077/</java.net.URL>
</httpSample>
<httpSample t="3" it="0" lt="3" ct="0" ts="1561082724099" s="true" lb="HTTP Request" rc="200" rm="" tn="Thread Group 1-6" dt="text" by="122" sby="118" ng="1" na="1">
  <java.net.URL>http://localhost:7077/</java.net.URL>
</httpSample>
<httpSample t="2" it="0" lt="2" ct="0" ts="1561082724169" s="true" lb="HTTP Request" rc="200" rm="" tn="Thread Group 1-7" dt="text" by="122" sby="118" ng="1" na="1">
  <java.net.URL>http://localhost:7077/</java.net.URL>
</httpSample>
<httpSample t="2" it="0" lt="2" ct="1" ts="1561082724171" s="true" lb="HTTP Request" rc="200" rm="" tn="Thread Group 1-7" dt="text" by="122" sby="118" ng="1" na="1">
  <java.net.URL>http://localhost:7077/</java.net.URL>
</httpSample>
<httpSample t="3" it="0" lt="3" ct="0" ts="1561082724174" s="true" lb="HTTP Request" rc="200" rm="" tn="Thread Group 1-7" dt="text" by="122" sby="118" ng="1" na="1">
  <java.net.URL>http://localhost:7077/</java.net.URL>
</httpSample>
<httpSample t="2" it="0" lt="2" ct="1" ts="1561082724177" s="true" lb="HTTP Request" rc="200" rm="" tn="Thread Group 1-7" dt="text" by="122" sby="118" ng="1" na="1">
  <java.net.URL>http://localhost:7077/</java.net.URL>
</httpSample>
<httpSample t="6" it="0" lt="6" ct="0" ts="1561082724180" s="true" lb="HTTP Request" rc="200" rm="" tn="Thread Group 1-7" dt="text" by="122" sby="118" ng="1" na="1">
  <java.net.URL>http://localhost:7077/</java.net.URL>
</httpSample>
<httpSample t="2" it="0" lt="2" ct="0" ts="1561082724187" s="true" lb="HTTP Request" rc="200" rm="" tn="Thread Group 1-7" dt="text" by="122" sby="118" ng="1" na="1">
  <java.net.URL>http://localhost:7077/</java.net.URL>
</httpSample>
<httpSample t="1" it="0" lt="1" ct="0" ts="1561082724189" s="true" lb="HTTP Request" rc="200" rm="" tn="Thread Group 1-7" dt="text" by="122" sby="118" ng="1" na="1">
  <java.net.URL>http://localhost:7077/</java.net.URL>
</httpSample>
<httpSample t="1" it="0" lt="1" ct="0" ts="1561082724191" s="true" lb="HTTP Request" rc="200" rm="" tn="Thread Group 1-7" dt="text" by="122" sby="118" ng="1" na="1">
  <java.net.URL>http://localhost:7077/</java.net.URL>
</httpSample>
<httpSample t="2" it="0" lt="2" ct="1" ts="1561082724192" s="true" lb="HTTP Request" rc="200" rm="" tn="Thread Group 1-7" dt="text" by="122" sby="118" ng="1" na="1">
  <java.net.URL>http://localhost:7077/</java.net.URL>
</httpSample>
<httpSample t="3" it="0" lt="3" ct="0" ts="1561082724194" s="true" lb="HTTP Request" rc="200" rm="" tn="Thread Group 1-7" dt="text" by="122" sby="118" ng="1" na="1">
  <java.net.URL>http://localhost:7077/</java.net.URL>
</httpSample>
<httpSample t="2" it="0" lt="2" ct="0" ts="1561082724269" s="true" lb="HTTP Request" rc="200" rm="" tn="Thread Group 1-8" dt="text" by="122" sby="118" ng="1" na="1">
  <java.net.URL>http://localhost:7077/</java.net.URL>
</httpSample>
<httpSample t="1" it="0" lt="1" ct="0" ts="1561082724272" s="true" lb="HTTP Request" rc="200" rm="" tn="Thread Group 1-8" dt="text" by="122" sby="118" ng="1" na="1">
  <java.net.URL>http://localhost:7077/</java.net.URL>
</httpSample>
<httpSample t="1" it="0" lt="1" ct="0" ts="1561082724274" s="true" lb="HTTP Request" rc="200" rm="" tn="Thread Group 1-8" dt="text" by="122" sby="118" ng="1" na="1">
  <java.net.URL>http://localhost:7077/</java.net.URL>
</httpSample>
<httpSample t="2" it="0" lt="2" ct="1" ts="1561082724275" s="true" lb="HTTP Request" rc="200" rm="" tn="Thread Group 1-8" dt="text" by="122" sby="118" ng="1" na="1">
  <java.net.URL>http://localhost:7077/</java.net.URL>
</httpSample>
<httpSample t="1" it="0" lt="1" ct="0" ts="1561082724277" s="true" lb="HTTP Request" rc="200" rm="" tn="Thread Group 1-8" dt="text" by="122" sby="118" ng="1" na="1">
  <java.net.URL>http://localhost:7077/</java.net.URL>
</httpSample>
<httpSample t="3" it="0" lt="3" ct="0" ts="1561082724279" s="true" lb="HTTP Request" rc="200" rm="" tn="Thread Group 1-8" dt="text" by="122" sby="118" ng="1" na="1">
  <java.net.URL>http://localhost:7077/</java.net.URL>
</httpSample>
<httpSample t="4" it="0" lt="4" ct="1" ts="1561082724283" s="true" lb="HTTP Request" rc="200" rm="" tn="Thread Group 1-8" dt="text" by="122" sby="118" ng="1" na="1">
  <java.net.URL>http://localhost:7077/</java.net.URL>
</httpSample>
<httpSample t="3" it="0" lt="3" ct="1" ts="1561082724287" s="true" lb="HTTP Request" rc="200" rm="" tn="Thread Group 1-8" dt="text" by="122" sby="118" ng="1" na="1">
  <java.net.URL>http://localhost:7077/</java.net.URL>
</httpSample>
<httpSample t="3" it="0" lt="3" ct="1" ts="1561082724290" s="true" lb="HTTP Request" rc="200" rm="" tn="Thread Group 1-8" dt="text" by="122" sby="118" ng="1" na="1">
  <java.net.URL>http://localhost:7077/</java.net.URL>
</httpSample>
<httpSample t="4" it="0" lt="4" ct="1" ts="1561082724293" s="true" lb="HTTP Request" rc="200" rm="" tn="Thread Group 1-8" dt="text" by="122" sby="118" ng="1" na="1">
  <java.net.URL>http://localhost:7077/</java.net.URL>
</httpSample>
<httpSample t="2" it="0" lt="2" ct="0" ts="1561082724368" s="true" lb="HTTP Request" rc="200" rm="" tn="Thread Group 1-9" dt="text" by="122" sby="118" ng="1" na="1">
  <java.net.URL>http://localhost:7077/</java.net.URL>
</httpSample>
<httpSample t="2" it="0" lt="2" ct="1" ts="1561082724370" s="true" lb="HTTP Request" rc="200" rm="" tn="Thread Group 1-9" dt="text" by="122" sby="118" ng="1" na="1">
  <java.net.URL>http://localhost:7077/</java.net.URL>
</httpSample>
<httpSample t="2" it="0" lt="2" ct="1" ts="1561082724372" s="true" lb="HTTP Request" rc="200" rm="" tn="Thread Group 1-9" dt="text" by="122" sby="118" ng="1" na="1">
  <java.net.URL>http://localhost:7077/</java.net.URL>
</httpSample>
<httpSample t="2" it="0" lt="2" ct="1" ts="1561082724374" s="true" lb="HTTP Request" rc="200" rm="" tn="Thread Group 1-9" dt="text" by="122" sby="118" ng="1" na="1">
  <java.net.URL>http://localhost:7077/</java.net.URL>
</httpSample>
<httpSample t="2" it="0" lt="2" ct="1" ts="1561082724376" s="true" lb="HTTP Request" rc="200" rm="" tn="Thread Group 1-9" dt="text" by="122" sby="118" ng="1" na="1">
  <java.net.URL>http://localhost:7077/</java.net.URL>
</httpSample>
<httpSample t="2" it="0" lt="2" ct="0" ts="1561082724379" s="true" lb="HTTP Request" rc="200" rm="" tn="Thread Group 1-9" dt="text" by="122" sby="118" ng="1" na="1">
  <java.net.URL>http://localhost:7077/</java.net.URL>
</httpSample>
<httpSample t="4" it="0" lt="4" ct="1" ts="1561082724382" s="true" lb="HTTP Request" rc="200" rm="" tn="Thread Group 1-9" dt="text" by="122" sby="118" ng="1" na="1">
  <java.net.URL>http://localhost:7077/</java.net.URL>
</httpSample>
<httpSample t="2" it="0" lt="2" ct="1" ts="1561082724386" s="true" lb="HTTP Request" rc="200" rm="" tn="Thread Group 1-9" dt="text" by="122" sby="118" ng="1" na="1">
  <java.net.URL>http://localhost:7077/</java.net.URL>
</httpSample>
<httpSample t="2" it="0" lt="2" ct="1" ts="1561082724388" s="true" lb="HTTP Request" rc="200" rm="" tn="Thread Group 1-9" dt="text" by="122" sby="118" ng="1" na="1">
  <java.net.URL>http://localhost:7077/</java.net.URL>
</httpSample>
<httpSample t="6" it="0" lt="6" ct="1" ts="1561082724390" s="true" lb="HTTP Request" rc="200" rm="" tn="Thread Group 1-9" dt="text" by="122" sby="118" ng="1" na="1">
  <java.net.URL>http://localhost:7077/</java.net.URL>
</httpSample>
<httpSample t="2" it="0" lt="2" ct="0" ts="1561082724468" s="true" lb="HTTP Request" rc="200" rm="" tn="Thread Group 1-10" dt="text" by="122" sby="118" ng="1" na="1">
  <java.net.URL>http://localhost:7077/</java.net.URL>
</httpSample>
<httpSample t="1" it="0" lt="1" ct="0" ts="1561082724471" s="true" lb="HTTP Request" rc="200" rm="" tn="Thread Group 1-10" dt="text" by="122" sby="118" ng="1" na="1">
  <java.net.URL>http://localhost:7077/</java.net.URL>
</httpSample>
<httpSample t="2" it="0" lt="2" ct="0" ts="1561082724473" s="true" lb="HTTP Request" rc="200" rm="" tn="Thread Group 1-10" dt="text" by="122" sby="118" ng="1" na="1">
  <java.net.URL>http://localhost:7077/</java.net.URL>
</httpSample>
<httpSample t="2" it="0" lt="2" ct="1" ts="1561082724475" s="true" lb="HTTP Request" rc="200" rm="" tn="Thread Group 1-10" dt="text" by="122" sby="118" ng="1" na="1">
  <java.net.URL>http://localhost:7077/</java.net.URL>
</httpSample>
<httpSample t="4" it="0" lt="4" ct="1" ts="1561082724477" s="true" lb="HTTP Request" rc="200" rm="" tn="Thread Group 1-10" dt="text" by="122" sby="118" ng="1" na="1">
  <java.net.URL>http://localhost:7077/</java.net.URL>
</httpSample>
<httpSample t="4" it="0" lt="4" ct="0" ts="1561082724482" s="true" lb="HTTP Request" rc="200" rm="" tn="Thread Group 1-10" dt="text" by="122" sby="118" ng="1" na="1">
  <java.net.URL>http://localhost:7077/</java.net.URL>
</httpSample>
<httpSample t="2" it="0" lt="2" ct="1" ts="1561082724486" s="true" lb="HTTP Request" rc="200" rm="" tn="Thread Group 1-10" dt="text" by="122" sby="118" ng="1" na="1">
  <java.net.URL>http://localhost:7077/</java.net.URL>
</httpSample>
<httpSample t="3" it="0" lt="3" ct="1" ts="1561082724488" s="true" lb="HTTP Request" rc="200" rm="" tn="Thread Group 1-10" dt="text" by="122" sby="118" ng="1" na="1">
  <java.net.URL>http://localhost:7077/</java.net.URL>
</httpSample>
<httpSample t="3" it="0" lt="3" ct="0" ts="1561082724492" s="true" lb="HTTP Request" rc="200" rm="" tn="Thread Group 1-10" dt="text" by="122" sby="118" ng="1" na="1">
  <java.net.URL>http://localhost:7077/</java.net.URL>
</httpSample>
<httpSample t="1" it="0" lt="1" ct="0" ts="1561082724496" s="true" lb="HTTP Request" rc="200" rm="" tn="Thread Group 1-10" dt="text" by="122" sby="118" ng="1" na="1">
  <java.net.URL>http://localhost:7077/</java.net.URL>
</httpSample>
<httpSample t="2" it="0" lt="1" ct="0" ts="1561082724568" s="true" lb="HTTP Request" rc="200" rm="" tn="Thread Group 1-11" dt="text" by="122" sby="118" ng="1" na="1">
  <java.net.URL>http://localhost:7077/</java.net.URL>
</httpSample>
<httpSample t="3" it="0" lt="3" ct="1" ts="1561082724570" s="true" lb="HTTP Request" rc="200" rm="" tn="Thread Group 1-11" dt="text" by="122" sby="118" ng="1" na="1">
  <java.net.URL>http://localhost:7077/</java.net.URL>
</httpSample>
<httpSample t="4" it="0" lt="4" ct="0" ts="1561082724574" s="true" lb="HTTP Request" rc="200" rm="" tn="Thread Group 1-11" dt="text" by="122" sby="118" ng="1" na="1">
  <java.net.URL>http://localhost:7077/</java.net.URL>
</httpSample>
<httpSample t="3" it="0" lt="3" ct="0" ts="1561082724579" s="true" lb="HTTP Request" rc="200" rm="" tn="Thread Group 1-11" dt="text" by="122" sby="118" ng="1" na="1">
  <java.net.URL>http://localhost:7077/</java.net.URL>
</httpSample>
<httpSample t="4" it="0" lt="4" ct="1" ts="1561082724583" s="true" lb="HTTP Request" rc="200" rm="" tn="Thread Group 1-11" dt="text" by="122" sby="118" ng="1" na="1">
  <java.net.URL>http://localhost:7077/</java.net.URL>
</httpSample>
<httpSample t="2" it="0" lt="2" ct="0" ts="1561082724588" s="true" lb="HTTP Request" rc="200" rm="" tn="Thread Group 1-11" dt="text" by="122" sby="118" ng="1" na="1">
  <java.net.URL>http://localhost:7077/</java.net.URL>
</httpSample>
<httpSample t="2" it="0" lt="2" ct="1" ts="1561082724591" s="true" lb="HTTP Request" rc="200" rm="" tn="Thread Group 1-11" dt="text" by="122" sby="118" ng="1" na="1">
  <java.net.URL>http://localhost:7077/</java.net.URL>
</httpSample>
<httpSample t="3" it="0" lt="3" ct="1" ts="1561082724594" s="true" lb="HTTP Request" rc="200" rm="" tn="Thread Group 1-11" dt="text" by="122" sby="118" ng="1" na="1">
  <java.net.URL>http://localhost:7077/</java.net.URL>
</httpSample>
<httpSample t="2" it="0" lt="2" ct="1" ts="1561082724598" s="true" lb="HTTP Request" rc="200" rm="" tn="Thread Group 1-11" dt="text" by="122" sby="118" ng="1" na="1">
  <java.net.URL>http://localhost:7077/</java.net.URL>
</httpSample>
<httpSample t="4" it="0" lt="4" ct="1" ts="1561082724600" s="true" lb="HTTP Request" rc="200" rm="" tn="Thread Group 1-11" dt="text" by="122" sby="118" ng="1" na="1">
  <java.net.URL>http://localhost:7077/</java.net.URL>
</httpSample>
<httpSample t="2" it="0" lt="2" ct="0" ts="1561082724667" s="true" lb="HTTP Request" rc="200" rm="" tn="Thread Group 1-12" dt="text" by="122" sby="118" ng="1" na="1">
  <java.net.URL>http://localhost:7077/</java.net.URL>
</httpSample>
<httpSample t="1" it="0" lt="1" ct="0" ts="1561082724670" s="true" lb="HTTP Request" rc="200" rm="" tn="Thread Group 1-12" dt="text" by="122" sby="118" ng="1" na="1">
  <java.net.URL>http://localhost:7077/</java.net.URL>
</httpSample>
<httpSample t="2" it="0" lt="2" ct="1" ts="1561082724671" s="true" lb="HTTP Request" rc="200" rm="" tn="Thread Group 1-12" dt="text" by="122" sby="118" ng="1" na="1">
  <java.net.URL>http://localhost:7077/</java.net.URL>
</httpSample>
<httpSample t="2" it="0" lt="2" ct="1" ts="1561082724673" s="true" lb="HTTP Request" rc="200" rm="" tn="Thread Group 1-12" dt="text" by="122" sby="118" ng="1" na="1">
  <java.net.URL>http://localhost:7077/</java.net.URL>
</httpSample>
<httpSample t="4" it="0" lt="4" ct="1" ts="1561082724675" s="true" lb="HTTP Request" rc="200" rm="" tn="Thread Group 1-12" dt="text" by="122" sby="118" ng="1" na="1">
  <java.net.URL>http://localhost:7077/</java.net.URL>
</httpSample>
<httpSample t="3" it="0" lt="3" ct="1" ts="1561082724680" s="true" lb="HTTP Request" rc="200" rm="" tn="Thread Group 1-12" dt="text" by="122" sby="118" ng="1" na="1">
  <java.net.URL>http://localhost:7077/</java.net.URL>
</httpSample>
<httpSample t="1" it="0" lt="1" ct="0" ts="1561082724684" s="true" lb="HTTP Request" rc="200" rm="" tn="Thread Group 1-12" dt="text" by="122" sby="118" ng="1" na="1">
  <java.net.URL>http://localhost:7077/</java.net.URL>
</httpSample>
<httpSample t="1" it="0" lt="1" ct="0" ts="1561082724686" s="true" lb="HTTP Request" rc="200" rm="" tn="Thread Group 1-12" dt="text" by="122" sby="118" ng="1" na="1">
  <java.net.URL>http://localhost:7077/</java.net.URL>
</httpSample>
<httpSample t="3" it="0" lt="3" ct="1" ts="1561082724687" s="true" lb="HTTP Request" rc="200" rm="" tn="Thread Group 1-12" dt="text" by="122" sby="118" ng="1" na="1">
  <java.net.URL>http://localhost:7077/</java.net.URL>
</httpSample>
<httpSample t="3" it="0" lt="3" ct="0" ts="1561082724691" s="true" lb="HTTP Request" rc="200" rm="" tn="Thread Group 1-12" dt="text" by="122" sby="118" ng="1" na="1">
  <java.net.URL>http://localhost:7077/</java.net.URL>
</httpSample>
<httpSample t="2" it="0" lt="2" ct="0" ts="1561082724768" s="true" lb="HTTP Request" rc="200" rm="" tn="Thread Group 1-13" dt="text" by="122" sby="118" ng="1" na="1">
  <java.net.URL>http://localhost:7077/</java.net.URL>
</httpSample>
<httpSample t="1" it="0" lt="1" ct="0" ts="1561082724771" s="true" lb="HTTP Request" rc="200" rm="" tn="Thread Group 1-13" dt="text" by="122" sby="118" ng="1" na="1">
  <java.net.URL>http://localhost:7077/</java.net.URL>
</httpSample>
<httpSample t="2" it="0" lt="2" ct="0" ts="1561082724773" s="true" lb="HTTP Request" rc="200" rm="" tn="Thread Group 1-13" dt="text" by="122" sby="118" ng="1" na="1">
  <java.net.URL>http://localhost:7077/</java.net.URL>
</httpSample>
<httpSample t="2" it="0" lt="2" ct="0" ts="1561082724775" s="true" lb="HTTP Request" rc="200" rm="" tn="Thread Group 1-13" dt="text" by="122" sby="118" ng="1" na="1">
  <java.net.URL>http://localhost:7077/</java.net.URL>
</httpSample>
<httpSample t="4" it="0" lt="4" ct="1" ts="1561082724777" s="true" lb="HTTP Request" rc="200" rm="" tn="Thread Group 1-13" dt="text" by="122" sby="118" ng="1" na="1">
  <java.net.URL>http://localhost:7077/</java.net.URL>
</httpSample>
<httpSample t="4" it="0" lt="4" ct="1" ts="1561082724781" s="true" lb="HTTP Request" rc="200" rm="" tn="Thread Group 1-13" dt="text" by="122" sby="118" ng="1" na="1">
  <java.net.URL>http://localhost:7077/</java.net.URL>
</httpSample>
<httpSample t="2" it="0" lt="2" ct="1" ts="1561082724786" s="true" lb="HTTP Request" rc="200" rm="" tn="Thread Group 1-13" dt="text" by="122" sby="118" ng="1" na="1">
  <java.net.URL>http://localhost:7077/</java.net.URL>
</httpSample>
<httpSample t="2" it="0" lt="2" ct="1" ts="1561082724789" s="true" lb="HTTP Request" rc="200" rm="" tn="Thread Group 1-13" dt="text" by="122" sby="118" ng="1" na="1">
  <java.net.URL>http://localhost:7077/</java.net.URL>
</httpSample>
<httpSample t="2" it="0" lt="2" ct="1" ts="1561082724792" s="true" lb="HTTP Request" rc="200" rm="" tn="Thread Group 1-13" dt="text" by="122" sby="118" ng="1" na="1">
  <java.net.URL>http://localhost:7077/</java.net.URL>
</httpSample>
<httpSample t="2" it="0" lt="2" ct="1" ts="1561082724794" s="true" lb="HTTP Request" rc="200" rm="" tn="Thread Group 1-13" dt="text" by="122" sby="118" ng="1" na="1">
  <java.net.URL>http://localhost:7077/</java.net.URL>
</httpSample>
<httpSample t="3" it="0" lt="2" ct="1" ts="1561082724867" s="true" lb="HTTP Request" rc="200" rm="" tn="Thread Group 1-14" dt="text" by="122" sby="118" ng="1" na="1">
  <java.net.URL>http://localhost:7077/</java.net.URL>
</httpSample>
<httpSample t="2" it="0" lt="2" ct="0" ts="1561082724870" s="true" lb="HTTP Request" rc="200" rm="" tn="Thread Group 1-14" dt="text" by="122" sby="118" ng="1" na="1">
  <java.net.URL>http://localhost:7077/</java.net.URL>
</httpSample>
<httpSample t="1" it="0" lt="1" ct="0" ts="1561082724872" s="true" lb="HTTP Request" rc="200" rm="" tn="Thread Group 1-14" dt="text" by="122" sby="118" ng="1" na="1">
  <java.net.URL>http://localhost:7077/</java.net.URL>
</httpSample>
<httpSample t="1" it="0" lt="1" ct="0" ts="1561082724874" s="true" lb="HTTP Request" rc="200" rm="" tn="Thread Group 1-14" dt="text" by="122" sby="118" ng="1" na="1">
  <java.net.URL>http://localhost:7077/</java.net.URL>
</httpSample>
<httpSample t="2" it="0" lt="2" ct="1" ts="1561082724875" s="true" lb="HTTP Request" rc="200" rm="" tn="Thread Group 1-14" dt="text" by="122" sby="118" ng="1" na="1">
  <java.net.URL>http://localhost:7077/</java.net.URL>
</httpSample>
<httpSample t="3" it="0" lt="3" ct="1" ts="1561082724877" s="true" lb="HTTP Request" rc="200" rm="" tn="Thread Group 1-14" dt="text" by="122" sby="118" ng="1" na="1">
  <java.net.URL>http://localhost:7077/</java.net.URL>
</httpSample>
<httpSample t="3" it="0" lt="3" ct="1" ts="1561082724880" s="true" lb="HTTP Request" rc="200" rm="" tn="Thread Group 1-14" dt="text" by="122" sby="118" ng="1" na="1">
  <java.net.URL>http://localhost:7077/</java.net.URL>
</httpSample>
<httpSample t="1" it="0" lt="1" ct="0" ts="1561082724884" s="true" lb="HTTP Request" rc="200" rm="" tn="Thread Group 1-14" dt="text" by="122" sby="118" ng="1" na="1">
  <java.net.URL>http://localhost:7077/</java.net.URL>
</httpSample>
<httpSample t="1" it="0" lt="1" ct="0" ts="1561082724886" s="true" lb="HTTP Request" rc="200" rm="" tn="Thread Group 1-14" dt="text" by="122" sby="118" ng="1" na="1">
  <java.net.URL>http://localhost:7077/</java.net.URL>
</httpSample>
<httpSample t="3" it="0" lt="3" ct="0" ts="1561082724888" s="true" lb="HTTP Request" rc="200" rm="" tn="Thread Group 1-14" dt="text" by="122" sby="118" ng="1" na="1">
  <java.net.URL>http://localhost:7077/</java.net.URL>
</httpSample>
<httpSample t="2" it="0" lt="2" ct="1" ts="1561082724967" s="true" lb="HTTP Request" rc="200" rm="" tn="Thread Group 1-15" dt="text" by="122" sby="118" ng="1" na="1">
  <java.net.URL>http://localhost:7077/</java.net.URL>
</httpSample>
<httpSample t="2" it="0" lt="2" ct="0" ts="1561082724970" s="true" lb="HTTP Request" rc="200" rm="" tn="Thread Group 1-15" dt="text" by="122" sby="118" ng="1" na="1">
  <java.net.URL>http://localhost:7077/</java.net.URL>
</httpSample>
<httpSample t="2" it="0" lt="2" ct="1" ts="1561082724972" s="true" lb="HTTP Request" rc="200" rm="" tn="Thread Group 1-15" dt="text" by="122" sby="118" ng="1" na="1">
  <java.net.URL>http://localhost:7077/</java.net.URL>
</httpSample>
<httpSample t="2" it="0" lt="2" ct="1" ts="1561082724974" s="true" lb="HTTP Request" rc="200" rm="" tn="Thread Group 1-15" dt="text" by="122" sby="118" ng="1" na="1">
  <java.net.URL>http://localhost:7077/</java.net.URL>
</httpSample>
<httpSample t="2" it="0" lt="2" ct="0" ts="1561082724977" s="true" lb="HTTP Request" rc="200" rm="" tn="Thread Group 1-15" dt="text" by="122" sby="118" ng="1" na="1">
  <java.net.URL>http://localhost:7077/</java.net.URL>
</httpSample>
<httpSample t="3" it="0" lt="3" ct="1" ts="1561082724980" s="true" lb="HTTP Request" rc="200" rm="" tn="Thread Group 1-15" dt="text" by="122" sby="118" ng="1" na="1">
  <java.net.URL>http://localhost:7077/</java.net.URL>
</httpSample>
<httpSample t="1" it="0" lt="1" ct="0" ts="1561082724984" s="true" lb="HTTP Request" rc="200" rm="" tn="Thread Group 1-15" dt="text" by="122" sby="118" ng="1" na="1">
  <java.net.URL>http://localhost:7077/</java.net.URL>
</httpSample>
<httpSample t="2" it="0" lt="2" ct="1" ts="1561082724985" s="true" lb="HTTP Request" rc="200" rm="" tn="Thread Group 1-15" dt="text" by="122" sby="118" ng="1" na="1">
  <java.net.URL>http://localhost:7077/</java.net.URL>
</httpSample>
<httpSample t="3" it="0" lt="3" ct="1" ts="1561082724987" s="true" lb="HTTP Request" rc="200" rm="" tn="Thread Group 1-15" dt="text" by="122" sby="118" ng="1" na="1">
  <java.net.URL>http://localhost:7077/</java.net.URL>
</httpSample>
<httpSample t="4" it="0" lt="4" ct="1" ts="1561082724990" s="true" lb="HTTP Request" rc="200" rm="" tn="Thread Group 1-15" dt="text" by="122" sby="118" ng="1" na="1">
  <java.net.URL>http://localhost:7077/</java.net.URL>
</httpSample>
<httpSample t="3" it="0" lt="3" ct="1" ts="1561082725067" s="true" lb="HTTP Request" rc="200" rm="" tn="Thread Group 1-16" dt="text" by="122" sby="118" ng="1" na="1">
  <java.net.URL>http://localhost:7077/</java.net.URL>
</httpSample>
<httpSample t="2" it="0" lt="2" ct="1" ts="1561082725070" s="true" lb="HTTP Request" rc="200" rm="" tn="Thread Group 1-16" dt="text" by="122" sby="118" ng="1" na="1">
  <java.net.URL>http://localhost:7077/</java.net.URL>
</httpSample>
<httpSample t="2" it="0" lt="2" ct="1" ts="1561082725072" s="true" lb="HTTP Request" rc="200" rm="" tn="Thread Group 1-16" dt="text" by="122" sby="118" ng="1" na="1">
  <java.net.URL>http://localhost:7077/</java.net.URL>
</httpSample>
<httpSample t="2" it="0" lt="2" ct="1" ts="1561082725074" s="true" lb="HTTP Request" rc="200" rm="" tn="Thread Group 1-16" dt="text" by="122" sby="118" ng="1" na="1">
  <java.net.URL>http://localhost:7077/</java.net.URL>
</httpSample>
<httpSample t="2" it="0" lt="2" ct="1" ts="1561082725076" s="true" lb="HTTP Request" rc="200" rm="" tn="Thread Group 1-16" dt="text" by="122" sby="118" ng="1" na="1">
  <java.net.URL>http://localhost:7077/</java.net.URL>
</httpSample>
<httpSample t="2" it="0" lt="2" ct="1" ts="1561082725079" s="true" lb="HTTP Request" rc="200" rm="" tn="Thread Group 1-16" dt="text" by="122" sby="118" ng="1" na="1">
  <java.net.URL>http://localhost:7077/</java.net.URL>
</httpSample>
<httpSample t="3" it="0" lt="3" ct="0" ts="1561082725082" s="true" lb="HTTP Request" rc="200" rm="" tn="Thread Group 1-16" dt="text" by="122" sby="118" ng="1" na="1">
  <java.net.URL>http://localhost:7077/</java.net.URL>
</httpSample>
<httpSample t="2" it="0" lt="1" ct="0" ts="1561082725086" s="true" lb="HTTP Request" rc="200" rm="" tn="Thread Group 1-16" dt="text" by="122" sby="118" ng="1" na="1">
  <java.net.URL>http://localhost:7077/</java.net.URL>
</httpSample>
<httpSample t="4" it="0" lt="4" ct="0" ts="1561082725088" s="true" lb="HTTP Request" rc="200" rm="" tn="Thread Group 1-16" dt="text" by="122" sby="118" ng="1" na="1">
  <java.net.URL>http://localhost:7077/</java.net.URL>
</httpSample>
<httpSample t="4" it="0" lt="4" ct="1" ts="1561082725092" s="true" lb="HTTP Request" rc="200" rm="" tn="Thread Group 1-16" dt="text" by="122" sby="118" ng="1" na="1">
  <java.net.URL>http://localhost:7077/</java.net.URL>
</httpSample>
<httpSample t="2" it="0" lt="2" ct="0" ts="1561082725167" s="true" lb="HTTP Request" rc="200" rm="" tn="Thread Group 1-17" dt="text" by="122" sby="118" ng="1" na="1">
  <java.net.URL>http://localhost:7077/</java.net.URL>
</httpSample>
<httpSample t="1" it="0" lt="1" ct="0" ts="1561082725170" s="true" lb="HTTP Request" rc="200" rm="" tn="Thread Group 1-17" dt="text" by="122" sby="118" ng="1" na="1">
  <java.net.URL>http://localhost:7077/</java.net.URL>
</httpSample>
<httpSample t="2" it="0" lt="2" ct="0" ts="1561082725172" s="true" lb="HTTP Request" rc="200" rm="" tn="Thread Group 1-17" dt="text" by="122" sby="118" ng="1" na="1">
  <java.net.URL>http://localhost:7077/</java.net.URL>
</httpSample>
<httpSample t="2" it="0" lt="2" ct="1" ts="1561082725174" s="true" lb="HTTP Request" rc="200" rm="" tn="Thread Group 1-17" dt="text" by="122" sby="118" ng="1" na="1">
  <java.net.URL>http://localhost:7077/</java.net.URL>
</httpSample>
<httpSample t="1" it="0" lt="1" ct="1" ts="1561082725176" s="true" lb="HTTP Request" rc="200" rm="" tn="Thread Group 1-17" dt="text" by="122" sby="118" ng="1" na="1">
  <java.net.URL>http://localhost:7077/</java.net.URL>
</httpSample>
<httpSample t="2" it="0" lt="2" ct="0" ts="1561082725178" s="true" lb="HTTP Request" rc="200" rm="" tn="Thread Group 1-17" dt="text" by="122" sby="118" ng="1" na="1">
  <java.net.URL>http://localhost:7077/</java.net.URL>
</httpSample>
<httpSample t="2" it="0" lt="2" ct="0" ts="1561082725181" s="true" lb="HTTP Request" rc="200" rm="" tn="Thread Group 1-17" dt="text" by="122" sby="118" ng="1" na="1">
  <java.net.URL>http://localhost:7077/</java.net.URL>
</httpSample>
<httpSample t="1" it="0" lt="1" ct="0" ts="1561082725184" s="true" lb="HTTP Request" rc="200" rm="" tn="Thread Group 1-17" dt="text" by="122" sby="118" ng="1" na="1">
  <java.net.URL>http://localhost:7077/</java.net.URL>
</httpSample>
<httpSample t="1" it="0" lt="1" ct="0" ts="1561082725186" s="true" lb="HTTP Request" rc="200" rm="" tn="Thread Group 1-17" dt="text" by="122" sby="118" ng="1" na="1">
  <java.net.URL>http://localhost:7077/</java.net.URL>
</httpSample>
<httpSample t="2" it="0" lt="2" ct="1" ts="1561082725187" s="true" lb="HTTP Request" rc="200" rm="" tn="Thread Group 1-17" dt="text" by="122" sby="118" ng="1" na="1">
  <java.net.URL>http://localhost:7077/</java.net.URL>
</httpSample>
<httpSample t="3" it="0" lt="2" ct="1" ts="1561082725266" s="true" lb="HTTP Request" rc="200" rm="" tn="Thread Group 1-18" dt="text" by="122" sby="118" ng="1" na="1">
  <java.net.URL>http://localhost:7077/</java.net.URL>
</httpSample>
<httpSample t="2" it="0" lt="2" ct="1" ts="1561082725269" s="true" lb="HTTP Request" rc="200" rm="" tn="Thread Group 1-18" dt="text" by="122" sby="118" ng="1" na="1">
  <java.net.URL>http://localhost:7077/</java.net.URL>
</httpSample>
<httpSample t="1" it="0" lt="1" ct="0" ts="1561082725272" s="true" lb="HTTP Request" rc="200" rm="" tn="Thread Group 1-18" dt="text" by="122" sby="118" ng="1" na="1">
  <java.net.URL>http://localhost:7077/</java.net.URL>
</httpSample>
<httpSample t="2" it="0" lt="2" ct="0" ts="1561082725274" s="true" lb="HTTP Request" rc="200" rm="" tn="Thread Group 1-18" dt="text" by="122" sby="118" ng="1" na="1">
  <java.net.URL>http://localhost:7077/</java.net.URL>
</httpSample>
<httpSample t="3" it="0" lt="3" ct="0" ts="1561082725276" s="true" lb="HTTP Request" rc="200" rm="" tn="Thread Group 1-18" dt="text" by="122" sby="118" ng="1" na="1">
  <java.net.URL>http://localhost:7077/</java.net.URL>
</httpSample>
<httpSample t="3" it="0" lt="3" ct="1" ts="1561082725279" s="true" lb="HTTP Request" rc="200" rm="" tn="Thread Group 1-18" dt="text" by="122" sby="118" ng="1" na="1">
  <java.net.URL>http://localhost:7077/</java.net.URL>
</httpSample>
<httpSample t="1" it="0" lt="1" ct="0" ts="1561082725283" s="true" lb="HTTP Request" rc="200" rm="" tn="Thread Group 1-18" dt="text" by="122" sby="118" ng="1" na="1">
  <java.net.URL>http://localhost:7077/</java.net.URL>
</httpSample>
<httpSample t="1" it="0" lt="1" ct="0" ts="1561082725285" s="true" lb="HTTP Request" rc="200" rm="" tn="Thread Group 1-18" dt="text" by="122" sby="118" ng="1" na="1">
  <java.net.URL>http://localhost:7077/</java.net.URL>
</httpSample>
<httpSample t="2" it="0" lt="2" ct="0" ts="1561082725287" s="true" lb="HTTP Request" rc="200" rm="" tn="Thread Group 1-18" dt="text" by="122" sby="118" ng="1" na="1">
  <java.net.URL>http://localhost:7077/</java.net.URL>
</httpSample>
<httpSample t="2" it="0" lt="2" ct="0" ts="1561082725290" s="true" lb="HTTP Request" rc="200" rm="" tn="Thread Group 1-18" dt="text" by="122" sby="118" ng="1" na="1">
  <java.net.URL>http://localhost:7077/</java.net.URL>
</httpSample>
<httpSample t="2" it="0" lt="2" ct="0" ts="1561082725366" s="true" lb="HTTP Request" rc="200" rm="" tn="Thread Group 1-19" dt="text" by="122" sby="118" ng="1" na="1">
  <java.net.URL>http://localhost:7077/</java.net.URL>
</httpSample>
<httpSample t="1" it="0" lt="1" ct="0" ts="1561082725369" s="true" lb="HTTP Request" rc="200" rm="" tn="Thread Group 1-19" dt="text" by="122" sby="118" ng="1" na="1">
  <java.net.URL>http://localhost:7077/</java.net.URL>
</httpSample>
<httpSample t="1" it="0" lt="1" ct="0" ts="1561082725371" s="true" lb="HTTP Request" rc="200" rm="" tn="Thread Group 1-19" dt="text" by="122" sby="118" ng="1" na="1">
  <java.net.URL>http://localhost:7077/</java.net.URL>
</httpSample>
<httpSample t="1" it="0" lt="1" ct="0" ts="1561082725373" s="true" lb="HTTP Request" rc="200" rm="" tn="Thread Group 1-19" dt="text" by="122" sby="118" ng="1" na="1">
  <java.net.URL>http://localhost:7077/</java.net.URL>
</httpSample>
<httpSample t="1" it="0" lt="1" ct="0" ts="1561082725375" s="true" lb="HTTP Request" rc="200" rm="" tn="Thread Group 1-19" dt="text" by="122" sby="118" ng="1" na="1">
  <java.net.URL>http://localhost:7077/</java.net.URL>
</httpSample>
<httpSample t="5" it="0" lt="5" ct="0" ts="1561082725377" s="true" lb="HTTP Request" rc="200" rm="" tn="Thread Group 1-19" dt="text" by="122" sby="118" ng="1" na="1">
  <java.net.URL>http://localhost:7077/</java.net.URL>
</httpSample>
<httpSample t="2" it="0" lt="2" ct="0" ts="1561082725382" s="true" lb="HTTP Request" rc="200" rm="" tn="Thread Group 1-19" dt="text" by="122" sby="118" ng="1" na="1">
  <java.net.URL>http://localhost:7077/</java.net.URL>
</httpSample>
<httpSample t="2" it="0" lt="1" ct="0" ts="1561082725384" s="true" lb="HTTP Request" rc="200" rm="" tn="Thread Group 1-19" dt="text" by="122" sby="118" ng="1" na="1">
  <java.net.URL>http://localhost:7077/</java.net.URL>
</httpSample>
<httpSample t="3" it="0" lt="3" ct="0" ts="1561082725386" s="true" lb="HTTP Request" rc="200" rm="" tn="Thread Group 1-19" dt="text" by="122" sby="118" ng="1" na="1">
  <java.net.URL>http://localhost:7077/</java.net.URL>
</httpSample>
<httpSample t="2" it="0" lt="2" ct="0" ts="1561082725390" s="true" lb="HTTP Request" rc="200" rm="" tn="Thread Group 1-19" dt="text" by="122" sby="118" ng="1" na="1">
  <java.net.URL>http://localhost:7077/</java.net.URL>
</httpSample>
<httpSample t="3" it="0" lt="3" ct="1" ts="1561082725467" s="true" lb="HTTP Request" rc="200" rm="" tn="Thread Group 1-20" dt="text" by="122" sby="118" ng="1" na="1">
  <java.net.URL>http://localhost:7077/</java.net.URL>
</httpSample>
<httpSample t="2" it="0" lt="2" ct="1" ts="1561082725470" s="true" lb="HTTP Request" rc="200" rm="" tn="Thread Group 1-20" dt="text" by="122" sby="118" ng="1" na="1">
  <java.net.URL>http://localhost:7077/</java.net.URL>
</httpSample>
<httpSample t="2" it="0" lt="2" ct="1" ts="1561082725472" s="true" lb="HTTP Request" rc="200" rm="" tn="Thread Group 1-20" dt="text" by="122" sby="118" ng="1" na="1">
  <java.net.URL>http://localhost:7077/</java.net.URL>
</httpSample>
<httpSample t="2" it="0" lt="2" ct="1" ts="1561082725474" s="true" lb="HTTP Request" rc="200" rm="" tn="Thread Group 1-20" dt="text" by="122" sby="118" ng="1" na="1">
  <java.net.URL>http://localhost:7077/</java.net.URL>
</httpSample>
<httpSample t="4" it="0" lt="4" ct="1" ts="1561082725476" s="true" lb="HTTP Request" rc="200" rm="" tn="Thread Group 1-20" dt="text" by="122" sby="118" ng="1" na="1">
  <java.net.URL>http://localhost:7077/</java.net.URL>
</httpSample>
<httpSample t="3" it="0" lt="3" ct="1" ts="1561082725480" s="true" lb="HTTP Request" rc="200" rm="" tn="Thread Group 1-20" dt="text" by="122" sby="118" ng="1" na="1">
  <java.net.URL>http://localhost:7077/</java.net.URL>
</httpSample>
<httpSample t="2" it="0" lt="2" ct="1" ts="1561082725483" s="true" lb="HTTP Request" rc="200" rm="" tn="Thread Group 1-20" dt="text" by="122" sby="118" ng="1" na="1">
  <java.net.URL>http://localhost:7077/</java.net.URL>
</httpSample>
<httpSample t="1" it="0" lt="1" ct="0" ts="1561082725485" s="true" lb="HTTP Request" rc="200" rm="" tn="Thread Group 1-20" dt="text" by="122" sby="118" ng="1" na="1">
  <java.net.URL>http://localhost:7077/</java.net.URL>
</httpSample>
<httpSample t="3" it="0" lt="3" ct="0" ts="1561082725487" s="true" lb="HTTP Request" rc="200" rm="" tn="Thread Group 1-20" dt="text" by="122" sby="118" ng="1" na="1">
  <java.net.URL>http://localhost:7077/</java.net.URL>
</httpSample>
<httpSample t="3" it="0" lt="3" ct="1" ts="1561082725490" s="true" lb="HTTP Request" rc="200" rm="" tn="Thread Group 1-20" dt="text" by="122" sby="118" ng="1" na="1">
  <java.net.URL>http://localhost:7077/</java.net.URL>
</httpSample>
<httpSample t="3" it="0" lt="3" ct="1" ts="1561082725567" s="true" lb="HTTP Request" rc="200" rm="" tn="Thread Group 1-21" dt="text" by="122" sby="118" ng="1" na="1">
  <java.net.URL>http://localhost:7077/</java.net.URL>
</httpSample>
<httpSample t="2" it="0" lt="2" ct="1" ts="1561082725570" s="true" lb="HTTP Request" rc="200" rm="" tn="Thread Group 1-21" dt="text" by="122" sby="118" ng="1" na="1">
  <java.net.URL>http://localhost:7077/</java.net.URL>
</httpSample>
<httpSample t="1" it="0" lt="1" ct="0" ts="1561082725572" s="true" lb="HTTP Request" rc="200" rm="" tn="Thread Group 1-21" dt="text" by="122" sby="118" ng="1" na="1">
  <java.net.URL>http://localhost:7077/</java.net.URL>
</httpSample>
<httpSample t="2" it="0" lt="2" ct="1" ts="1561082725573" s="true" lb="HTTP Request" rc="200" rm="" tn="Thread Group 1-21" dt="text" by="122" sby="118" ng="1" na="1">
  <java.net.URL>http://localhost:7077/</java.net.URL>
</httpSample>
<httpSample t="2" it="0" lt="2" ct="1" ts="1561082725575" s="true" lb="HTTP Request" rc="200" rm="" tn="Thread Group 1-21" dt="text" by="122" sby="118" ng="1" na="1">
  <java.net.URL>http://localhost:7077/</java.net.URL>
</httpSample>
<httpSample t="3" it="0" lt="3" ct="1" ts="1561082725577" s="true" lb="HTTP Request" rc="200" rm="" tn="Thread Group 1-21" dt="text" by="122" sby="118" ng="1" na="1">
  <java.net.URL>http://localhost:7077/</java.net.URL>
</httpSample>
<httpSample t="3" it="0" lt="3" ct="1" ts="1561082725580" s="true" lb="HTTP Request" rc="200" rm="" tn="Thread Group 1-21" dt="text" by="122" sby="118" ng="1" na="1">
  <java.net.URL>http://localhost:7077/</java.net.URL>
</httpSample>
<httpSample t="1" it="0" lt="1" ct="0" ts="1561082725584" s="true" lb="HTTP Request" rc="200" rm="" tn="Thread Group 1-21" dt="text" by="122" sby="118" ng="1" na="1">
  <java.net.URL>http://localhost:7077/</java.net.URL>
</httpSample>
<httpSample t="1" it="0" lt="1" ct="0" ts="1561082725586" s="true" lb="HTTP Request" rc="200" rm="" tn="Thread Group 1-21" dt="text" by="122" sby="118" ng="1" na="1">
  <java.net.URL>http://localhost:7077/</java.net.URL>
</httpSample>
<httpSample t="3" it="0" lt="3" ct="0" ts="1561082725588" s="true" lb="HTTP Request" rc="200" rm="" tn="Thread Group 1-21" dt="text" by="122" sby="118" ng="1" na="1">
  <java.net.URL>http://localhost:7077/</java.net.URL>
</httpSample>
<httpSample t="3" it="0" lt="3" ct="1" ts="1561082725666" s="true" lb="HTTP Request" rc="200" rm="" tn="Thread Group 1-22" dt="text" by="122" sby="118" ng="1" na="1">
  <java.net.URL>http://localhost:7077/</java.net.URL>
</httpSample>
<httpSample t="2" it="0" lt="2" ct="1" ts="1561082725669" s="true" lb="HTTP Request" rc="200" rm="" tn="Thread Group 1-22" dt="text" by="122" sby="118" ng="1" na="1">
  <java.net.URL>http://localhost:7077/</java.net.URL>
</httpSample>
<httpSample t="1" it="0" lt="1" ct="0" ts="1561082725671" s="true" lb="HTTP Request" rc="200" rm="" tn="Thread Group 1-22" dt="text" by="122" sby="118" ng="1" na="1">
  <java.net.URL>http://localhost:7077/</java.net.URL>
</httpSample>
<httpSample t="1" it="0" lt="1" ct="0" ts="1561082725673" s="true" lb="HTTP Request" rc="200" rm="" tn="Thread Group 1-22" dt="text" by="122" sby="118" ng="1" na="1">
  <java.net.URL>http://localhost:7077/</java.net.URL>
</httpSample>
<httpSample t="1" it="0" lt="1" ct="0" ts="1561082725675" s="true" lb="HTTP Request" rc="200" rm="" tn="Thread Group 1-22" dt="text" by="122" sby="118" ng="1" na="1">
  <java.net.URL>http://localhost:7077/</java.net.URL>
</httpSample>
<httpSample t="2" it="0" lt="2" ct="0" ts="1561082725677" s="true" lb="HTTP Request" rc="200" rm="" tn="Thread Group 1-22" dt="text" by="122" sby="118" ng="1" na="1">
  <java.net.URL>http://localhost:7077/</java.net.URL>
</httpSample>
<httpSample t="3" it="0" lt="3" ct="1" ts="1561082725679" s="true" lb="HTTP Request" rc="200" rm="" tn="Thread Group 1-22" dt="text" by="122" sby="118" ng="1" na="1">
  <java.net.URL>http://localhost:7077/</java.net.URL>
</httpSample>
<httpSample t="2" it="0" lt="2" ct="1" ts="1561082725682" s="true" lb="HTTP Request" rc="200" rm="" tn="Thread Group 1-22" dt="text" by="122" sby="118" ng="1" na="1">
  <java.net.URL>http://localhost:7077/</java.net.URL>
</httpSample>
<httpSample t="2" it="0" lt="2" ct="1" ts="1561082725684" s="true" lb="HTTP Request" rc="200" rm="" tn="Thread Group 1-22" dt="text" by="122" sby="118" ng="1" na="1">
  <java.net.URL>http://localhost:7077/</java.net.URL>
</httpSample>
<httpSample t="1" it="0" lt="1" ct="1" ts="1561082725686" s="true" lb="HTTP Request" rc="200" rm="" tn="Thread Group 1-22" dt="text" by="122" sby="118" ng="1" na="1">
  <java.net.URL>http://localhost:7077/</java.net.URL>
</httpSample>
<httpSample t="3" it="0" lt="3" ct="1" ts="1561082725766" s="true" lb="HTTP Request" rc="200" rm="" tn="Thread Group 1-23" dt="text" by="122" sby="118" ng="1" na="1">
  <java.net.URL>http://localhost:7077/</java.net.URL>
</httpSample>
<httpSample t="2" it="0" lt="2" ct="1" ts="1561082725769" s="true" lb="HTTP Request" rc="200" rm="" tn="Thread Group 1-23" dt="text" by="122" sby="118" ng="1" na="1">
  <java.net.URL>http://localhost:7077/</java.net.URL>
</httpSample>
<httpSample t="2" it="0" lt="2" ct="1" ts="1561082725771" s="true" lb="HTTP Request" rc="200" rm="" tn="Thread Group 1-23" dt="text" by="122" sby="118" ng="1" na="1">
  <java.net.URL>http://localhost:7077/</java.net.URL>
</httpSample>
<httpSample t="2" it="0" lt="2" ct="1" ts="1561082725773" s="true" lb="HTTP Request" rc="200" rm="" tn="Thread Group 1-23" dt="text" by="122" sby="118" ng="1" na="1">
  <java.net.URL>http://localhost:7077/</java.net.URL>
</httpSample>
<httpSample t="3" it="0" lt="3" ct="0" ts="1561082725776" s="true" lb="HTTP Request" rc="200" rm="" tn="Thread Group 1-23" dt="text" by="122" sby="118" ng="1" na="1">
  <java.net.URL>http://localhost:7077/</java.net.URL>
</httpSample>
<httpSample t="2" it="0" lt="2" ct="0" ts="1561082725780" s="true" lb="HTTP Request" rc="200" rm="" tn="Thread Group 1-23" dt="text" by="122" sby="118" ng="1" na="1">
  <java.net.URL>http://localhost:7077/</java.net.URL>
</httpSample>
<httpSample t="1" it="0" lt="1" ct="0" ts="1561082725783" s="true" lb="HTTP Request" rc="200" rm="" tn="Thread Group 1-23" dt="text" by="122" sby="118" ng="1" na="1">
  <java.net.URL>http://localhost:7077/</java.net.URL>
</httpSample>
<httpSample t="2" it="0" lt="2" ct="0" ts="1561082725785" s="true" lb="HTTP Request" rc="200" rm="" tn="Thread Group 1-23" dt="text" by="122" sby="118" ng="1" na="1">
  <java.net.URL>http://localhost:7077/</java.net.URL>
</httpSample>
<httpSample t="2" it="0" lt="2" ct="1" ts="1561082725787" s="true" lb="HTTP Request" rc="200" rm="" tn="Thread Group 1-23" dt="text" by="122" sby="118" ng="1" na="1">
  <java.net.URL>http://localhost:7077/</java.net.URL>
</httpSample>
<httpSample t="3" it="0" lt="3" ct="0" ts="1561082725790" s="true" lb="HTTP Request" rc="200" rm="" tn="Thread Group 1-23" dt="text" by="122" sby="118" ng="1" na="1">
  <java.net.URL>http://localhost:7077/</java.net.URL>
</httpSample>
<httpSample t="2" it="0" lt="2" ct="0" ts="1561082725868" s="true" lb="HTTP Request" rc="200" rm="" tn="Thread Group 1-24" dt="text" by="122" sby="118" ng="1" na="1">
  <java.net.URL>http://localhost:7077/</java.net.URL>
</httpSample>
<httpSample t="1" it="0" lt="1" ct="0" ts="1561082725871" s="true" lb="HTTP Request" rc="200" rm="" tn="Thread Group 1-24" dt="text" by="122" sby="118" ng="1" na="1">
  <java.net.URL>http://localhost:7077/</java.net.URL>
</httpSample>
<httpSample t="1" it="0" lt="1" ct="0" ts="1561082725873" s="true" lb="HTTP Request" rc="200" rm="" tn="Thread Group 1-24" dt="text" by="122" sby="118" ng="1" na="1">
  <java.net.URL>http://localhost:7077/</java.net.URL>
</httpSample>
<httpSample t="1" it="0" lt="1" ct="0" ts="1561082725875" s="true" lb="HTTP Request" rc="200" rm="" tn="Thread Group 1-24" dt="text" by="122" sby="118" ng="1" na="1">
  <java.net.URL>http://localhost:7077/</java.net.URL>
</httpSample>
<httpSample t="1" it="0" lt="1" ct="0" ts="1561082725877" s="true" lb="HTTP Request" rc="200" rm="" tn="Thread Group 1-24" dt="text" by="122" sby="118" ng="1" na="1">
  <java.net.URL>http://localhost:7077/</java.net.URL>
</httpSample>
<httpSample t="3" it="0" lt="3" ct="0" ts="1561082725878" s="true" lb="HTTP Request" rc="200" rm="" tn="Thread Group 1-24" dt="text" by="122" sby="118" ng="1" na="1">
  <java.net.URL>http://localhost:7077/</java.net.URL>
</httpSample>
<httpSample t="4" it="0" lt="4" ct="1" ts="1561082725881" s="true" lb="HTTP Request" rc="200" rm="" tn="Thread Group 1-24" dt="text" by="122" sby="118" ng="1" na="1">
  <java.net.URL>http://localhost:7077/</java.net.URL>
</httpSample>
<httpSample t="2" it="0" lt="2" ct="1" ts="1561082725885" s="true" lb="HTTP Request" rc="200" rm="" tn="Thread Group 1-24" dt="text" by="122" sby="118" ng="1" na="1">
  <java.net.URL>http://localhost:7077/</java.net.URL>
</httpSample>
<httpSample t="1" it="0" lt="1" ct="0" ts="1561082725887" s="true" lb="HTTP Request" rc="200" rm="" tn="Thread Group 1-24" dt="text" by="122" sby="118" ng="1" na="1">
  <java.net.URL>http://localhost:7077/</java.net.URL>
</httpSample>
<httpSample t="2" it="0" lt="2" ct="0" ts="1561082725889" s="true" lb="HTTP Request" rc="200" rm="" tn="Thread Group 1-24" dt="text" by="122" sby="118" ng="1" na="1">
  <java.net.URL>http://localhost:7077/</java.net.URL>
</httpSample>
<httpSample t="2" it="0" lt="2" ct="0" ts="1561082725967" s="true" lb="HTTP Request" rc="200" rm="" tn="Thread Group 1-25" dt="text" by="122" sby="118" ng="1" na="1">
  <java.net.URL>http://localhost:7077/</java.net.URL>
</httpSample>
<httpSample t="2" it="0" lt="2" ct="1" ts="1561082725969" s="true" lb="HTTP Request" rc="200" rm="" tn="Thread Group 1-25" dt="text" by="122" sby="118" ng="1" na="1">
  <java.net.URL>http://localhost:7077/</java.net.URL>
</httpSample>
<httpSample t="2" it="0" lt="2" ct="1" ts="1561082725971" s="true" lb="HTTP Request" rc="200" rm="" tn="Thread Group 1-25" dt="text" by="122" sby="118" ng="1" na="1">
  <java.net.URL>http://localhost:7077/</java.net.URL>
</httpSample>
<httpSample t="2" it="0" lt="2" ct="1" ts="1561082725973" s="true" lb="HTTP Request" rc="200" rm="" tn="Thread Group 1-25" dt="text" by="122" sby="118" ng="1" na="1">
  <java.net.URL>http://localhost:7077/</java.net.URL>
</httpSample>
<httpSample t="2" it="0" lt="2" ct="1" ts="1561082725975" s="true" lb="HTTP Request" rc="200" rm="" tn="Thread Group 1-25" dt="text" by="122" sby="118" ng="1" na="1">
  <java.net.URL>http://localhost:7077/</java.net.URL>
</httpSample>
<httpSample t="3" it="0" lt="3" ct="1" ts="1561082725977" s="true" lb="HTTP Request" rc="200" rm="" tn="Thread Group 1-25" dt="text" by="122" sby="118" ng="1" na="1">
  <java.net.URL>http://localhost:7077/</java.net.URL>
</httpSample>
<httpSample t="3" it="0" lt="3" ct="1" ts="1561082725980" s="true" lb="HTTP Request" rc="200" rm="" tn="Thread Group 1-25" dt="text" by="122" sby="118" ng="1" na="1">
  <java.net.URL>http://localhost:7077/</java.net.URL>
</httpSample>
<httpSample t="2" it="0" lt="2" ct="1" ts="1561082725983" s="true" lb="HTTP Request" rc="200" rm="" tn="Thread Group 1-25" dt="text" by="122" sby="118" ng="1" na="1">
  <java.net.URL>http://localhost:7077/</java.net.URL>
</httpSample>
<httpSample t="2" it="0" lt="2" ct="1" ts="1561082725985" s="true" lb="HTTP Request" rc="200" rm="" tn="Thread Group 1-25" dt="text" by="122" sby="118" ng="1" na="1">
  <java.net.URL>http://localhost:7077/</java.net.URL>
</httpSample>
<httpSample t="3" it="0" lt="3" ct="1" ts="1561082725987" s="true" lb="HTTP Request" rc="200" rm="" tn="Thread Group 1-25" dt="text" by="122" sby="118" ng="1" na="1">
  <java.net.URL>http://localhost:7077/</java.net.URL>
</httpSample>
<httpSample t="2" it="0" lt="2" ct="1" ts="1561082726068" s="true" lb="HTTP Request" rc="200" rm="" tn="Thread Group 1-26" dt="text" by="122" sby="118" ng="1" na="1">
  <java.net.URL>http://localhost:7077/</java.net.URL>
</httpSample>
<httpSample t="2" it="0" lt="2" ct="1" ts="1561082726071" s="true" lb="HTTP Request" rc="200" rm="" tn="Thread Group 1-26" dt="text" by="122" sby="118" ng="1" na="1">
  <java.net.URL>http://localhost:7077/</java.net.URL>
</httpSample>
<httpSample t="2" it="0" lt="2" ct="1" ts="1561082726073" s="true" lb="HTTP Request" rc="200" rm="" tn="Thread Group 1-26" dt="text" by="122" sby="118" ng="1" na="1">
  <java.net.URL>http://localhost:7077/</java.net.URL>
</httpSample>
<httpSample t="2" it="0" lt="2" ct="1" ts="1561082726075" s="true" lb="HTTP Request" rc="200" rm="" tn="Thread Group 1-26" dt="text" by="122" sby="118" ng="1" na="1">
  <java.net.URL>http://localhost:7077/</java.net.URL>
</httpSample>
<httpSample t="2" it="0" lt="2" ct="1" ts="1561082726077" s="true" lb="HTTP Request" rc="200" rm="" tn="Thread Group 1-26" dt="text" by="122" sby="118" ng="1" na="1">
  <java.net.URL>http://localhost:7077/</java.net.URL>
</httpSample>
<httpSample t="3" it="0" lt="3" ct="1" ts="1561082726079" s="true" lb="HTTP Request" rc="200" rm="" tn="Thread Group 1-26" dt="text" by="122" sby="118" ng="1" na="1">
  <java.net.URL>http://localhost:7077/</java.net.URL>
</httpSample>
<httpSample t="3" it="0" lt="3" ct="0" ts="1561082726083" s="true" lb="HTTP Request" rc="200" rm="" tn="Thread Group 1-26" dt="text" by="122" sby="118" ng="1" na="1">
  <java.net.URL>http://localhost:7077/</java.net.URL>
</httpSample>
<httpSample t="2" it="0" lt="2" ct="1" ts="1561082726086" s="true" lb="HTTP Request" rc="200" rm="" tn="Thread Group 1-26" dt="text" by="122" sby="118" ng="1" na="1">
  <java.net.URL>http://localhost:7077/</java.net.URL>
</httpSample>
<httpSample t="2" it="0" lt="2" ct="1" ts="1561082726088" s="true" lb="HTTP Request" rc="200" rm="" tn="Thread Group 1-26" dt="text" by="122" sby="118" ng="1" na="1">
  <java.net.URL>http://localhost:7077/</java.net.URL>
</httpSample>
<httpSample t="3" it="0" lt="3" ct="1" ts="1561082726090" s="true" lb="HTTP Request" rc="200" rm="" tn="Thread Group 1-26" dt="text" by="122" sby="118" ng="1" na="1">
  <java.net.URL>http://localhost:7077/</java.net.URL>
</httpSample>
<httpSample t="2" it="0" lt="2" ct="0" ts="1561082726167" s="true" lb="HTTP Request" rc="200" rm="" tn="Thread Group 1-27" dt="text" by="122" sby="118" ng="1" na="1">
  <java.net.URL>http://localhost:7077/</java.net.URL>
</httpSample>
<httpSample t="2" it="0" lt="2" ct="1" ts="1561082726169" s="true" lb="HTTP Request" rc="200" rm="" tn="Thread Group 1-27" dt="text" by="122" sby="118" ng="1" na="1">
  <java.net.URL>http://localhost:7077/</java.net.URL>
</httpSample>
<httpSample t="2" it="0" lt="2" ct="1" ts="1561082726171" s="true" lb="HTTP Request" rc="200" rm="" tn="Thread Group 1-27" dt="text" by="122" sby="118" ng="1" na="1">
  <java.net.URL>http://localhost:7077/</java.net.URL>
</httpSample>
<httpSample t="2" it="0" lt="2" ct="1" ts="1561082726173" s="true" lb="HTTP Request" rc="200" rm="" tn="Thread Group 1-27" dt="text" by="122" sby="118" ng="1" na="1">
  <java.net.URL>http://localhost:7077/</java.net.URL>
</httpSample>
<httpSample t="1" it="0" lt="1" ct="0" ts="1561082726175" s="true" lb="HTTP Request" rc="200" rm="" tn="Thread Group 1-27" dt="text" by="122" sby="118" ng="1" na="1">
  <java.net.URL>http://localhost:7077/</java.net.URL>
</httpSample>
<httpSample t="2" it="0" lt="2" ct="0" ts="1561082726177" s="true" lb="HTTP Request" rc="200" rm="" tn="Thread Group 1-27" dt="text" by="122" sby="118" ng="1" na="1">
  <java.net.URL>http://localhost:7077/</java.net.URL>
</httpSample>
<httpSample t="2" it="0" lt="2" ct="0" ts="1561082726180" s="true" lb="HTTP Request" rc="200" rm="" tn="Thread Group 1-27" dt="text" by="122" sby="118" ng="1" na="1">
  <java.net.URL>http://localhost:7077/</java.net.URL>
</httpSample>
<httpSample t="1" it="0" lt="1" ct="0" ts="1561082726183" s="true" lb="HTTP Request" rc="200" rm="" tn="Thread Group 1-27" dt="text" by="122" sby="118" ng="1" na="1">
  <java.net.URL>http://localhost:7077/</java.net.URL>
</httpSample>
<httpSample t="1" it="0" lt="1" ct="0" ts="1561082726185" s="true" lb="HTTP Request" rc="200" rm="" tn="Thread Group 1-27" dt="text" by="122" sby="118" ng="1" na="1">
  <java.net.URL>http://localhost:7077/</java.net.URL>
</httpSample>
<httpSample t="1" it="0" lt="1" ct="0" ts="1561082726186" s="true" lb="HTTP Request" rc="200" rm="" tn="Thread Group 1-27" dt="text" by="122" sby="118" ng="1" na="1">
  <java.net.URL>http://localhost:7077/</java.net.URL>
</httpSample>
<httpSample t="3" it="0" lt="3" ct="1" ts="1561082726267" s="true" lb="HTTP Request" rc="200" rm="" tn="Thread Group 1-28" dt="text" by="122" sby="118" ng="1" na="1">
  <java.net.URL>http://localhost:7077/</java.net.URL>
</httpSample>
<httpSample t="2" it="0" lt="2" ct="1" ts="1561082726270" s="true" lb="HTTP Request" rc="200" rm="" tn="Thread Group 1-28" dt="text" by="122" sby="118" ng="1" na="1">
  <java.net.URL>http://localhost:7077/</java.net.URL>
</httpSample>
<httpSample t="1" it="0" lt="1" ct="1" ts="1561082726272" s="true" lb="HTTP Request" rc="200" rm="" tn="Thread Group 1-28" dt="text" by="122" sby="118" ng="1" na="1">
  <java.net.URL>http://localhost:7077/</java.net.URL>
</httpSample>
<httpSample t="1" it="0" lt="1" ct="0" ts="1561082726274" s="true" lb="HTTP Request" rc="200" rm="" tn="Thread Group 1-28" dt="text" by="122" sby="118" ng="1" na="1">
  <java.net.URL>http://localhost:7077/</java.net.URL>
</httpSample>
<httpSample t="1" it="0" lt="1" ct="0" ts="1561082726276" s="true" lb="HTTP Request" rc="200" rm="" tn="Thread Group 1-28" dt="text" by="122" sby="118" ng="1" na="1">
  <java.net.URL>http://localhost:7077/</java.net.URL>
</httpSample>
<httpSample t="3" it="0" lt="3" ct="1" ts="1561082726277" s="true" lb="HTTP Request" rc="200" rm="" tn="Thread Group 1-28" dt="text" by="122" sby="118" ng="1" na="1">
  <java.net.URL>http://localhost:7077/</java.net.URL>
</httpSample>
<httpSample t="3" it="0" lt="3" ct="1" ts="1561082726280" s="true" lb="HTTP Request" rc="200" rm="" tn="Thread Group 1-28" dt="text" by="122" sby="118" ng="1" na="1">
  <java.net.URL>http://localhost:7077/</java.net.URL>
</httpSample>
<httpSample t="2" it="0" lt="2" ct="1" ts="1561082726283" s="true" lb="HTTP Request" rc="200" rm="" tn="Thread Group 1-28" dt="text" by="122" sby="118" ng="1" na="1">
  <java.net.URL>http://localhost:7077/</java.net.URL>
</httpSample>
<httpSample t="1" it="0" lt="1" ct="0" ts="1561082726285" s="true" lb="HTTP Request" rc="200" rm="" tn="Thread Group 1-28" dt="text" by="122" sby="118" ng="1" na="1">
  <java.net.URL>http://localhost:7077/</java.net.URL>
</httpSample>
<httpSample t="1" it="0" lt="1" ct="0" ts="1561082726287" s="true" lb="HTTP Request" rc="200" rm="" tn="Thread Group 1-28" dt="text" by="122" sby="118" ng="1" na="1">
  <java.net.URL>http://localhost:7077/</java.net.URL>
</httpSample>
<httpSample t="3" it="0" lt="3" ct="1" ts="1561082726367" s="true" lb="HTTP Request" rc="200" rm="" tn="Thread Group 1-29" dt="text" by="122" sby="118" ng="1" na="1">
  <java.net.URL>http://localhost:7077/</java.net.URL>
</httpSample>
<httpSample t="2" it="0" lt="2" ct="1" ts="1561082726370" s="true" lb="HTTP Request" rc="200" rm="" tn="Thread Group 1-29" dt="text" by="122" sby="118" ng="1" na="1">
  <java.net.URL>http://localhost:7077/</java.net.URL>
</httpSample>
<httpSample t="2" it="0" lt="2" ct="1" ts="1561082726372" s="true" lb="HTTP Request" rc="200" rm="" tn="Thread Group 1-29" dt="text" by="122" sby="118" ng="1" na="1">
  <java.net.URL>http://localhost:7077/</java.net.URL>
</httpSample>
<httpSample t="1" it="0" lt="1" ct="0" ts="1561082726375" s="true" lb="HTTP Request" rc="200" rm="" tn="Thread Group 1-29" dt="text" by="122" sby="118" ng="1" na="1">
  <java.net.URL>http://localhost:7077/</java.net.URL>
</httpSample>
<httpSample t="3" it="0" lt="3" ct="0" ts="1561082726377" s="true" lb="HTTP Request" rc="200" rm="" tn="Thread Group 1-29" dt="text" by="122" sby="118" ng="1" na="1">
  <java.net.URL>http://localhost:7077/</java.net.URL>
</httpSample>
<httpSample t="3" it="0" lt="3" ct="1" ts="1561082726380" s="true" lb="HTTP Request" rc="200" rm="" tn="Thread Group 1-29" dt="text" by="122" sby="118" ng="1" na="1">
  <java.net.URL>http://localhost:7077/</java.net.URL>
</httpSample>
<httpSample t="1" it="0" lt="1" ct="0" ts="1561082726384" s="true" lb="HTTP Request" rc="200" rm="" tn="Thread Group 1-29" dt="text" by="122" sby="118" ng="1" na="1">
  <java.net.URL>http://localhost:7077/</java.net.URL>
</httpSample>
<httpSample t="1" it="0" lt="1" ct="0" ts="1561082726386" s="true" lb="HTTP Request" rc="200" rm="" tn="Thread Group 1-29" dt="text" by="122" sby="118" ng="1" na="1">
  <java.net.URL>http://localhost:7077/</java.net.URL>
</httpSample>
<httpSample t="3" it="0" lt="3" ct="1" ts="1561082726387" s="true" lb="HTTP Request" rc="200" rm="" tn="Thread Group 1-29" dt="text" by="122" sby="118" ng="1" na="1">
  <java.net.URL>http://localhost:7077/</java.net.URL>
</httpSample>
<httpSample t="3" it="0" lt="3" ct="1" ts="1561082726390" s="true" lb="HTTP Request" rc="200" rm="" tn="Thread Group 1-29" dt="text" by="122" sby="118" ng="1" na="1">
  <java.net.URL>http://localhost:7077/</java.net.URL>
</httpSample>
<httpSample t="3" it="0" lt="3" ct="1" ts="1561082726467" s="true" lb="HTTP Request" rc="200" rm="" tn="Thread Group 1-30" dt="text" by="122" sby="118" ng="1" na="1">
  <java.net.URL>http://localhost:7077/</java.net.URL>
</httpSample>
<httpSample t="2" it="0" lt="2" ct="1" ts="1561082726470" s="true" lb="HTTP Request" rc="200" rm="" tn="Thread Group 1-30" dt="text" by="122" sby="118" ng="1" na="1">
  <java.net.URL>http://localhost:7077/</java.net.URL>
</httpSample>
<httpSample t="2" it="0" lt="2" ct="1" ts="1561082726472" s="true" lb="HTTP Request" rc="200" rm="" tn="Thread Group 1-30" dt="text" by="122" sby="118" ng="1" na="1">
  <java.net.URL>http://localhost:7077/</java.net.URL>
</httpSample>
<httpSample t="2" it="0" lt="2" ct="1" ts="1561082726474" s="true" lb="HTTP Request" rc="200" rm="" tn="Thread Group 1-30" dt="text" by="122" sby="118" ng="1" na="1">
  <java.net.URL>http://localhost:7077/</java.net.URL>
</httpSample>
<httpSample t="2" it="0" lt="2" ct="1" ts="1561082726476" s="true" lb="HTTP Request" rc="200" rm="" tn="Thread Group 1-30" dt="text" by="122" sby="118" ng="1" na="1">
  <java.net.URL>http://localhost:7077/</java.net.URL>
</httpSample>
<httpSample t="2" it="0" lt="2" ct="1" ts="1561082726478" s="true" lb="HTTP Request" rc="200" rm="" tn="Thread Group 1-30" dt="text" by="122" sby="118" ng="1" na="1">
  <java.net.URL>http://localhost:7077/</java.net.URL>
</httpSample>
<httpSample t="4" it="0" lt="4" ct="0" ts="1561082726481" s="true" lb="HTTP Request" rc="200" rm="" tn="Thread Group 1-30" dt="text" by="122" sby="118" ng="1" na="1">
  <java.net.URL>http://localhost:7077/</java.net.URL>
</httpSample>
<httpSample t="2" it="0" lt="2" ct="1" ts="1561082726485" s="true" lb="HTTP Request" rc="200" rm="" tn="Thread Group 1-30" dt="text" by="122" sby="118" ng="1" na="1">
  <java.net.URL>http://localhost:7077/</java.net.URL>
</httpSample>
<httpSample t="1" it="0" lt="1" ct="0" ts="1561082726487" s="true" lb="HTTP Request" rc="200" rm="" tn="Thread Group 1-30" dt="text" by="122" sby="118" ng="1" na="1">
  <java.net.URL>http://localhost:7077/</java.net.URL>
</httpSample>
<httpSample t="2" it="0" lt="2" ct="0" ts="1561082726489" s="true" lb="HTTP Request" rc="200" rm="" tn="Thread Group 1-30" dt="text" by="122" sby="118" ng="1" na="1">
  <java.net.URL>http://localhost:7077/</java.net.URL>
</httpSample>
<httpSample t="3" it="0" lt="3" ct="1" ts="1561082726568" s="true" lb="HTTP Request" rc="200" rm="" tn="Thread Group 1-31" dt="text" by="122" sby="118" ng="1" na="1">
  <java.net.URL>http://localhost:7077/</java.net.URL>
</httpSample>
<httpSample t="2" it="0" lt="2" ct="1" ts="1561082726571" s="true" lb="HTTP Request" rc="200" rm="" tn="Thread Group 1-31" dt="text" by="122" sby="118" ng="1" na="1">
  <java.net.URL>http://localhost:7077/</java.net.URL>
</httpSample>
<httpSample t="2" it="0" lt="2" ct="1" ts="1561082726573" s="true" lb="HTTP Request" rc="200" rm="" tn="Thread Group 1-31" dt="text" by="122" sby="118" ng="1" na="1">
  <java.net.URL>http://localhost:7077/</java.net.URL>
</httpSample>
<httpSample t="2" it="0" lt="2" ct="1" ts="1561082726575" s="true" lb="HTTP Request" rc="200" rm="" tn="Thread Group 1-31" dt="text" by="122" sby="118" ng="1" na="1">
  <java.net.URL>http://localhost:7077/</java.net.URL>
</httpSample>
<httpSample t="2" it="0" lt="2" ct="1" ts="1561082726577" s="true" lb="HTTP Request" rc="200" rm="" tn="Thread Group 1-31" dt="text" by="122" sby="118" ng="1" na="1">
  <java.net.URL>http://localhost:7077/</java.net.URL>
</httpSample>
<httpSample t="6" it="0" lt="6" ct="1" ts="1561082726579" s="true" lb="HTTP Request" rc="200" rm="" tn="Thread Group 1-31" dt="text" by="122" sby="118" ng="1" na="1">
  <java.net.URL>http://localhost:7077/</java.net.URL>
</httpSample>
<httpSample t="1" it="0" lt="1" ct="0" ts="1561082726586" s="true" lb="HTTP Request" rc="200" rm="" tn="Thread Group 1-31" dt="text" by="122" sby="118" ng="1" na="1">
  <java.net.URL>http://localhost:7077/</java.net.URL>
</httpSample>
<httpSample t="2" it="0" lt="2" ct="0" ts="1561082726588" s="true" lb="HTTP Request" rc="200" rm="" tn="Thread Group 1-31" dt="text" by="122" sby="118" ng="1" na="1">
  <java.net.URL>http://localhost:7077/</java.net.URL>
</httpSample>
<httpSample t="2" it="0" lt="2" ct="1" ts="1561082726590" s="true" lb="HTTP Request" rc="200" rm="" tn="Thread Group 1-31" dt="text" by="122" sby="118" ng="1" na="1">
  <java.net.URL>http://localhost:7077/</java.net.URL>
</httpSample>
<httpSample t="3" it="0" lt="3" ct="1" ts="1561082726592" s="true" lb="HTTP Request" rc="200" rm="" tn="Thread Group 1-31" dt="text" by="122" sby="118" ng="1" na="1">
  <java.net.URL>http://localhost:7077/</java.net.URL>
</httpSample>
<httpSample t="2" it="0" lt="2" ct="0" ts="1561082726668" s="true" lb="HTTP Request" rc="200" rm="" tn="Thread Group 1-32" dt="text" by="122" sby="118" ng="1" na="1">
  <java.net.URL>http://localhost:7077/</java.net.URL>
</httpSample>
<httpSample t="2" it="0" lt="2" ct="1" ts="1561082726670" s="true" lb="HTTP Request" rc="200" rm="" tn="Thread Group 1-32" dt="text" by="122" sby="118" ng="1" na="1">
  <java.net.URL>http://localhost:7077/</java.net.URL>
</httpSample>
<httpSample t="2" it="0" lt="2" ct="1" ts="1561082726672" s="true" lb="HTTP Request" rc="200" rm="" tn="Thread Group 1-32" dt="text" by="122" sby="118" ng="1" na="1">
  <java.net.URL>http://localhost:7077/</java.net.URL>
</httpSample>
<httpSample t="2" it="0" lt="2" ct="1" ts="1561082726674" s="true" lb="HTTP Request" rc="200" rm="" tn="Thread Group 1-32" dt="text" by="122" sby="118" ng="1" na="1">
  <java.net.URL>http://localhost:7077/</java.net.URL>
</httpSample>
<httpSample t="4" it="0" lt="4" ct="0" ts="1561082726677" s="true" lb="HTTP Request" rc="200" rm="" tn="Thread Group 1-32" dt="text" by="122" sby="118" ng="1" na="1">
  <java.net.URL>http://localhost:7077/</java.net.URL>
</httpSample>
<httpSample t="4" it="0" lt="4" ct="1" ts="1561082726681" s="true" lb="HTTP Request" rc="200" rm="" tn="Thread Group 1-32" dt="text" by="122" sby="118" ng="1" na="1">
  <java.net.URL>http://localhost:7077/</java.net.URL>
</httpSample>
<httpSample t="2" it="0" lt="2" ct="0" ts="1561082726686" s="true" lb="HTTP Request" rc="200" rm="" tn="Thread Group 1-32" dt="text" by="122" sby="118" ng="1" na="1">
  <java.net.URL>http://localhost:7077/</java.net.URL>
</httpSample>
<httpSample t="4" it="0" lt="4" ct="1" ts="1561082726688" s="true" lb="HTTP Request" rc="200" rm="" tn="Thread Group 1-32" dt="text" by="122" sby="118" ng="1" na="1">
  <java.net.URL>http://localhost:7077/</java.net.URL>
</httpSample>
<httpSample t="3" it="0" lt="3" ct="1" ts="1561082726692" s="true" lb="HTTP Request" rc="200" rm="" tn="Thread Group 1-32" dt="text" by="122" sby="118" ng="1" na="1">
  <java.net.URL>http://localhost:7077/</java.net.URL>
</httpSample>
<httpSample t="8" it="0" lt="8" ct="7" ts="1561082726696" s="true" lb="HTTP Request" rc="200" rm="" tn="Thread Group 1-32" dt="text" by="122" sby="118" ng="1" na="1">
  <java.net.URL>http://localhost:7077/</java.net.URL>
</httpSample>
<httpSample t="2" it="0" lt="2" ct="1" ts="1561082726767" s="true" lb="HTTP Request" rc="200" rm="" tn="Thread Group 1-33" dt="text" by="122" sby="118" ng="1" na="1">
  <java.net.URL>http://localhost:7077/</java.net.URL>
</httpSample>
<httpSample t="2" it="0" lt="2" ct="1" ts="1561082726769" s="true" lb="HTTP Request" rc="200" rm="" tn="Thread Group 1-33" dt="text" by="122" sby="118" ng="1" na="1">
  <java.net.URL>http://localhost:7077/</java.net.URL>
</httpSample>
<httpSample t="3" it="0" lt="3" ct="0" ts="1561082726772" s="true" lb="HTTP Request" rc="200" rm="" tn="Thread Group 1-33" dt="text" by="122" sby="118" ng="1" na="1">
  <java.net.URL>http://localhost:7077/</java.net.URL>
</httpSample>
<httpSample t="1" it="0" lt="1" ct="0" ts="1561082726776" s="true" lb="HTTP Request" rc="200" rm="" tn="Thread Group 1-33" dt="text" by="122" sby="118" ng="1" na="1">
  <java.net.URL>http://localhost:7077/</java.net.URL>
</httpSample>
<httpSample t="1" it="0" lt="1" ct="1" ts="1561082726777" s="true" lb="HTTP Request" rc="200" rm="" tn="Thread Group 1-33" dt="text" by="122" sby="118" ng="1" na="1">
  <java.net.URL>http://localhost:7077/</java.net.URL>
</httpSample>
<httpSample t="2" it="0" lt="2" ct="0" ts="1561082726779" s="true" lb="HTTP Request" rc="200" rm="" tn="Thread Group 1-33" dt="text" by="122" sby="118" ng="1" na="1">
  <java.net.URL>http://localhost:7077/</java.net.URL>
</httpSample>
<httpSample t="3" it="0" lt="3" ct="0" ts="1561082726782" s="true" lb="HTTP Request" rc="200" rm="" tn="Thread Group 1-33" dt="text" by="122" sby="118" ng="1" na="1">
  <java.net.URL>http://localhost:7077/</java.net.URL>
</httpSample>
<httpSample t="1" it="0" lt="1" ct="0" ts="1561082726786" s="true" lb="HTTP Request" rc="200" rm="" tn="Thread Group 1-33" dt="text" by="122" sby="118" ng="1" na="1">
  <java.net.URL>http://localhost:7077/</java.net.URL>
</httpSample>
<httpSample t="1" it="0" lt="1" ct="1" ts="1561082726787" s="true" lb="HTTP Request" rc="200" rm="" tn="Thread Group 1-33" dt="text" by="122" sby="118" ng="1" na="1">
  <java.net.URL>http://localhost:7077/</java.net.URL>
</httpSample>
<httpSample t="2" it="0" lt="2" ct="0" ts="1561082726789" s="true" lb="HTTP Request" rc="200" rm="" tn="Thread Group 1-33" dt="text" by="122" sby="118" ng="1" na="1">
  <java.net.URL>http://localhost:7077/</java.net.URL>
</httpSample>
<httpSample t="2" it="0" lt="2" ct="0" ts="1561082726869" s="true" lb="HTTP Request" rc="200" rm="" tn="Thread Group 1-34" dt="text" by="122" sby="118" ng="1" na="1">
  <java.net.URL>http://localhost:7077/</java.net.URL>
</httpSample>
<httpSample t="1" it="0" lt="1" ct="0" ts="1561082726872" s="true" lb="HTTP Request" rc="200" rm="" tn="Thread Group 1-34" dt="text" by="122" sby="118" ng="1" na="1">
  <java.net.URL>http://localhost:7077/</java.net.URL>
</httpSample>
<httpSample t="1" it="0" lt="1" ct="0" ts="1561082726874" s="true" lb="HTTP Request" rc="200" rm="" tn="Thread Group 1-34" dt="text" by="122" sby="118" ng="1" na="1">
  <java.net.URL>http://localhost:7077/</java.net.URL>
</httpSample>
<httpSample t="2" it="0" lt="2" ct="1" ts="1561082726875" s="true" lb="HTTP Request" rc="200" rm="" tn="Thread Group 1-34" dt="text" by="122" sby="118" ng="1" na="1">
  <java.net.URL>http://localhost:7077/</java.net.URL>
</httpSample>
<httpSample t="1" it="0" lt="1" ct="1" ts="1561082726877" s="true" lb="HTTP Request" rc="200" rm="" tn="Thread Group 1-34" dt="text" by="122" sby="118" ng="1" na="1">
  <java.net.URL>http://localhost:7077/</java.net.URL>
</httpSample>
<httpSample t="2" it="0" lt="2" ct="0" ts="1561082726879" s="true" lb="HTTP Request" rc="200" rm="" tn="Thread Group 1-34" dt="text" by="122" sby="118" ng="1" na="1">
  <java.net.URL>http://localhost:7077/</java.net.URL>
</httpSample>
<httpSample t="3" it="0" lt="3" ct="0" ts="1561082726882" s="true" lb="HTTP Request" rc="200" rm="" tn="Thread Group 1-34" dt="text" by="122" sby="118" ng="1" na="1">
  <java.net.URL>http://localhost:7077/</java.net.URL>
</httpSample>
<httpSample t="2" it="0" lt="2" ct="1" ts="1561082726885" s="true" lb="HTTP Request" rc="200" rm="" tn="Thread Group 1-34" dt="text" by="122" sby="118" ng="1" na="1">
  <java.net.URL>http://localhost:7077/</java.net.URL>
</httpSample>
<httpSample t="2" it="0" lt="2" ct="1" ts="1561082726887" s="true" lb="HTTP Request" rc="200" rm="" tn="Thread Group 1-34" dt="text" by="122" sby="118" ng="1" na="1">
  <java.net.URL>http://localhost:7077/</java.net.URL>
</httpSample>
<httpSample t="2" it="0" lt="2" ct="1" ts="1561082726889" s="true" lb="HTTP Request" rc="200" rm="" tn="Thread Group 1-34" dt="text" by="122" sby="118" ng="1" na="1">
  <java.net.URL>http://localhost:7077/</java.net.URL>
</httpSample>
<httpSample t="2" it="0" lt="2" ct="0" ts="1561082726970" s="true" lb="HTTP Request" rc="200" rm="" tn="Thread Group 1-35" dt="text" by="122" sby="118" ng="1" na="1">
  <java.net.URL>http://localhost:7077/</java.net.URL>
</httpSample>
<httpSample t="1" it="0" lt="1" ct="0" ts="1561082726973" s="true" lb="HTTP Request" rc="200" rm="" tn="Thread Group 1-35" dt="text" by="122" sby="118" ng="1" na="1">
  <java.net.URL>http://localhost:7077/</java.net.URL>
</httpSample>
<httpSample t="1" it="0" lt="1" ct="0" ts="1561082726975" s="true" lb="HTTP Request" rc="200" rm="" tn="Thread Group 1-35" dt="text" by="122" sby="118" ng="1" na="1">
  <java.net.URL>http://localhost:7077/</java.net.URL>
</httpSample>
<httpSample t="1" it="0" lt="1" ct="0" ts="1561082726977" s="true" lb="HTTP Request" rc="200" rm="" tn="Thread Group 1-35" dt="text" by="122" sby="118" ng="1" na="1">
  <java.net.URL>http://localhost:7077/</java.net.URL>
</httpSample>
<httpSample t="1" it="0" lt="1" ct="0" ts="1561082726979" s="true" lb="HTTP Request" rc="200" rm="" tn="Thread Group 1-35" dt="text" by="122" sby="118" ng="1" na="1">
  <java.net.URL>http://localhost:7077/</java.net.URL>
</httpSample>
<httpSample t="4" it="0" lt="4" ct="0" ts="1561082726981" s="true" lb="HTTP Request" rc="200" rm="" tn="Thread Group 1-35" dt="text" by="122" sby="118" ng="1" na="1">
  <java.net.URL>http://localhost:7077/</java.net.URL>
</httpSample>
<httpSample t="1" it="0" lt="1" ct="0" ts="1561082726986" s="true" lb="HTTP Request" rc="200" rm="" tn="Thread Group 1-35" dt="text" by="122" sby="118" ng="1" na="1">
  <java.net.URL>http://localhost:7077/</java.net.URL>
</httpSample>
<httpSample t="2" it="0" lt="1" ct="0" ts="1561082726988" s="true" lb="HTTP Request" rc="200" rm="" tn="Thread Group 1-35" dt="text" by="122" sby="118" ng="1" na="1">
  <java.net.URL>http://localhost:7077/</java.net.URL>
</httpSample>
<httpSample t="2" it="0" lt="2" ct="1" ts="1561082726990" s="true" lb="HTTP Request" rc="200" rm="" tn="Thread Group 1-35" dt="text" by="122" sby="118" ng="1" na="1">
  <java.net.URL>http://localhost:7077/</java.net.URL>
</httpSample>
<httpSample t="4" it="0" lt="4" ct="1" ts="1561082726992" s="true" lb="HTTP Request" rc="200" rm="" tn="Thread Group 1-35" dt="text" by="122" sby="118" ng="1" na="1">
  <java.net.URL>http://localhost:7077/</java.net.URL>
</httpSample>
<httpSample t="2" it="0" lt="2" ct="0" ts="1561082727069" s="true" lb="HTTP Request" rc="200" rm="" tn="Thread Group 1-36" dt="text" by="122" sby="118" ng="1" na="1">
  <java.net.URL>http://localhost:7077/</java.net.URL>
</httpSample>
<httpSample t="2" it="0" lt="2" ct="1" ts="1561082727071" s="true" lb="HTTP Request" rc="200" rm="" tn="Thread Group 1-36" dt="text" by="122" sby="118" ng="1" na="1">
  <java.net.URL>http://localhost:7077/</java.net.URL>
</httpSample>
<httpSample t="1" it="0" lt="1" ct="0" ts="1561082727074" s="true" lb="HTTP Request" rc="200" rm="" tn="Thread Group 1-36" dt="text" by="122" sby="118" ng="1" na="1">
  <java.net.URL>http://localhost:7077/</java.net.URL>
</httpSample>
<httpSample t="1" it="0" lt="1" ct="0" ts="1561082727076" s="true" lb="HTTP Request" rc="200" rm="" tn="Thread Group 1-36" dt="text" by="122" sby="118" ng="1" na="1">
  <java.net.URL>http://localhost:7077/</java.net.URL>
</httpSample>
<httpSample t="2" it="0" lt="2" ct="1" ts="1561082727077" s="true" lb="HTTP Request" rc="200" rm="" tn="Thread Group 1-36" dt="text" by="122" sby="118" ng="1" na="1">
  <java.net.URL>http://localhost:7077/</java.net.URL>
</httpSample>
<httpSample t="3" it="0" lt="3" ct="1" ts="1561082727079" s="true" lb="HTTP Request" rc="200" rm="" tn="Thread Group 1-36" dt="text" by="122" sby="118" ng="1" na="1">
  <java.net.URL>http://localhost:7077/</java.net.URL>
</httpSample>
<httpSample t="4" it="0" lt="4" ct="1" ts="1561082727082" s="true" lb="HTTP Request" rc="200" rm="" tn="Thread Group 1-36" dt="text" by="122" sby="118" ng="1" na="1">
  <java.net.URL>http://localhost:7077/</java.net.URL>
</httpSample>
<httpSample t="1" it="0" lt="1" ct="0" ts="1561082727086" s="true" lb="HTTP Request" rc="200" rm="" tn="Thread Group 1-36" dt="text" by="122" sby="118" ng="1" na="1">
  <java.net.URL>http://localhost:7077/</java.net.URL>
</httpSample>
<httpSample t="1" it="0" lt="1" ct="0" ts="1561082727088" s="true" lb="HTTP Request" rc="200" rm="" tn="Thread Group 1-36" dt="text" by="122" sby="118" ng="1" na="1">
  <java.net.URL>http://localhost:7077/</java.net.URL>
</httpSample>
<httpSample t="3" it="0" lt="3" ct="1" ts="1561082727089" s="true" lb="HTTP Request" rc="200" rm="" tn="Thread Group 1-36" dt="text" by="122" sby="118" ng="1" na="1">
  <java.net.URL>http://localhost:7077/</java.net.URL>
</httpSample>
<httpSample t="2" it="0" lt="2" ct="0" ts="1561082727169" s="true" lb="HTTP Request" rc="200" rm="" tn="Thread Group 1-37" dt="text" by="122" sby="118" ng="1" na="1">
  <java.net.URL>http://localhost:7077/</java.net.URL>
</httpSample>
<httpSample t="2" it="0" lt="2" ct="1" ts="1561082727171" s="true" lb="HTTP Request" rc="200" rm="" tn="Thread Group 1-37" dt="text" by="122" sby="118" ng="1" na="1">
  <java.net.URL>http://localhost:7077/</java.net.URL>
</httpSample>
<httpSample t="2" it="0" lt="2" ct="1" ts="1561082727173" s="true" lb="HTTP Request" rc="200" rm="" tn="Thread Group 1-37" dt="text" by="122" sby="118" ng="1" na="1">
  <java.net.URL>http://localhost:7077/</java.net.URL>
</httpSample>
<httpSample t="2" it="0" lt="2" ct="1" ts="1561082727175" s="true" lb="HTTP Request" rc="200" rm="" tn="Thread Group 1-37" dt="text" by="122" sby="118" ng="1" na="1">
  <java.net.URL>http://localhost:7077/</java.net.URL>
</httpSample>
<httpSample t="1" it="0" lt="1" ct="0" ts="1561082727177" s="true" lb="HTTP Request" rc="200" rm="" tn="Thread Group 1-37" dt="text" by="122" sby="118" ng="1" na="1">
  <java.net.URL>http://localhost:7077/</java.net.URL>
</httpSample>
<httpSample t="3" it="0" lt="3" ct="0" ts="1561082727179" s="true" lb="HTTP Request" rc="200" rm="" tn="Thread Group 1-37" dt="text" by="122" sby="118" ng="1" na="1">
  <java.net.URL>http://localhost:7077/</java.net.URL>
</httpSample>
<httpSample t="4" it="0" lt="4" ct="1" ts="1561082727182" s="true" lb="HTTP Request" rc="200" rm="" tn="Thread Group 1-37" dt="text" by="122" sby="118" ng="1" na="1">
  <java.net.URL>http://localhost:7077/</java.net.URL>
</httpSample>
<httpSample t="2" it="0" lt="2" ct="1" ts="1561082727186" s="true" lb="HTTP Request" rc="200" rm="" tn="Thread Group 1-37" dt="text" by="122" sby="118" ng="1" na="1">
  <java.net.URL>http://localhost:7077/</java.net.URL>
</httpSample>
<httpSample t="2" it="0" lt="2" ct="1" ts="1561082727188" s="true" lb="HTTP Request" rc="200" rm="" tn="Thread Group 1-37" dt="text" by="122" sby="118" ng="1" na="1">
  <java.net.URL>http://localhost:7077/</java.net.URL>
</httpSample>
<httpSample t="3" it="0" lt="3" ct="1" ts="1561082727190" s="true" lb="HTTP Request" rc="200" rm="" tn="Thread Group 1-37" dt="text" by="122" sby="118" ng="1" na="1">
  <java.net.URL>http://localhost:7077/</java.net.URL>
</httpSample>
<httpSample t="2" it="0" lt="2" ct="0" ts="1561082727270" s="true" lb="HTTP Request" rc="200" rm="" tn="Thread Group 1-38" dt="text" by="122" sby="118" ng="1" na="1">
  <java.net.URL>http://localhost:7077/</java.net.URL>
</httpSample>
<httpSample t="2" it="0" lt="2" ct="1" ts="1561082727272" s="true" lb="HTTP Request" rc="200" rm="" tn="Thread Group 1-38" dt="text" by="122" sby="118" ng="1" na="1">
  <java.net.URL>http://localhost:7077/</java.net.URL>
</httpSample>
<httpSample t="1" it="0" lt="1" ct="0" ts="1561082727275" s="true" lb="HTTP Request" rc="200" rm="" tn="Thread Group 1-38" dt="text" by="122" sby="118" ng="1" na="1">
  <java.net.URL>http://localhost:7077/</java.net.URL>
</httpSample>
<httpSample t="1" it="0" lt="1" ct="0" ts="1561082727277" s="true" lb="HTTP Request" rc="200" rm="" tn="Thread Group 1-38" dt="text" by="122" sby="118" ng="1" na="1">
  <java.net.URL>http://localhost:7077/</java.net.URL>
</httpSample>
<httpSample t="6" it="0" lt="6" ct="0" ts="1561082727279" s="true" lb="HTTP Request" rc="200" rm="" tn="Thread Group 1-38" dt="text" by="122" sby="118" ng="1" na="1">
  <java.net.URL>http://localhost:7077/</java.net.URL>
</httpSample>
<httpSample t="2" it="0" lt="2" ct="0" ts="1561082727286" s="true" lb="HTTP Request" rc="200" rm="" tn="Thread Group 1-38" dt="text" by="122" sby="118" ng="1" na="1">
  <java.net.URL>http://localhost:7077/</java.net.URL>
</httpSample>
<httpSample t="2" it="0" lt="2" ct="1" ts="1561082727288" s="true" lb="HTTP Request" rc="200" rm="" tn="Thread Group 1-38" dt="text" by="122" sby="118" ng="1" na="1">
  <java.net.URL>http://localhost:7077/</java.net.URL>
</httpSample>
<httpSample t="1" it="0" lt="1" ct="0" ts="1561082727291" s="true" lb="HTTP Request" rc="200" rm="" tn="Thread Group 1-38" dt="text" by="122" sby="118" ng="1" na="1">
  <java.net.URL>http://localhost:7077/</java.net.URL>
</httpSample>
<httpSample t="2" it="0" lt="2" ct="0" ts="1561082727293" s="true" lb="HTTP Request" rc="200" rm="" tn="Thread Group 1-38" dt="text" by="122" sby="118" ng="1" na="1">
  <java.net.URL>http://localhost:7077/</java.net.URL>
</httpSample>
<httpSample t="3" it="0" lt="3" ct="0" ts="1561082727296" s="true" lb="HTTP Request" rc="200" rm="" tn="Thread Group 1-38" dt="text" by="122" sby="118" ng="1" na="1">
  <java.net.URL>http://localhost:7077/</java.net.URL>
</httpSample>
<httpSample t="2" it="0" lt="2" ct="0" ts="1561082727368" s="true" lb="HTTP Request" rc="200" rm="" tn="Thread Group 1-39" dt="text" by="122" sby="118" ng="1" na="1">
  <java.net.URL>http://localhost:7077/</java.net.URL>
</httpSample>
<httpSample t="1" it="0" lt="1" ct="0" ts="1561082727371" s="true" lb="HTTP Request" rc="200" rm="" tn="Thread Group 1-39" dt="text" by="122" sby="118" ng="1" na="1">
  <java.net.URL>http://localhost:7077/</java.net.URL>
</httpSample>
<httpSample t="2" it="0" lt="2" ct="1" ts="1561082727372" s="true" lb="HTTP Request" rc="200" rm="" tn="Thread Group 1-39" dt="text" by="122" sby="118" ng="1" na="1">
  <java.net.URL>http://localhost:7077/</java.net.URL>
</httpSample>
<httpSample t="2" it="0" lt="2" ct="1" ts="1561082727374" s="true" lb="HTTP Request" rc="200" rm="" tn="Thread Group 1-39" dt="text" by="122" sby="118" ng="1" na="1">
  <java.net.URL>http://localhost:7077/</java.net.URL>
</httpSample>
<httpSample t="1" it="0" lt="1" ct="0" ts="1561082727377" s="true" lb="HTTP Request" rc="200" rm="" tn="Thread Group 1-39" dt="text" by="122" sby="118" ng="1" na="1">
  <java.net.URL>http://localhost:7077/</java.net.URL>
</httpSample>
<httpSample t="2" it="0" lt="2" ct="1" ts="1561082727379" s="true" lb="HTTP Request" rc="200" rm="" tn="Thread Group 1-39" dt="text" by="122" sby="118" ng="1" na="1">
  <java.net.URL>http://localhost:7077/</java.net.URL>
</httpSample>
<httpSample t="3" it="0" lt="3" ct="0" ts="1561082727382" s="true" lb="HTTP Request" rc="200" rm="" tn="Thread Group 1-39" dt="text" by="122" sby="118" ng="1" na="1">
  <java.net.URL>http://localhost:7077/</java.net.URL>
</httpSample>
<httpSample t="1" it="0" lt="1" ct="0" ts="1561082727386" s="true" lb="HTTP Request" rc="200" rm="" tn="Thread Group 1-39" dt="text" by="122" sby="118" ng="1" na="1">
  <java.net.URL>http://localhost:7077/</java.net.URL>
</httpSample>
<httpSample t="1" it="0" lt="1" ct="0" ts="1561082727388" s="true" lb="HTTP Request" rc="200" rm="" tn="Thread Group 1-39" dt="text" by="122" sby="118" ng="1" na="1">
  <java.net.URL>http://localhost:7077/</java.net.URL>
</httpSample>
<httpSample t="3" it="0" lt="3" ct="1" ts="1561082727389" s="true" lb="HTTP Request" rc="200" rm="" tn="Thread Group 1-39" dt="text" by="122" sby="118" ng="1" na="1">
  <java.net.URL>http://localhost:7077/</java.net.URL>
</httpSample>
<httpSample t="3" it="0" lt="3" ct="1" ts="1561082727467" s="true" lb="HTTP Request" rc="200" rm="" tn="Thread Group 1-40" dt="text" by="122" sby="118" ng="1" na="1">
  <java.net.URL>http://localhost:7077/</java.net.URL>
</httpSample>
<httpSample t="1" it="0" lt="1" ct="0" ts="1561082727470" s="true" lb="HTTP Request" rc="200" rm="" tn="Thread Group 1-40" dt="text" by="122" sby="118" ng="1" na="1">
  <java.net.URL>http://localhost:7077/</java.net.URL>
</httpSample>
<httpSample t="1" it="0" lt="1" ct="0" ts="1561082727472" s="true" lb="HTTP Request" rc="200" rm="" tn="Thread Group 1-40" dt="text" by="122" sby="118" ng="1" na="1">
  <java.net.URL>http://localhost:7077/</java.net.URL>
</httpSample>
<httpSample t="1" it="0" lt="1" ct="1" ts="1561082727473" s="true" lb="HTTP Request" rc="200" rm="" tn="Thread Group 1-40" dt="text" by="122" sby="118" ng="1" na="1">
  <java.net.URL>http://localhost:7077/</java.net.URL>
</httpSample>
<httpSample t="1" it="0" lt="1" ct="0" ts="1561082727475" s="true" lb="HTTP Request" rc="200" rm="" tn="Thread Group 1-40" dt="text" by="122" sby="118" ng="1" na="1">
  <java.net.URL>http://localhost:7077/</java.net.URL>
</httpSample>
<httpSample t="1" it="0" lt="1" ct="1" ts="1561082727476" s="true" lb="HTTP Request" rc="200" rm="" tn="Thread Group 1-40" dt="text" by="122" sby="118" ng="1" na="1">
  <java.net.URL>http://localhost:7077/</java.net.URL>
</httpSample>
<httpSample t="2" it="0" lt="2" ct="0" ts="1561082727478" s="true" lb="HTTP Request" rc="200" rm="" tn="Thread Group 1-40" dt="text" by="122" sby="118" ng="1" na="1">
  <java.net.URL>http://localhost:7077/</java.net.URL>
</httpSample>
<httpSample t="2" it="0" lt="2" ct="0" ts="1561082727481" s="true" lb="HTTP Request" rc="200" rm="" tn="Thread Group 1-40" dt="text" by="122" sby="118" ng="1" na="1">
  <java.net.URL>http://localhost:7077/</java.net.URL>
</httpSample>
<httpSample t="1" it="0" lt="1" ct="0" ts="1561082727484" s="true" lb="HTTP Request" rc="200" rm="" tn="Thread Group 1-40" dt="text" by="122" sby="118" ng="1" na="1">
  <java.net.URL>http://localhost:7077/</java.net.URL>
</httpSample>
<httpSample t="2" it="0" lt="2" ct="1" ts="1561082727492" s="true" lb="HTTP Request" rc="200" rm="" tn="Thread Group 1-40" dt="text" by="122" sby="118" ng="1" na="1">
  <java.net.URL>http://localhost:7077/</java.net.URL>
</httpSample>
<httpSample t="2" it="0" lt="2" ct="0" ts="1561082727569" s="true" lb="HTTP Request" rc="200" rm="" tn="Thread Group 1-41" dt="text" by="122" sby="118" ng="1" na="1">
  <java.net.URL>http://localhost:7077/</java.net.URL>
</httpSample>
<httpSample t="2" it="0" lt="2" ct="1" ts="1561082727571" s="true" lb="HTTP Request" rc="200" rm="" tn="Thread Group 1-41" dt="text" by="122" sby="118" ng="1" na="1">
  <java.net.URL>http://localhost:7077/</java.net.URL>
</httpSample>
<httpSample t="1" it="0" lt="1" ct="1" ts="1561082727573" s="true" lb="HTTP Request" rc="200" rm="" tn="Thread Group 1-41" dt="text" by="122" sby="118" ng="1" na="1">
  <java.net.URL>http://localhost:7077/</java.net.URL>
</httpSample>
<httpSample t="1" it="0" lt="1" ct="0" ts="1561082727575" s="true" lb="HTTP Request" rc="200" rm="" tn="Thread Group 1-41" dt="text" by="122" sby="118" ng="1" na="1">
  <java.net.URL>http://localhost:7077/</java.net.URL>
</httpSample>
<httpSample t="2" it="0" lt="2" ct="1" ts="1561082727576" s="true" lb="HTTP Request" rc="200" rm="" tn="Thread Group 1-41" dt="text" by="122" sby="118" ng="1" na="1">
  <java.net.URL>http://localhost:7077/</java.net.URL>
</httpSample>
<httpSample t="3" it="0" lt="3" ct="0" ts="1561082727578" s="true" lb="HTTP Request" rc="200" rm="" tn="Thread Group 1-41" dt="text" by="122" sby="118" ng="1" na="1">
  <java.net.URL>http://localhost:7077/</java.net.URL>
</httpSample>
<httpSample t="3" it="0" lt="3" ct="1" ts="1561082727582" s="true" lb="HTTP Request" rc="200" rm="" tn="Thread Group 1-41" dt="text" by="122" sby="118" ng="1" na="1">
  <java.net.URL>http://localhost:7077/</java.net.URL>
</httpSample>
<httpSample t="1" it="0" lt="1" ct="0" ts="1561082727586" s="true" lb="HTTP Request" rc="200" rm="" tn="Thread Group 1-41" dt="text" by="122" sby="118" ng="1" na="1">
  <java.net.URL>http://localhost:7077/</java.net.URL>
</httpSample>
<httpSample t="2" it="0" lt="2" ct="1" ts="1561082727587" s="true" lb="HTTP Request" rc="200" rm="" tn="Thread Group 1-41" dt="text" by="122" sby="118" ng="1" na="1">
  <java.net.URL>http://localhost:7077/</java.net.URL>
</httpSample>
<httpSample t="2" it="0" lt="2" ct="1" ts="1561082727589" s="true" lb="HTTP Request" rc="200" rm="" tn="Thread Group 1-41" dt="text" by="122" sby="118" ng="1" na="1">
  <java.net.URL>http://localhost:7077/</java.net.URL>
</httpSample>
<httpSample t="2" it="0" lt="2" ct="0" ts="1561082727667" s="true" lb="HTTP Request" rc="200" rm="" tn="Thread Group 1-42" dt="text" by="122" sby="118" ng="1" na="1">
  <java.net.URL>http://localhost:7077/</java.net.URL>
</httpSample>
<httpSample t="1" it="0" lt="1" ct="0" ts="1561082727670" s="true" lb="HTTP Request" rc="200" rm="" tn="Thread Group 1-42" dt="text" by="122" sby="118" ng="1" na="1">
  <java.net.URL>http://localhost:7077/</java.net.URL>
</httpSample>
<httpSample t="1" it="0" lt="1" ct="0" ts="1561082727672" s="true" lb="HTTP Request" rc="200" rm="" tn="Thread Group 1-42" dt="text" by="122" sby="118" ng="1" na="1">
  <java.net.URL>http://localhost:7077/</java.net.URL>
</httpSample>
<httpSample t="2" it="0" lt="2" ct="1" ts="1561082727673" s="true" lb="HTTP Request" rc="200" rm="" tn="Thread Group 1-42" dt="text" by="122" sby="118" ng="1" na="1">
  <java.net.URL>http://localhost:7077/</java.net.URL>
</httpSample>
<httpSample t="2" it="0" lt="2" ct="1" ts="1561082727675" s="true" lb="HTTP Request" rc="200" rm="" tn="Thread Group 1-42" dt="text" by="122" sby="118" ng="1" na="1">
  <java.net.URL>http://localhost:7077/</java.net.URL>
</httpSample>
<httpSample t="3" it="0" lt="3" ct="1" ts="1561082727677" s="true" lb="HTTP Request" rc="200" rm="" tn="Thread Group 1-42" dt="text" by="122" sby="118" ng="1" na="1">
  <java.net.URL>http://localhost:7077/</java.net.URL>
</httpSample>
<httpSample t="3" it="0" lt="3" ct="1" ts="1561082727680" s="true" lb="HTTP Request" rc="200" rm="" tn="Thread Group 1-42" dt="text" by="122" sby="118" ng="1" na="1">
  <java.net.URL>http://localhost:7077/</java.net.URL>
</httpSample>
<httpSample t="1" it="0" lt="1" ct="1" ts="1561082727683" s="true" lb="HTTP Request" rc="200" rm="" tn="Thread Group 1-42" dt="text" by="122" sby="118" ng="1" na="1">
  <java.net.URL>http://localhost:7077/</java.net.URL>
</httpSample>
<httpSample t="1" it="0" lt="1" ct="0" ts="1561082727685" s="true" lb="HTTP Request" rc="200" rm="" tn="Thread Group 1-42" dt="text" by="122" sby="118" ng="1" na="1">
  <java.net.URL>http://localhost:7077/</java.net.URL>
</httpSample>
<httpSample t="2" it="0" lt="2" ct="1" ts="1561082727686" s="true" lb="HTTP Request" rc="200" rm="" tn="Thread Group 1-42" dt="text" by="122" sby="118" ng="1" na="1">
  <java.net.URL>http://localhost:7077/</java.net.URL>
</httpSample>
<httpSample t="2" it="0" lt="2" ct="0" ts="1561082727768" s="true" lb="HTTP Request" rc="200" rm="" tn="Thread Group 1-43" dt="text" by="122" sby="118" ng="1" na="1">
  <java.net.URL>http://localhost:7077/</java.net.URL>
</httpSample>
<httpSample t="2" it="0" lt="2" ct="1" ts="1561082727770" s="true" lb="HTTP Request" rc="200" rm="" tn="Thread Group 1-43" dt="text" by="122" sby="118" ng="1" na="1">
  <java.net.URL>http://localhost:7077/</java.net.URL>
</httpSample>
<httpSample t="1" it="0" lt="1" ct="0" ts="1561082727772" s="true" lb="HTTP Request" rc="200" rm="" tn="Thread Group 1-43" dt="text" by="122" sby="118" ng="1" na="1">
  <java.net.URL>http://localhost:7077/</java.net.URL>
</httpSample>
<httpSample t="1" it="0" lt="1" ct="0" ts="1561082727774" s="true" lb="HTTP Request" rc="200" rm="" tn="Thread Group 1-43" dt="text" by="122" sby="118" ng="1" na="1">
  <java.net.URL>http://localhost:7077/</java.net.URL>
</httpSample>
<httpSample t="2" it="0" lt="2" ct="1" ts="1561082727775" s="true" lb="HTTP Request" rc="200" rm="" tn="Thread Group 1-43" dt="text" by="122" sby="118" ng="1" na="1">
  <java.net.URL>http://localhost:7077/</java.net.URL>
</httpSample>
<httpSample t="4" it="0" lt="3" ct="1" ts="1561082727777" s="true" lb="HTTP Request" rc="200" rm="" tn="Thread Group 1-43" dt="text" by="122" sby="118" ng="1" na="1">
  <java.net.URL>http://localhost:7077/</java.net.URL>
</httpSample>
<httpSample t="3" it="0" lt="3" ct="1" ts="1561082727781" s="true" lb="HTTP Request" rc="200" rm="" tn="Thread Group 1-43" dt="text" by="122" sby="118" ng="1" na="1">
  <java.net.URL>http://localhost:7077/</java.net.URL>
</httpSample>
<httpSample t="1" it="0" lt="1" ct="0" ts="1561082727785" s="true" lb="HTTP Request" rc="200" rm="" tn="Thread Group 1-43" dt="text" by="122" sby="118" ng="1" na="1">
  <java.net.URL>http://localhost:7077/</java.net.URL>
</httpSample>
<httpSample t="1" it="0" lt="1" ct="0" ts="1561082727787" s="true" lb="HTTP Request" rc="200" rm="" tn="Thread Group 1-43" dt="text" by="122" sby="118" ng="1" na="1">
  <java.net.URL>http://localhost:7077/</java.net.URL>
</httpSample>
<httpSample t="3" it="0" lt="3" ct="1" ts="1561082727788" s="true" lb="HTTP Request" rc="200" rm="" tn="Thread Group 1-43" dt="text" by="122" sby="118" ng="1" na="1">
  <java.net.URL>http://localhost:7077/</java.net.URL>
</httpSample>
<httpSample t="2" it="0" lt="2" ct="1" ts="1561082727867" s="true" lb="HTTP Request" rc="200" rm="" tn="Thread Group 1-44" dt="text" by="122" sby="118" ng="1" na="1">
  <java.net.URL>http://localhost:7077/</java.net.URL>
</httpSample>
<httpSample t="1" it="0" lt="1" ct="0" ts="1561082727870" s="true" lb="HTTP Request" rc="200" rm="" tn="Thread Group 1-44" dt="text" by="122" sby="118" ng="1" na="1">
  <java.net.URL>http://localhost:7077/</java.net.URL>
</httpSample>
<httpSample t="2" it="0" lt="2" ct="1" ts="1561082727871" s="true" lb="HTTP Request" rc="200" rm="" tn="Thread Group 1-44" dt="text" by="122" sby="118" ng="1" na="1">
  <java.net.URL>http://localhost:7077/</java.net.URL>
</httpSample>
<httpSample t="1" it="0" lt="1" ct="0" ts="1561082727873" s="true" lb="HTTP Request" rc="200" rm="" tn="Thread Group 1-44" dt="text" by="122" sby="118" ng="1" na="1">
  <java.net.URL>http://localhost:7077/</java.net.URL>
</httpSample>
<httpSample t="1" it="0" lt="1" ct="1" ts="1561082727874" s="true" lb="HTTP Request" rc="200" rm="" tn="Thread Group 1-44" dt="text" by="122" sby="118" ng="1" na="1">
  <java.net.URL>http://localhost:7077/</java.net.URL>
</httpSample>
<httpSample t="1" it="0" lt="1" ct="0" ts="1561082727876" s="true" lb="HTTP Request" rc="200" rm="" tn="Thread Group 1-44" dt="text" by="122" sby="118" ng="1" na="1">
  <java.net.URL>http://localhost:7077/</java.net.URL>
</httpSample>
<httpSample t="3" it="0" lt="3" ct="1" ts="1561082727877" s="true" lb="HTTP Request" rc="200" rm="" tn="Thread Group 1-44" dt="text" by="122" sby="118" ng="1" na="1">
  <java.net.URL>http://localhost:7077/</java.net.URL>
</httpSample>
<httpSample t="3" it="0" lt="3" ct="1" ts="1561082727880" s="true" lb="HTTP Request" rc="200" rm="" tn="Thread Group 1-44" dt="text" by="122" sby="118" ng="1" na="1">
  <java.net.URL>http://localhost:7077/</java.net.URL>
</httpSample>
<httpSample t="2" it="0" lt="1" ct="1" ts="1561082727883" s="true" lb="HTTP Request" rc="200" rm="" tn="Thread Group 1-44" dt="text" by="122" sby="118" ng="1" na="1">
  <java.net.URL>http://localhost:7077/</java.net.URL>
</httpSample>
<httpSample t="1" it="0" lt="1" ct="0" ts="1561082727885" s="true" lb="HTTP Request" rc="200" rm="" tn="Thread Group 1-44" dt="text" by="122" sby="118" ng="1" na="1">
  <java.net.URL>http://localhost:7077/</java.net.URL>
</httpSample>
<httpSample t="2" it="0" lt="2" ct="1" ts="1561082727966" s="true" lb="HTTP Request" rc="200" rm="" tn="Thread Group 1-45" dt="text" by="122" sby="118" ng="1" na="1">
  <java.net.URL>http://localhost:7077/</java.net.URL>
</httpSample>
<httpSample t="1" it="0" lt="1" ct="0" ts="1561082727969" s="true" lb="HTTP Request" rc="200" rm="" tn="Thread Group 1-45" dt="text" by="122" sby="118" ng="1" na="1">
  <java.net.URL>http://localhost:7077/</java.net.URL>
</httpSample>
<httpSample t="2" it="0" lt="2" ct="1" ts="1561082727970" s="true" lb="HTTP Request" rc="200" rm="" tn="Thread Group 1-45" dt="text" by="122" sby="118" ng="1" na="1">
  <java.net.URL>http://localhost:7077/</java.net.URL>
</httpSample>
<httpSample t="1" it="0" lt="1" ct="0" ts="1561082727972" s="true" lb="HTTP Request" rc="200" rm="" tn="Thread Group 1-45" dt="text" by="122" sby="118" ng="1" na="1">
  <java.net.URL>http://localhost:7077/</java.net.URL>
</httpSample>
<httpSample t="1" it="0" lt="1" ct="1" ts="1561082727973" s="true" lb="HTTP Request" rc="200" rm="" tn="Thread Group 1-45" dt="text" by="122" sby="118" ng="1" na="1">
  <java.net.URL>http://localhost:7077/</java.net.URL>
</httpSample>
<httpSample t="1" it="0" lt="1" ct="0" ts="1561082727975" s="true" lb="HTTP Request" rc="200" rm="" tn="Thread Group 1-45" dt="text" by="122" sby="118" ng="1" na="1">
  <java.net.URL>http://localhost:7077/</java.net.URL>
</httpSample>
<httpSample t="3" it="0" lt="3" ct="0" ts="1561082727976" s="true" lb="HTTP Request" rc="200" rm="" tn="Thread Group 1-45" dt="text" by="122" sby="118" ng="1" na="1">
  <java.net.URL>http://localhost:7077/</java.net.URL>
</httpSample>
<httpSample t="3" it="0" lt="3" ct="1" ts="1561082727979" s="true" lb="HTTP Request" rc="200" rm="" tn="Thread Group 1-45" dt="text" by="122" sby="118" ng="1" na="1">
  <java.net.URL>http://localhost:7077/</java.net.URL>
</httpSample>
<httpSample t="2" it="0" lt="2" ct="1" ts="1561082727982" s="true" lb="HTTP Request" rc="200" rm="" tn="Thread Group 1-45" dt="text" by="122" sby="118" ng="1" na="1">
  <java.net.URL>http://localhost:7077/</java.net.URL>
</httpSample>
<httpSample t="2" it="0" lt="2" ct="1" ts="1561082727984" s="true" lb="HTTP Request" rc="200" rm="" tn="Thread Group 1-45" dt="text" by="122" sby="118" ng="1" na="1">
  <java.net.URL>http://localhost:7077/</java.net.URL>
</httpSample>
<httpSample t="2" it="0" lt="2" ct="1" ts="1561082728066" s="true" lb="HTTP Request" rc="200" rm="" tn="Thread Group 1-46" dt="text" by="122" sby="118" ng="1" na="1">
  <java.net.URL>http://localhost:7077/</java.net.URL>
</httpSample>
<httpSample t="1" it="0" lt="1" ct="0" ts="1561082728069" s="true" lb="HTTP Request" rc="200" rm="" tn="Thread Group 1-46" dt="text" by="122" sby="118" ng="1" na="1">
  <java.net.URL>http://localhost:7077/</java.net.URL>
</httpSample>
<httpSample t="2" it="0" lt="2" ct="1" ts="1561082728070" s="true" lb="HTTP Request" rc="200" rm="" tn="Thread Group 1-46" dt="text" by="122" sby="118" ng="1" na="1">
  <java.net.URL>http://localhost:7077/</java.net.URL>
</httpSample>
<httpSample t="1" it="0" lt="1" ct="0" ts="1561082728072" s="true" lb="HTTP Request" rc="200" rm="" tn="Thread Group 1-46" dt="text" by="122" sby="118" ng="1" na="1">
  <java.net.URL>http://localhost:7077/</java.net.URL>
</httpSample>
<httpSample t="1" it="0" lt="1" ct="0" ts="1561082728074" s="true" lb="HTTP Request" rc="200" rm="" tn="Thread Group 1-46" dt="text" by="122" sby="118" ng="1" na="1">
  <java.net.URL>http://localhost:7077/</java.net.URL>
</httpSample>
<httpSample t="1" it="0" lt="1" ct="0" ts="1561082728075" s="true" lb="HTTP Request" rc="200" rm="" tn="Thread Group 1-46" dt="text" by="122" sby="118" ng="1" na="1">
  <java.net.URL>http://localhost:7077/</java.net.URL>
</httpSample>
<httpSample t="3" it="0" lt="3" ct="1" ts="1561082728076" s="true" lb="HTTP Request" rc="200" rm="" tn="Thread Group 1-46" dt="text" by="122" sby="118" ng="1" na="1">
  <java.net.URL>http://localhost:7077/</java.net.URL>
</httpSample>
<httpSample t="3" it="0" lt="3" ct="1" ts="1561082728079" s="true" lb="HTTP Request" rc="200" rm="" tn="Thread Group 1-46" dt="text" by="122" sby="118" ng="1" na="1">
  <java.net.URL>http://localhost:7077/</java.net.URL>
</httpSample>
<httpSample t="2" it="0" lt="2" ct="1" ts="1561082728082" s="true" lb="HTTP Request" rc="200" rm="" tn="Thread Group 1-46" dt="text" by="122" sby="118" ng="1" na="1">
  <java.net.URL>http://localhost:7077/</java.net.URL>
</httpSample>
<httpSample t="1" it="0" lt="1" ct="0" ts="1561082728084" s="true" lb="HTTP Request" rc="200" rm="" tn="Thread Group 1-46" dt="text" by="122" sby="118" ng="1" na="1">
  <java.net.URL>http://localhost:7077/</java.net.URL>
</httpSample>
<httpSample t="2" it="0" lt="2" ct="1" ts="1561082728167" s="true" lb="HTTP Request" rc="200" rm="" tn="Thread Group 1-47" dt="text" by="122" sby="118" ng="1" na="1">
  <java.net.URL>http://localhost:7077/</java.net.URL>
</httpSample>
<httpSample t="1" it="0" lt="1" ct="0" ts="1561082728170" s="true" lb="HTTP Request" rc="200" rm="" tn="Thread Group 1-47" dt="text" by="122" sby="118" ng="1" na="1">
  <java.net.URL>http://localhost:7077/</java.net.URL>
</httpSample>
<httpSample t="1" it="0" lt="1" ct="0" ts="1561082728172" s="true" lb="HTTP Request" rc="200" rm="" tn="Thread Group 1-47" dt="text" by="122" sby="118" ng="1" na="1">
  <java.net.URL>http://localhost:7077/</java.net.URL>
</httpSample>
<httpSample t="1" it="0" lt="1" ct="1" ts="1561082728173" s="true" lb="HTTP Request" rc="200" rm="" tn="Thread Group 1-47" dt="text" by="122" sby="118" ng="1" na="1">
  <java.net.URL>http://localhost:7077/</java.net.URL>
</httpSample>
<httpSample t="1" it="0" lt="1" ct="0" ts="1561082728175" s="true" lb="HTTP Request" rc="200" rm="" tn="Thread Group 1-47" dt="text" by="122" sby="118" ng="1" na="1">
  <java.net.URL>http://localhost:7077/</java.net.URL>
</httpSample>
<httpSample t="1" it="0" lt="1" ct="0" ts="1561082728176" s="true" lb="HTTP Request" rc="200" rm="" tn="Thread Group 1-47" dt="text" by="122" sby="118" ng="1" na="1">
  <java.net.URL>http://localhost:7077/</java.net.URL>
</httpSample>
<httpSample t="3" it="0" lt="3" ct="0" ts="1561082728177" s="true" lb="HTTP Request" rc="200" rm="" tn="Thread Group 1-47" dt="text" by="122" sby="118" ng="1" na="1">
  <java.net.URL>http://localhost:7077/</java.net.URL>
</httpSample>
<httpSample t="3" it="0" lt="3" ct="1" ts="1561082728180" s="true" lb="HTTP Request" rc="200" rm="" tn="Thread Group 1-47" dt="text" by="122" sby="118" ng="1" na="1">
  <java.net.URL>http://localhost:7077/</java.net.URL>
</httpSample>
<httpSample t="2" it="0" lt="2" ct="1" ts="1561082728183" s="true" lb="HTTP Request" rc="200" rm="" tn="Thread Group 1-47" dt="text" by="122" sby="118" ng="1" na="1">
  <java.net.URL>http://localhost:7077/</java.net.URL>
</httpSample>
<httpSample t="1" it="0" lt="1" ct="0" ts="1561082728185" s="true" lb="HTTP Request" rc="200" rm="" tn="Thread Group 1-47" dt="text" by="122" sby="118" ng="1" na="1">
  <java.net.URL>http://localhost:7077/</java.net.URL>
</httpSample>
<httpSample t="2" it="0" lt="2" ct="0" ts="1561082728268" s="true" lb="HTTP Request" rc="200" rm="" tn="Thread Group 1-48" dt="text" by="122" sby="118" ng="1" na="1">
  <java.net.URL>http://localhost:7077/</java.net.URL>
</httpSample>
<httpSample t="2" it="0" lt="2" ct="1" ts="1561082728270" s="true" lb="HTTP Request" rc="200" rm="" tn="Thread Group 1-48" dt="text" by="122" sby="118" ng="1" na="1">
  <java.net.URL>http://localhost:7077/</java.net.URL>
</httpSample>
<httpSample t="2" it="0" lt="2" ct="1" ts="1561082728272" s="true" lb="HTTP Request" rc="200" rm="" tn="Thread Group 1-48" dt="text" by="122" sby="118" ng="1" na="1">
  <java.net.URL>http://localhost:7077/</java.net.URL>
</httpSample>
<httpSample t="1" it="0" lt="1" ct="0" ts="1561082728274" s="true" lb="HTTP Request" rc="200" rm="" tn="Thread Group 1-48" dt="text" by="122" sby="118" ng="1" na="1">
  <java.net.URL>http://localhost:7077/</java.net.URL>
</httpSample>
<httpSample t="2" it="0" lt="2" ct="1" ts="1561082728275" s="true" lb="HTTP Request" rc="200" rm="" tn="Thread Group 1-48" dt="text" by="122" sby="118" ng="1" na="1">
  <java.net.URL>http://localhost:7077/</java.net.URL>
</httpSample>
<httpSample t="4" it="0" lt="4" ct="0" ts="1561082728277" s="true" lb="HTTP Request" rc="200" rm="" tn="Thread Group 1-48" dt="text" by="122" sby="118" ng="1" na="1">
  <java.net.URL>http://localhost:7077/</java.net.URL>
</httpSample>
<httpSample t="3" it="0" lt="3" ct="1" ts="1561082728281" s="true" lb="HTTP Request" rc="200" rm="" tn="Thread Group 1-48" dt="text" by="122" sby="118" ng="1" na="1">
  <java.net.URL>http://localhost:7077/</java.net.URL>
</httpSample>
<httpSample t="1" it="0" lt="1" ct="0" ts="1561082728285" s="true" lb="HTTP Request" rc="200" rm="" tn="Thread Group 1-48" dt="text" by="122" sby="118" ng="1" na="1">
  <java.net.URL>http://localhost:7077/</java.net.URL>
</httpSample>
<httpSample t="2" it="0" lt="2" ct="1" ts="1561082728286" s="true" lb="HTTP Request" rc="200" rm="" tn="Thread Group 1-48" dt="text" by="122" sby="118" ng="1" na="1">
  <java.net.URL>http://localhost:7077/</java.net.URL>
</httpSample>
<httpSample t="3" it="0" lt="3" ct="1" ts="1561082728288" s="true" lb="HTTP Request" rc="200" rm="" tn="Thread Group 1-48" dt="text" by="122" sby="118" ng="1" na="1">
  <java.net.URL>http://localhost:7077/</java.net.URL>
</httpSample>
<httpSample t="2" it="0" lt="2" ct="0" ts="1561082728367" s="true" lb="HTTP Request" rc="200" rm="" tn="Thread Group 1-49" dt="text" by="122" sby="118" ng="1" na="1">
  <java.net.URL>http://localhost:7077/</java.net.URL>
</httpSample>
<httpSample t="2" it="0" lt="2" ct="1" ts="1561082728369" s="true" lb="HTTP Request" rc="200" rm="" tn="Thread Group 1-49" dt="text" by="122" sby="118" ng="1" na="1">
  <java.net.URL>http://localhost:7077/</java.net.URL>
</httpSample>
<httpSample t="2" it="0" lt="2" ct="1" ts="1561082728371" s="true" lb="HTTP Request" rc="200" rm="" tn="Thread Group 1-49" dt="text" by="122" sby="118" ng="1" na="1">
  <java.net.URL>http://localhost:7077/</java.net.URL>
</httpSample>
<httpSample t="1" it="0" lt="1" ct="0" ts="1561082728373" s="true" lb="HTTP Request" rc="200" rm="" tn="Thread Group 1-49" dt="text" by="122" sby="118" ng="1" na="1">
  <java.net.URL>http://localhost:7077/</java.net.URL>
</httpSample>
<httpSample t="1" it="0" lt="1" ct="0" ts="1561082728375" s="true" lb="HTTP Request" rc="200" rm="" tn="Thread Group 1-49" dt="text" by="122" sby="118" ng="1" na="1">
  <java.net.URL>http://localhost:7077/</java.net.URL>
</httpSample>
<httpSample t="2" it="0" lt="2" ct="0" ts="1561082728377" s="true" lb="HTTP Request" rc="200" rm="" tn="Thread Group 1-49" dt="text" by="122" sby="118" ng="1" na="1">
  <java.net.URL>http://localhost:7077/</java.net.URL>
</httpSample>
<httpSample t="3" it="0" lt="3" ct="1" ts="1561082728379" s="true" lb="HTTP Request" rc="200" rm="" tn="Thread Group 1-49" dt="text" by="122" sby="118" ng="1" na="1">
  <java.net.URL>http://localhost:7077/</java.net.URL>
</httpSample>
<httpSample t="2" it="0" lt="2" ct="1" ts="1561082728382" s="true" lb="HTTP Request" rc="200" rm="" tn="Thread Group 1-49" dt="text" by="122" sby="118" ng="1" na="1">
  <java.net.URL>http://localhost:7077/</java.net.URL>
</httpSample>
<httpSample t="1" it="0" lt="1" ct="0" ts="1561082728384" s="true" lb="HTTP Request" rc="200" rm="" tn="Thread Group 1-49" dt="text" by="122" sby="118" ng="1" na="1">
  <java.net.URL>http://localhost:7077/</java.net.URL>
</httpSample>
<httpSample t="1" it="0" lt="1" ct="0" ts="1561082728386" s="true" lb="HTTP Request" rc="200" rm="" tn="Thread Group 1-49" dt="text" by="122" sby="118" ng="1" na="1">
  <java.net.URL>http://localhost:7077/</java.net.URL>
</httpSample>
<httpSample t="3" it="0" lt="3" ct="1" ts="1561082728467" s="true" lb="HTTP Request" rc="200" rm="" tn="Thread Group 1-50" dt="text" by="122" sby="118" ng="1" na="1">
  <java.net.URL>http://localhost:7077/</java.net.URL>
</httpSample>
<httpSample t="1" it="0" lt="1" ct="0" ts="1561082728470" s="true" lb="HTTP Request" rc="200" rm="" tn="Thread Group 1-50" dt="text" by="122" sby="118" ng="1" na="1">
  <java.net.URL>http://localhost:7077/</java.net.URL>
</httpSample>
<httpSample t="1" it="0" lt="1" ct="0" ts="1561082728472" s="true" lb="HTTP Request" rc="200" rm="" tn="Thread Group 1-50" dt="text" by="122" sby="118" ng="1" na="1">
  <java.net.URL>http://localhost:7077/</java.net.URL>
</httpSample>
<httpSample t="1" it="0" lt="1" ct="0" ts="1561082728473" s="true" lb="HTTP Request" rc="200" rm="" tn="Thread Group 1-50" dt="text" by="122" sby="118" ng="1" na="1">
  <java.net.URL>http://localhost:7077/</java.net.URL>
</httpSample>
<httpSample t="1" it="0" lt="1" ct="0" ts="1561082728475" s="true" lb="HTTP Request" rc="200" rm="" tn="Thread Group 1-50" dt="text" by="122" sby="118" ng="1" na="1">
  <java.net.URL>http://localhost:7077/</java.net.URL>
</httpSample>
<httpSample t="1" it="0" lt="1" ct="1" ts="1561082728476" s="true" lb="HTTP Request" rc="200" rm="" tn="Thread Group 1-50" dt="text" by="122" sby="118" ng="1" na="1">
  <java.net.URL>http://localhost:7077/</java.net.URL>
</httpSample>
<httpSample t="2" it="0" lt="2" ct="0" ts="1561082728478" s="true" lb="HTTP Request" rc="200" rm="" tn="Thread Group 1-50" dt="text" by="122" sby="118" ng="1" na="1">
  <java.net.URL>http://localhost:7077/</java.net.URL>
</httpSample>
<httpSample t="3" it="0" lt="3" ct="0" ts="1561082728481" s="true" lb="HTTP Request" rc="200" rm="" tn="Thread Group 1-50" dt="text" by="122" sby="118" ng="1" na="1">
  <java.net.URL>http://localhost:7077/</java.net.URL>
</httpSample>
<httpSample t="1" it="0" lt="1" ct="0" ts="1561082728485" s="true" lb="HTTP Request" rc="200" rm="" tn="Thread Group 1-50" dt="text" by="122" sby="118" ng="1" na="1">
  <java.net.URL>http://localhost:7077/</java.net.URL>
</httpSample>
<httpSample t="2" it="0" lt="2" ct="1" ts="1561082728486" s="true" lb="HTTP Request" rc="200" rm="" tn="Thread Group 1-50" dt="text" by="122" sby="118" ng="1" na="1">
  <java.net.URL>http://localhost:7077/</java.net.URL>
</httpSample>
<httpSample t="3" it="0" lt="3" ct="1" ts="1561082728567" s="true" lb="HTTP Request" rc="200" rm="" tn="Thread Group 1-51" dt="text" by="122" sby="118" ng="1" na="1">
  <java.net.URL>http://localhost:7077/</java.net.URL>
</httpSample>
<httpSample t="2" it="0" lt="1" ct="0" ts="1561082728570" s="true" lb="HTTP Request" rc="200" rm="" tn="Thread Group 1-51" dt="text" by="122" sby="118" ng="1" na="1">
  <java.net.URL>http://localhost:7077/</java.net.URL>
</httpSample>
<httpSample t="2" it="0" lt="2" ct="0" ts="1561082728572" s="true" lb="HTTP Request" rc="200" rm="" tn="Thread Group 1-51" dt="text" by="122" sby="118" ng="1" na="1">
  <java.net.URL>http://localhost:7077/</java.net.URL>
</httpSample>
<httpSample t="1" it="0" lt="1" ct="0" ts="1561082728574" s="true" lb="HTTP Request" rc="200" rm="" tn="Thread Group 1-51" dt="text" by="122" sby="118" ng="1" na="1">
  <java.net.URL>http://localhost:7077/</java.net.URL>
</httpSample>
<httpSample t="1" it="0" lt="1" ct="0" ts="1561082728576" s="true" lb="HTTP Request" rc="200" rm="" tn="Thread Group 1-51" dt="text" by="122" sby="118" ng="1" na="1">
  <java.net.URL>http://localhost:7077/</java.net.URL>
</httpSample>
<httpSample t="3" it="0" lt="3" ct="0" ts="1561082728577" s="true" lb="HTTP Request" rc="200" rm="" tn="Thread Group 1-51" dt="text" by="122" sby="118" ng="1" na="1">
  <java.net.URL>http://localhost:7077/</java.net.URL>
</httpSample>
<httpSample t="3" it="0" lt="3" ct="1" ts="1561082728580" s="true" lb="HTTP Request" rc="200" rm="" tn="Thread Group 1-51" dt="text" by="122" sby="118" ng="1" na="1">
  <java.net.URL>http://localhost:7077/</java.net.URL>
</httpSample>
<httpSample t="2" it="0" lt="2" ct="1" ts="1561082728583" s="true" lb="HTTP Request" rc="200" rm="" tn="Thread Group 1-51" dt="text" by="122" sby="118" ng="1" na="1">
  <java.net.URL>http://localhost:7077/</java.net.URL>
</httpSample>
<httpSample t="1" it="0" lt="1" ct="0" ts="1561082728585" s="true" lb="HTTP Request" rc="200" rm="" tn="Thread Group 1-51" dt="text" by="122" sby="118" ng="1" na="1">
  <java.net.URL>http://localhost:7077/</java.net.URL>
</httpSample>
<httpSample t="1" it="0" lt="1" ct="1" ts="1561082728586" s="true" lb="HTTP Request" rc="200" rm="" tn="Thread Group 1-51" dt="text" by="122" sby="118" ng="1" na="1">
  <java.net.URL>http://localhost:7077/</java.net.URL>
</httpSample>
<httpSample t="2" it="0" lt="2" ct="1" ts="1561082728666" s="true" lb="HTTP Request" rc="200" rm="" tn="Thread Group 1-52" dt="text" by="122" sby="118" ng="1" na="1">
  <java.net.URL>http://localhost:7077/</java.net.URL>
</httpSample>
<httpSample t="4" it="0" lt="4" ct="2" ts="1561082728669" s="true" lb="HTTP Request" rc="200" rm="" tn="Thread Group 1-52" dt="text" by="122" sby="118" ng="1" na="1">
  <java.net.URL>http://localhost:7077/</java.net.URL>
</httpSample>
<httpSample t="2" it="0" lt="2" ct="1" ts="1561082728690" s="true" lb="HTTP Request" rc="200" rm="" tn="Thread Group 1-52" dt="text" by="122" sby="118" ng="1" na="1">
  <java.net.URL>http://localhost:7077/</java.net.URL>
</httpSample>
<httpSample t="2" it="0" lt="2" ct="1" ts="1561082728693" s="true" lb="HTTP Request" rc="200" rm="" tn="Thread Group 1-52" dt="text" by="122" sby="118" ng="1" na="1">
  <java.net.URL>http://localhost:7077/</java.net.URL>
</httpSample>
<httpSample t="2" it="0" lt="2" ct="1" ts="1561082728695" s="true" lb="HTTP Request" rc="200" rm="" tn="Thread Group 1-52" dt="text" by="122" sby="118" ng="1" na="1">
  <java.net.URL>http://localhost:7077/</java.net.URL>
</httpSample>
<httpSample t="2" it="0" lt="2" ct="1" ts="1561082728697" s="true" lb="HTTP Request" rc="200" rm="" tn="Thread Group 1-52" dt="text" by="122" sby="118" ng="1" na="1">
  <java.net.URL>http://localhost:7077/</java.net.URL>
</httpSample>
<httpSample t="2" it="0" lt="2" ct="0" ts="1561082728700" s="true" lb="HTTP Request" rc="200" rm="" tn="Thread Group 1-52" dt="text" by="122" sby="118" ng="1" na="1">
  <java.net.URL>http://localhost:7077/</java.net.URL>
</httpSample>
<httpSample t="3" it="0" lt="3" ct="0" ts="1561082728703" s="true" lb="HTTP Request" rc="200" rm="" tn="Thread Group 1-52" dt="text" by="122" sby="118" ng="1" na="1">
  <java.net.URL>http://localhost:7077/</java.net.URL>
</httpSample>
<httpSample t="2" it="0" lt="2" ct="1" ts="1561082728706" s="true" lb="HTTP Request" rc="200" rm="" tn="Thread Group 1-52" dt="text" by="122" sby="118" ng="1" na="1">
  <java.net.URL>http://localhost:7077/</java.net.URL>
</httpSample>
<httpSample t="2" it="0" lt="2" ct="1" ts="1561082728708" s="true" lb="HTTP Request" rc="200" rm="" tn="Thread Group 1-52" dt="text" by="122" sby="118" ng="1" na="1">
  <java.net.URL>http://localhost:7077/</java.net.URL>
</httpSample>
<httpSample t="2" it="0" lt="2" ct="1" ts="1561082728766" s="true" lb="HTTP Request" rc="200" rm="" tn="Thread Group 1-53" dt="text" by="122" sby="118" ng="1" na="1">
  <java.net.URL>http://localhost:7077/</java.net.URL>
</httpSample>
<httpSample t="2" it="0" lt="2" ct="1" ts="1561082728768" s="true" lb="HTTP Request" rc="200" rm="" tn="Thread Group 1-53" dt="text" by="122" sby="118" ng="1" na="1">
  <java.net.URL>http://localhost:7077/</java.net.URL>
</httpSample>
<httpSample t="1" it="0" lt="1" ct="0" ts="1561082728770" s="true" lb="HTTP Request" rc="200" rm="" tn="Thread Group 1-53" dt="text" by="122" sby="118" ng="1" na="1">
  <java.net.URL>http://localhost:7077/</java.net.URL>
</httpSample>
<httpSample t="1" it="0" lt="1" ct="1" ts="1561082728771" s="true" lb="HTTP Request" rc="200" rm="" tn="Thread Group 1-53" dt="text" by="122" sby="118" ng="1" na="1">
  <java.net.URL>http://localhost:7077/</java.net.URL>
</httpSample>
<httpSample t="1" it="0" lt="1" ct="0" ts="1561082728773" s="true" lb="HTTP Request" rc="200" rm="" tn="Thread Group 1-53" dt="text" by="122" sby="118" ng="1" na="1">
  <java.net.URL>http://localhost:7077/</java.net.URL>
</httpSample>
<httpSample t="1" it="0" lt="1" ct="0" ts="1561082728774" s="true" lb="HTTP Request" rc="200" rm="" tn="Thread Group 1-53" dt="text" by="122" sby="118" ng="1" na="1">
  <java.net.URL>http://localhost:7077/</java.net.URL>
</httpSample>
<httpSample t="3" it="0" lt="3" ct="1" ts="1561082728775" s="true" lb="HTTP Request" rc="200" rm="" tn="Thread Group 1-53" dt="text" by="122" sby="118" ng="1" na="1">
  <java.net.URL>http://localhost:7077/</java.net.URL>
</httpSample>
<httpSample t="2" it="0" lt="2" ct="0" ts="1561082728779" s="true" lb="HTTP Request" rc="200" rm="" tn="Thread Group 1-53" dt="text" by="122" sby="118" ng="1" na="1">
  <java.net.URL>http://localhost:7077/</java.net.URL>
</httpSample>
<httpSample t="1" it="0" lt="1" ct="0" ts="1561082728782" s="true" lb="HTTP Request" rc="200" rm="" tn="Thread Group 1-53" dt="text" by="122" sby="118" ng="1" na="1">
  <java.net.URL>http://localhost:7077/</java.net.URL>
</httpSample>
<httpSample t="1" it="0" lt="1" ct="0" ts="1561082728784" s="true" lb="HTTP Request" rc="200" rm="" tn="Thread Group 1-53" dt="text" by="122" sby="118" ng="1" na="1">
  <java.net.URL>http://localhost:7077/</java.net.URL>
</httpSample>
<httpSample t="2" it="0" lt="2" ct="1" ts="1561082728867" s="true" lb="HTTP Request" rc="200" rm="" tn="Thread Group 1-54" dt="text" by="122" sby="118" ng="1" na="1">
  <java.net.URL>http://localhost:7077/</java.net.URL>
</httpSample>
<httpSample t="2" it="0" lt="2" ct="1" ts="1561082728869" s="true" lb="HTTP Request" rc="200" rm="" tn="Thread Group 1-54" dt="text" by="122" sby="118" ng="1" na="1">
  <java.net.URL>http://localhost:7077/</java.net.URL>
</httpSample>
<httpSample t="1" it="0" lt="1" ct="1" ts="1561082728871" s="true" lb="HTTP Request" rc="200" rm="" tn="Thread Group 1-54" dt="text" by="122" sby="118" ng="1" na="1">
  <java.net.URL>http://localhost:7077/</java.net.URL>
</httpSample>
<httpSample t="1" it="0" lt="1" ct="0" ts="1561082728873" s="true" lb="HTTP Request" rc="200" rm="" tn="Thread Group 1-54" dt="text" by="122" sby="118" ng="1" na="1">
  <java.net.URL>http://localhost:7077/</java.net.URL>
</httpSample>
<httpSample t="1" it="0" lt="1" ct="0" ts="1561082728874" s="true" lb="HTTP Request" rc="200" rm="" tn="Thread Group 1-54" dt="text" by="122" sby="118" ng="1" na="1">
  <java.net.URL>http://localhost:7077/</java.net.URL>
</httpSample>
<httpSample t="2" it="0" lt="2" ct="1" ts="1561082728875" s="true" lb="HTTP Request" rc="200" rm="" tn="Thread Group 1-54" dt="text" by="122" sby="118" ng="1" na="1">
  <java.net.URL>http://localhost:7077/</java.net.URL>
</httpSample>
<httpSample t="3" it="0" lt="3" ct="1" ts="1561082728877" s="true" lb="HTTP Request" rc="200" rm="" tn="Thread Group 1-54" dt="text" by="122" sby="118" ng="1" na="1">
  <java.net.URL>http://localhost:7077/</java.net.URL>
</httpSample>
<httpSample t="3" it="0" lt="3" ct="1" ts="1561082728880" s="true" lb="HTTP Request" rc="200" rm="" tn="Thread Group 1-54" dt="text" by="122" sby="118" ng="1" na="1">
  <java.net.URL>http://localhost:7077/</java.net.URL>
</httpSample>
<httpSample t="2" it="0" lt="2" ct="1" ts="1561082728883" s="true" lb="HTTP Request" rc="200" rm="" tn="Thread Group 1-54" dt="text" by="122" sby="118" ng="1" na="1">
  <java.net.URL>http://localhost:7077/</java.net.URL>
</httpSample>
<httpSample t="2" it="0" lt="2" ct="1" ts="1561082728885" s="true" lb="HTTP Request" rc="200" rm="" tn="Thread Group 1-54" dt="text" by="122" sby="118" ng="1" na="1">
  <java.net.URL>http://localhost:7077/</java.net.URL>
</httpSample>
<httpSample t="2" it="0" lt="2" ct="1" ts="1561082728967" s="true" lb="HTTP Request" rc="200" rm="" tn="Thread Group 1-55" dt="text" by="122" sby="118" ng="1" na="1">
  <java.net.URL>http://localhost:7077/</java.net.URL>
</httpSample>
<httpSample t="1" it="0" lt="1" ct="0" ts="1561082728970" s="true" lb="HTTP Request" rc="200" rm="" tn="Thread Group 1-55" dt="text" by="122" sby="118" ng="1" na="1">
  <java.net.URL>http://localhost:7077/</java.net.URL>
</httpSample>
<httpSample t="2" it="0" lt="2" ct="1" ts="1561082728971" s="true" lb="HTTP Request" rc="200" rm="" tn="Thread Group 1-55" dt="text" by="122" sby="118" ng="1" na="1">
  <java.net.URL>http://localhost:7077/</java.net.URL>
</httpSample>
<httpSample t="1" it="0" lt="1" ct="0" ts="1561082728973" s="true" lb="HTTP Request" rc="200" rm="" tn="Thread Group 1-55" dt="text" by="122" sby="118" ng="1" na="1">
  <java.net.URL>http://localhost:7077/</java.net.URL>
</httpSample>
<httpSample t="1" it="0" lt="1" ct="1" ts="1561082728974" s="true" lb="HTTP Request" rc="200" rm="" tn="Thread Group 1-55" dt="text" by="122" sby="118" ng="1" na="1">
  <java.net.URL>http://localhost:7077/</java.net.URL>
</httpSample>
<httpSample t="1" it="0" lt="1" ct="0" ts="1561082728976" s="true" lb="HTTP Request" rc="200" rm="" tn="Thread Group 1-55" dt="text" by="122" sby="118" ng="1" na="1">
  <java.net.URL>http://localhost:7077/</java.net.URL>
</httpSample>
<httpSample t="3" it="0" lt="3" ct="0" ts="1561082728977" s="true" lb="HTTP Request" rc="200" rm="" tn="Thread Group 1-55" dt="text" by="122" sby="118" ng="1" na="1">
  <java.net.URL>http://localhost:7077/</java.net.URL>
</httpSample>
<httpSample t="3" it="0" lt="3" ct="1" ts="1561082728980" s="true" lb="HTTP Request" rc="200" rm="" tn="Thread Group 1-55" dt="text" by="122" sby="118" ng="1" na="1">
  <java.net.URL>http://localhost:7077/</java.net.URL>
</httpSample>
<httpSample t="2" it="0" lt="2" ct="1" ts="1561082728983" s="true" lb="HTTP Request" rc="200" rm="" tn="Thread Group 1-55" dt="text" by="122" sby="118" ng="1" na="1">
  <java.net.URL>http://localhost:7077/</java.net.URL>
</httpSample>
<httpSample t="1" it="0" lt="1" ct="0" ts="1561082728985" s="true" lb="HTTP Request" rc="200" rm="" tn="Thread Group 1-55" dt="text" by="122" sby="118" ng="1" na="1">
  <java.net.URL>http://localhost:7077/</java.net.URL>
</httpSample>
<httpSample t="2" it="0" lt="2" ct="1" ts="1561082729066" s="true" lb="HTTP Request" rc="200" rm="" tn="Thread Group 1-56" dt="text" by="122" sby="118" ng="1" na="1">
  <java.net.URL>http://localhost:7077/</java.net.URL>
</httpSample>
<httpSample t="1" it="0" lt="1" ct="0" ts="1561082729069" s="true" lb="HTTP Request" rc="200" rm="" tn="Thread Group 1-56" dt="text" by="122" sby="118" ng="1" na="1">
  <java.net.URL>http://localhost:7077/</java.net.URL>
</httpSample>
<httpSample t="1" it="0" lt="1" ct="0" ts="1561082729071" s="true" lb="HTTP Request" rc="200" rm="" tn="Thread Group 1-56" dt="text" by="122" sby="118" ng="1" na="1">
  <java.net.URL>http://localhost:7077/</java.net.URL>
</httpSample>
<httpSample t="1" it="0" lt="1" ct="0" ts="1561082729072" s="true" lb="HTTP Request" rc="200" rm="" tn="Thread Group 1-56" dt="text" by="122" sby="118" ng="1" na="1">
  <java.net.URL>http://localhost:7077/</java.net.URL>
</httpSample>
<httpSample t="1" it="0" lt="1" ct="0" ts="1561082729074" s="true" lb="HTTP Request" rc="200" rm="" tn="Thread Group 1-56" dt="text" by="122" sby="118" ng="1" na="1">
  <java.net.URL>http://localhost:7077/</java.net.URL>
</httpSample>
<httpSample t="3" it="0" lt="2" ct="0" ts="1561082729076" s="true" lb="HTTP Request" rc="200" rm="" tn="Thread Group 1-56" dt="text" by="122" sby="118" ng="1" na="1">
  <java.net.URL>http://localhost:7077/</java.net.URL>
</httpSample>
<httpSample t="10" it="0" lt="10" ct="0" ts="1561082729079" s="true" lb="HTTP Request" rc="200" rm="" tn="Thread Group 1-56" dt="text" by="122" sby="118" ng="1" na="1">
  <java.net.URL>http://localhost:7077/</java.net.URL>
</httpSample>
<httpSample t="2" it="0" lt="2" ct="1" ts="1561082729089" s="true" lb="HTTP Request" rc="200" rm="" tn="Thread Group 1-56" dt="text" by="122" sby="118" ng="1" na="1">
  <java.net.URL>http://localhost:7077/</java.net.URL>
</httpSample>
<httpSample t="2" it="0" lt="2" ct="1" ts="1561082729091" s="true" lb="HTTP Request" rc="200" rm="" tn="Thread Group 1-56" dt="text" by="122" sby="118" ng="1" na="1">
  <java.net.URL>http://localhost:7077/</java.net.URL>
</httpSample>
<httpSample t="2" it="0" lt="2" ct="1" ts="1561082729093" s="true" lb="HTTP Request" rc="200" rm="" tn="Thread Group 1-56" dt="text" by="122" sby="118" ng="1" na="1">
  <java.net.URL>http://localhost:7077/</java.net.URL>
</httpSample>
<httpSample t="3" it="0" lt="3" ct="1" ts="1561082729166" s="true" lb="HTTP Request" rc="200" rm="" tn="Thread Group 1-57" dt="text" by="122" sby="118" ng="1" na="1">
  <java.net.URL>http://localhost:7077/</java.net.URL>
</httpSample>
<httpSample t="1" it="0" lt="1" ct="0" ts="1561082729169" s="true" lb="HTTP Request" rc="200" rm="" tn="Thread Group 1-57" dt="text" by="122" sby="118" ng="1" na="1">
  <java.net.URL>http://localhost:7077/</java.net.URL>
</httpSample>
<httpSample t="1" it="0" lt="1" ct="0" ts="1561082729171" s="true" lb="HTTP Request" rc="200" rm="" tn="Thread Group 1-57" dt="text" by="122" sby="118" ng="1" na="1">
  <java.net.URL>http://localhost:7077/</java.net.URL>
</httpSample>
<httpSample t="2" it="0" lt="2" ct="1" ts="1561082729172" s="true" lb="HTTP Request" rc="200" rm="" tn="Thread Group 1-57" dt="text" by="122" sby="118" ng="1" na="1">
  <java.net.URL>http://localhost:7077/</java.net.URL>
</httpSample>
<httpSample t="1" it="0" lt="1" ct="0" ts="1561082729174" s="true" lb="HTTP Request" rc="200" rm="" tn="Thread Group 1-57" dt="text" by="122" sby="118" ng="1" na="1">
  <java.net.URL>http://localhost:7077/</java.net.URL>
</httpSample>
<httpSample t="3" it="0" lt="3" ct="0" ts="1561082729176" s="true" lb="HTTP Request" rc="200" rm="" tn="Thread Group 1-57" dt="text" by="122" sby="118" ng="1" na="1">
  <java.net.URL>http://localhost:7077/</java.net.URL>
</httpSample>
<httpSample t="3" it="0" lt="3" ct="1" ts="1561082729179" s="true" lb="HTTP Request" rc="200" rm="" tn="Thread Group 1-57" dt="text" by="122" sby="118" ng="1" na="1">
  <java.net.URL>http://localhost:7077/</java.net.URL>
</httpSample>
<httpSample t="2" it="0" lt="2" ct="1" ts="1561082729182" s="true" lb="HTTP Request" rc="200" rm="" tn="Thread Group 1-57" dt="text" by="122" sby="118" ng="1" na="1">
  <java.net.URL>http://localhost:7077/</java.net.URL>
</httpSample>
<httpSample t="2" it="0" lt="2" ct="1" ts="1561082729184" s="true" lb="HTTP Request" rc="200" rm="" tn="Thread Group 1-57" dt="text" by="122" sby="118" ng="1" na="1">
  <java.net.URL>http://localhost:7077/</java.net.URL>
</httpSample>
<httpSample t="3" it="0" lt="3" ct="1" ts="1561082729186" s="true" lb="HTTP Request" rc="200" rm="" tn="Thread Group 1-57" dt="text" by="122" sby="118" ng="1" na="1">
  <java.net.URL>http://localhost:7077/</java.net.URL>
</httpSample>
<httpSample t="3" it="0" lt="3" ct="1" ts="1561082729266" s="true" lb="HTTP Request" rc="200" rm="" tn="Thread Group 1-58" dt="text" by="122" sby="118" ng="1" na="1">
  <java.net.URL>http://localhost:7077/</java.net.URL>
</httpSample>
<httpSample t="2" it="0" lt="2" ct="1" ts="1561082729269" s="true" lb="HTTP Request" rc="200" rm="" tn="Thread Group 1-58" dt="text" by="122" sby="118" ng="1" na="1">
  <java.net.URL>http://localhost:7077/</java.net.URL>
</httpSample>
<httpSample t="1" it="0" lt="1" ct="0" ts="1561082729271" s="true" lb="HTTP Request" rc="200" rm="" tn="Thread Group 1-58" dt="text" by="122" sby="118" ng="1" na="1">
  <java.net.URL>http://localhost:7077/</java.net.URL>
</httpSample>
<httpSample t="1" it="0" lt="1" ct="0" ts="1561082729273" s="true" lb="HTTP Request" rc="200" rm="" tn="Thread Group 1-58" dt="text" by="122" sby="118" ng="1" na="1">
  <java.net.URL>http://localhost:7077/</java.net.URL>
</httpSample>
<httpSample t="2" it="0" lt="1" ct="1" ts="1561082729274" s="true" lb="HTTP Request" rc="200" rm="" tn="Thread Group 1-58" dt="text" by="122" sby="118" ng="1" na="1">
  <java.net.URL>http://localhost:7077/</java.net.URL>
</httpSample>
<httpSample t="3" it="0" lt="3" ct="1" ts="1561082729276" s="true" lb="HTTP Request" rc="200" rm="" tn="Thread Group 1-58" dt="text" by="122" sby="118" ng="1" na="1">
  <java.net.URL>http://localhost:7077/</java.net.URL>
</httpSample>
<httpSample t="3" it="0" lt="3" ct="1" ts="1561082729279" s="true" lb="HTTP Request" rc="200" rm="" tn="Thread Group 1-58" dt="text" by="122" sby="118" ng="1" na="1">
  <java.net.URL>http://localhost:7077/</java.net.URL>
</httpSample>
<httpSample t="2" it="0" lt="2" ct="1" ts="1561082729282" s="true" lb="HTTP Request" rc="200" rm="" tn="Thread Group 1-58" dt="text" by="122" sby="118" ng="1" na="1">
  <java.net.URL>http://localhost:7077/</java.net.URL>
</httpSample>
<httpSample t="2" it="0" lt="2" ct="1" ts="1561082729284" s="true" lb="HTTP Request" rc="200" rm="" tn="Thread Group 1-58" dt="text" by="122" sby="118" ng="1" na="1">
  <java.net.URL>http://localhost:7077/</java.net.URL>
</httpSample>
<httpSample t="3" it="0" lt="3" ct="0" ts="1561082729286" s="true" lb="HTTP Request" rc="200" rm="" tn="Thread Group 1-58" dt="text" by="122" sby="118" ng="1" na="1">
  <java.net.URL>http://localhost:7077/</java.net.URL>
</httpSample>
<httpSample t="2" it="0" lt="2" ct="0" ts="1561082729367" s="true" lb="HTTP Request" rc="200" rm="" tn="Thread Group 1-59" dt="text" by="122" sby="118" ng="1" na="1">
  <java.net.URL>http://localhost:7077/</java.net.URL>
</httpSample>
<httpSample t="2" it="0" lt="2" ct="1" ts="1561082729369" s="true" lb="HTTP Request" rc="200" rm="" tn="Thread Group 1-59" dt="text" by="122" sby="118" ng="1" na="1">
  <java.net.URL>http://localhost:7077/</java.net.URL>
</httpSample>
<httpSample t="1" it="0" lt="1" ct="0" ts="1561082729371" s="true" lb="HTTP Request" rc="200" rm="" tn="Thread Group 1-59" dt="text" by="122" sby="118" ng="1" na="1">
  <java.net.URL>http://localhost:7077/</java.net.URL>
</httpSample>
<httpSample t="1" it="0" lt="1" ct="0" ts="1561082729373" s="true" lb="HTTP Request" rc="200" rm="" tn="Thread Group 1-59" dt="text" by="122" sby="118" ng="1" na="1">
  <java.net.URL>http://localhost:7077/</java.net.URL>
</httpSample>
<httpSample t="2" it="0" lt="2" ct="1" ts="1561082729374" s="true" lb="HTTP Request" rc="200" rm="" tn="Thread Group 1-59" dt="text" by="122" sby="118" ng="1" na="1">
  <java.net.URL>http://localhost:7077/</java.net.URL>
</httpSample>
<httpSample t="3" it="0" lt="3" ct="0" ts="1561082729376" s="true" lb="HTTP Request" rc="200" rm="" tn="Thread Group 1-59" dt="text" by="122" sby="118" ng="1" na="1">
  <java.net.URL>http://localhost:7077/</java.net.URL>
</httpSample>
<httpSample t="3" it="0" lt="3" ct="1" ts="1561082729379" s="true" lb="HTTP Request" rc="200" rm="" tn="Thread Group 1-59" dt="text" by="122" sby="118" ng="1" na="1">
  <java.net.URL>http://localhost:7077/</java.net.URL>
</httpSample>
<httpSample t="2" it="0" lt="2" ct="1" ts="1561082729382" s="true" lb="HTTP Request" rc="200" rm="" tn="Thread Group 1-59" dt="text" by="122" sby="118" ng="1" na="1">
  <java.net.URL>http://localhost:7077/</java.net.URL>
</httpSample>
<httpSample t="1" it="0" lt="1" ct="0" ts="1561082729384" s="true" lb="HTTP Request" rc="200" rm="" tn="Thread Group 1-59" dt="text" by="122" sby="118" ng="1" na="1">
  <java.net.URL>http://localhost:7077/</java.net.URL>
</httpSample>
<httpSample t="2" it="0" lt="2" ct="1" ts="1561082729385" s="true" lb="HTTP Request" rc="200" rm="" tn="Thread Group 1-59" dt="text" by="122" sby="118" ng="1" na="1">
  <java.net.URL>http://localhost:7077/</java.net.URL>
</httpSample>
<httpSample t="2" it="0" lt="2" ct="0" ts="1561082729467" s="true" lb="HTTP Request" rc="200" rm="" tn="Thread Group 1-60" dt="text" by="122" sby="118" ng="1" na="1">
  <java.net.URL>http://localhost:7077/</java.net.URL>
</httpSample>
<httpSample t="2" it="0" lt="2" ct="1" ts="1561082729469" s="true" lb="HTTP Request" rc="200" rm="" tn="Thread Group 1-60" dt="text" by="122" sby="118" ng="1" na="1">
  <java.net.URL>http://localhost:7077/</java.net.URL>
</httpSample>
<httpSample t="1" it="0" lt="1" ct="0" ts="1561082729471" s="true" lb="HTTP Request" rc="200" rm="" tn="Thread Group 1-60" dt="text" by="122" sby="118" ng="1" na="1">
  <java.net.URL>http://localhost:7077/</java.net.URL>
</httpSample>
<httpSample t="1" it="0" lt="1" ct="0" ts="1561082729473" s="true" lb="HTTP Request" rc="200" rm="" tn="Thread Group 1-60" dt="text" by="122" sby="118" ng="1" na="1">
  <java.net.URL>http://localhost:7077/</java.net.URL>
</httpSample>
<httpSample t="2" it="0" lt="2" ct="1" ts="1561082729474" s="true" lb="HTTP Request" rc="200" rm="" tn="Thread Group 1-60" dt="text" by="122" sby="118" ng="1" na="1">
  <java.net.URL>http://localhost:7077/</java.net.URL>
</httpSample>
<httpSample t="3" it="0" lt="3" ct="0" ts="1561082729476" s="true" lb="HTTP Request" rc="200" rm="" tn="Thread Group 1-60" dt="text" by="122" sby="118" ng="1" na="1">
  <java.net.URL>http://localhost:7077/</java.net.URL>
</httpSample>
<httpSample t="3" it="0" lt="3" ct="1" ts="1561082729479" s="true" lb="HTTP Request" rc="200" rm="" tn="Thread Group 1-60" dt="text" by="122" sby="118" ng="1" na="1">
  <java.net.URL>http://localhost:7077/</java.net.URL>
</httpSample>
<httpSample t="2" it="0" lt="2" ct="1" ts="1561082729482" s="true" lb="HTTP Request" rc="200" rm="" tn="Thread Group 1-60" dt="text" by="122" sby="118" ng="1" na="1">
  <java.net.URL>http://localhost:7077/</java.net.URL>
</httpSample>
<httpSample t="2" it="0" lt="2" ct="1" ts="1561082729484" s="true" lb="HTTP Request" rc="200" rm="" tn="Thread Group 1-60" dt="text" by="122" sby="118" ng="1" na="1">
  <java.net.URL>http://localhost:7077/</java.net.URL>
</httpSample>
<httpSample t="3" it="0" lt="3" ct="1" ts="1561082729486" s="true" lb="HTTP Request" rc="200" rm="" tn="Thread Group 1-60" dt="text" by="122" sby="118" ng="1" na="1">
  <java.net.URL>http://localhost:7077/</java.net.URL>
</httpSample>
<httpSample t="2" it="0" lt="2" ct="1" ts="1561082729566" s="true" lb="HTTP Request" rc="200" rm="" tn="Thread Group 1-61" dt="text" by="122" sby="118" ng="1" na="1">
  <java.net.URL>http://localhost:7077/</java.net.URL>
</httpSample>
<httpSample t="1" it="0" lt="1" ct="0" ts="1561082729569" s="true" lb="HTTP Request" rc="200" rm="" tn="Thread Group 1-61" dt="text" by="122" sby="118" ng="1" na="1">
  <java.net.URL>http://localhost:7077/</java.net.URL>
</httpSample>
<httpSample t="2" it="0" lt="2" ct="1" ts="1561082729570" s="true" lb="HTTP Request" rc="200" rm="" tn="Thread Group 1-61" dt="text" by="122" sby="118" ng="1" na="1">
  <java.net.URL>http://localhost:7077/</java.net.URL>
</httpSample>
<httpSample t="1" it="0" lt="1" ct="0" ts="1561082729572" s="true" lb="HTTP Request" rc="200" rm="" tn="Thread Group 1-61" dt="text" by="122" sby="118" ng="1" na="1">
  <java.net.URL>http://localhost:7077/</java.net.URL>
</httpSample>
<httpSample t="1" it="0" lt="1" ct="0" ts="1561082729574" s="true" lb="HTTP Request" rc="200" rm="" tn="Thread Group 1-61" dt="text" by="122" sby="118" ng="1" na="1">
  <java.net.URL>http://localhost:7077/</java.net.URL>
</httpSample>
<httpSample t="3" it="0" lt="3" ct="0" ts="1561082729576" s="true" lb="HTTP Request" rc="200" rm="" tn="Thread Group 1-61" dt="text" by="122" sby="118" ng="1" na="1">
  <java.net.URL>http://localhost:7077/</java.net.URL>
</httpSample>
<httpSample t="3" it="0" lt="3" ct="1" ts="1561082729579" s="true" lb="HTTP Request" rc="200" rm="" tn="Thread Group 1-61" dt="text" by="122" sby="118" ng="1" na="1">
  <java.net.URL>http://localhost:7077/</java.net.URL>
</httpSample>
<httpSample t="2" it="0" lt="2" ct="1" ts="1561082729582" s="true" lb="HTTP Request" rc="200" rm="" tn="Thread Group 1-61" dt="text" by="122" sby="118" ng="1" na="1">
  <java.net.URL>http://localhost:7077/</java.net.URL>
</httpSample>
<httpSample t="1" it="0" lt="1" ct="0" ts="1561082729584" s="true" lb="HTTP Request" rc="200" rm="" tn="Thread Group 1-61" dt="text" by="122" sby="118" ng="1" na="1">
  <java.net.URL>http://localhost:7077/</java.net.URL>
</httpSample>
<httpSample t="3" it="0" lt="3" ct="0" ts="1561082729586" s="true" lb="HTTP Request" rc="200" rm="" tn="Thread Group 1-61" dt="text" by="122" sby="118" ng="1" na="1">
  <java.net.URL>http://localhost:7077/</java.net.URL>
</httpSample>
<httpSample t="2" it="0" lt="2" ct="0" ts="1561082729667" s="true" lb="HTTP Request" rc="200" rm="" tn="Thread Group 1-62" dt="text" by="122" sby="118" ng="1" na="1">
  <java.net.URL>http://localhost:7077/</java.net.URL>
</httpSample>
<httpSample t="2" it="0" lt="2" ct="1" ts="1561082729669" s="true" lb="HTTP Request" rc="200" rm="" tn="Thread Group 1-62" dt="text" by="122" sby="118" ng="1" na="1">
  <java.net.URL>http://localhost:7077/</java.net.URL>
</httpSample>
<httpSample t="2" it="0" lt="1" ct="1" ts="1561082729671" s="true" lb="HTTP Request" rc="200" rm="" tn="Thread Group 1-62" dt="text" by="122" sby="118" ng="1" na="1">
  <java.net.URL>http://localhost:7077/</java.net.URL>
</httpSample>
<httpSample t="1" it="0" lt="1" ct="0" ts="1561082729673" s="true" lb="HTTP Request" rc="200" rm="" tn="Thread Group 1-62" dt="text" by="122" sby="118" ng="1" na="1">
  <java.net.URL>http://localhost:7077/</java.net.URL>
</httpSample>
<httpSample t="2" it="0" lt="2" ct="1" ts="1561082729674" s="true" lb="HTTP Request" rc="200" rm="" tn="Thread Group 1-62" dt="text" by="122" sby="118" ng="1" na="1">
  <java.net.URL>http://localhost:7077/</java.net.URL>
</httpSample>
<httpSample t="3" it="0" lt="3" ct="0" ts="1561082729676" s="true" lb="HTTP Request" rc="200" rm="" tn="Thread Group 1-62" dt="text" by="122" sby="118" ng="1" na="1">
  <java.net.URL>http://localhost:7077/</java.net.URL>
</httpSample>
<httpSample t="3" it="0" lt="3" ct="1" ts="1561082729679" s="true" lb="HTTP Request" rc="200" rm="" tn="Thread Group 1-62" dt="text" by="122" sby="118" ng="1" na="1">
  <java.net.URL>http://localhost:7077/</java.net.URL>
</httpSample>
<httpSample t="1" it="0" lt="1" ct="0" ts="1561082729683" s="true" lb="HTTP Request" rc="200" rm="" tn="Thread Group 1-62" dt="text" by="122" sby="118" ng="1" na="1">
  <java.net.URL>http://localhost:7077/</java.net.URL>
</httpSample>
<httpSample t="2" it="0" lt="2" ct="1" ts="1561082729684" s="true" lb="HTTP Request" rc="200" rm="" tn="Thread Group 1-62" dt="text" by="122" sby="118" ng="1" na="1">
  <java.net.URL>http://localhost:7077/</java.net.URL>
</httpSample>
<httpSample t="3" it="0" lt="3" ct="0" ts="1561082729686" s="true" lb="HTTP Request" rc="200" rm="" tn="Thread Group 1-62" dt="text" by="122" sby="118" ng="1" na="1">
  <java.net.URL>http://localhost:7077/</java.net.URL>
</httpSample>
<httpSample t="2" it="0" lt="2" ct="1" ts="1561082729767" s="true" lb="HTTP Request" rc="200" rm="" tn="Thread Group 1-63" dt="text" by="122" sby="118" ng="1" na="1">
  <java.net.URL>http://localhost:7077/</java.net.URL>
</httpSample>
<httpSample t="1" it="0" lt="1" ct="0" ts="1561082729770" s="true" lb="HTTP Request" rc="200" rm="" tn="Thread Group 1-63" dt="text" by="122" sby="118" ng="1" na="1">
  <java.net.URL>http://localhost:7077/</java.net.URL>
</httpSample>
<httpSample t="1" it="0" lt="1" ct="0" ts="1561082729772" s="true" lb="HTTP Request" rc="200" rm="" tn="Thread Group 1-63" dt="text" by="122" sby="118" ng="1" na="1">
  <java.net.URL>http://localhost:7077/</java.net.URL>
</httpSample>
<httpSample t="1" it="0" lt="1" ct="0" ts="1561082729773" s="true" lb="HTTP Request" rc="200" rm="" tn="Thread Group 1-63" dt="text" by="122" sby="118" ng="1" na="1">
  <java.net.URL>http://localhost:7077/</java.net.URL>
</httpSample>
<httpSample t="1" it="0" lt="1" ct="0" ts="1561082729775" s="true" lb="HTTP Request" rc="200" rm="" tn="Thread Group 1-63" dt="text" by="122" sby="118" ng="1" na="1">
  <java.net.URL>http://localhost:7077/</java.net.URL>
</httpSample>
<httpSample t="1" it="0" lt="1" ct="0" ts="1561082729776" s="true" lb="HTTP Request" rc="200" rm="" tn="Thread Group 1-63" dt="text" by="122" sby="118" ng="1" na="1">
  <java.net.URL>http://localhost:7077/</java.net.URL>
</httpSample>
<httpSample t="3" it="0" lt="3" ct="1" ts="1561082729777" s="true" lb="HTTP Request" rc="200" rm="" tn="Thread Group 1-63" dt="text" by="122" sby="118" ng="1" na="1">
  <java.net.URL>http://localhost:7077/</java.net.URL>
</httpSample>
<httpSample t="3" it="0" lt="3" ct="1" ts="1561082729780" s="true" lb="HTTP Request" rc="200" rm="" tn="Thread Group 1-63" dt="text" by="122" sby="118" ng="1" na="1">
  <java.net.URL>http://localhost:7077/</java.net.URL>
</httpSample>
<httpSample t="1" it="0" lt="1" ct="0" ts="1561082729784" s="true" lb="HTTP Request" rc="200" rm="" tn="Thread Group 1-63" dt="text" by="122" sby="118" ng="1" na="1">
  <java.net.URL>http://localhost:7077/</java.net.URL>
</httpSample>
<httpSample t="1" it="0" lt="1" ct="0" ts="1561082729786" s="true" lb="HTTP Request" rc="200" rm="" tn="Thread Group 1-63" dt="text" by="122" sby="118" ng="1" na="1">
  <java.net.URL>http://localhost:7077/</java.net.URL>
</httpSample>
<httpSample t="2" it="0" lt="2" ct="1" ts="1561082729868" s="true" lb="HTTP Request" rc="200" rm="" tn="Thread Group 1-64" dt="text" by="122" sby="118" ng="1" na="1">
  <java.net.URL>http://localhost:7077/</java.net.URL>
</httpSample>
<httpSample t="1" it="0" lt="1" ct="0" ts="1561082729871" s="true" lb="HTTP Request" rc="200" rm="" tn="Thread Group 1-64" dt="text" by="122" sby="118" ng="1" na="1">
  <java.net.URL>http://localhost:7077/</java.net.URL>
</httpSample>
<httpSample t="1" it="0" lt="1" ct="1" ts="1561082729872" s="true" lb="HTTP Request" rc="200" rm="" tn="Thread Group 1-64" dt="text" by="122" sby="118" ng="1" na="1">
  <java.net.URL>http://localhost:7077/</java.net.URL>
</httpSample>
<httpSample t="1" it="0" lt="1" ct="0" ts="1561082729874" s="true" lb="HTTP Request" rc="200" rm="" tn="Thread Group 1-64" dt="text" by="122" sby="118" ng="1" na="1">
  <java.net.URL>http://localhost:7077/</java.net.URL>
</httpSample>
<httpSample t="1" it="0" lt="1" ct="0" ts="1561082729875" s="true" lb="HTTP Request" rc="200" rm="" tn="Thread Group 1-64" dt="text" by="122" sby="118" ng="1" na="1">
  <java.net.URL>http://localhost:7077/</java.net.URL>
</httpSample>
<httpSample t="1" it="0" lt="1" ct="0" ts="1561082729877" s="true" lb="HTTP Request" rc="200" rm="" tn="Thread Group 1-64" dt="text" by="122" sby="118" ng="1" na="1">
  <java.net.URL>http://localhost:7077/</java.net.URL>
</httpSample>
<httpSample t="3" it="0" lt="3" ct="1" ts="1561082729878" s="true" lb="HTTP Request" rc="200" rm="" tn="Thread Group 1-64" dt="text" by="122" sby="118" ng="1" na="1">
  <java.net.URL>http://localhost:7077/</java.net.URL>
</httpSample>
<httpSample t="3" it="0" lt="3" ct="0" ts="1561082729882" s="true" lb="HTTP Request" rc="200" rm="" tn="Thread Group 1-64" dt="text" by="122" sby="118" ng="1" na="1">
  <java.net.URL>http://localhost:7077/</java.net.URL>
</httpSample>
<httpSample t="2" it="0" lt="2" ct="1" ts="1561082729885" s="true" lb="HTTP Request" rc="200" rm="" tn="Thread Group 1-64" dt="text" by="122" sby="118" ng="1" na="1">
  <java.net.URL>http://localhost:7077/</java.net.URL>
</httpSample>
<httpSample t="1" it="0" lt="1" ct="0" ts="1561082729887" s="true" lb="HTTP Request" rc="200" rm="" tn="Thread Group 1-64" dt="text" by="122" sby="118" ng="1" na="1">
  <java.net.URL>http://localhost:7077/</java.net.URL>
</httpSample>
<httpSample t="2" it="0" lt="2" ct="1" ts="1561082729967" s="true" lb="HTTP Request" rc="200" rm="" tn="Thread Group 1-65" dt="text" by="122" sby="118" ng="1" na="1">
  <java.net.URL>http://localhost:7077/</java.net.URL>
</httpSample>
<httpSample t="1" it="0" lt="1" ct="0" ts="1561082729970" s="true" lb="HTTP Request" rc="200" rm="" tn="Thread Group 1-65" dt="text" by="122" sby="118" ng="1" na="1">
  <java.net.URL>http://localhost:7077/</java.net.URL>
</httpSample>
<httpSample t="1" it="0" lt="1" ct="0" ts="1561082729972" s="true" lb="HTTP Request" rc="200" rm="" tn="Thread Group 1-65" dt="text" by="122" sby="118" ng="1" na="1">
  <java.net.URL>http://localhost:7077/</java.net.URL>
</httpSample>
<httpSample t="1" it="0" lt="1" ct="0" ts="1561082729973" s="true" lb="HTTP Request" rc="200" rm="" tn="Thread Group 1-65" dt="text" by="122" sby="118" ng="1" na="1">
  <java.net.URL>http://localhost:7077/</java.net.URL>
</httpSample>
<httpSample t="2" it="0" lt="2" ct="1" ts="1561082729974" s="true" lb="HTTP Request" rc="200" rm="" tn="Thread Group 1-65" dt="text" by="122" sby="118" ng="1" na="1">
  <java.net.URL>http://localhost:7077/</java.net.URL>
</httpSample>
<httpSample t="1" it="0" lt="1" ct="0" ts="1561082729976" s="true" lb="HTTP Request" rc="200" rm="" tn="Thread Group 1-65" dt="text" by="122" sby="118" ng="1" na="1">
  <java.net.URL>http://localhost:7077/</java.net.URL>
</httpSample>
<httpSample t="2" it="0" lt="2" ct="0" ts="1561082729978" s="true" lb="HTTP Request" rc="200" rm="" tn="Thread Group 1-65" dt="text" by="122" sby="118" ng="1" na="1">
  <java.net.URL>http://localhost:7077/</java.net.URL>
</httpSample>
<httpSample t="3" it="0" lt="3" ct="0" ts="1561082729981" s="true" lb="HTTP Request" rc="200" rm="" tn="Thread Group 1-65" dt="text" by="122" sby="118" ng="1" na="1">
  <java.net.URL>http://localhost:7077/</java.net.URL>
</httpSample>
<httpSample t="2" it="0" lt="2" ct="1" ts="1561082729984" s="true" lb="HTTP Request" rc="200" rm="" tn="Thread Group 1-65" dt="text" by="122" sby="118" ng="1" na="1">
  <java.net.URL>http://localhost:7077/</java.net.URL>
</httpSample>
<httpSample t="1" it="0" lt="1" ct="1" ts="1561082729986" s="true" lb="HTTP Request" rc="200" rm="" tn="Thread Group 1-65" dt="text" by="122" sby="118" ng="1" na="1">
  <java.net.URL>http://localhost:7077/</java.net.URL>
</httpSample>
<httpSample t="2" it="0" lt="2" ct="1" ts="1561082730066" s="true" lb="HTTP Request" rc="200" rm="" tn="Thread Group 1-66" dt="text" by="122" sby="118" ng="1" na="1">
  <java.net.URL>http://localhost:7077/</java.net.URL>
</httpSample>
<httpSample t="2" it="0" lt="2" ct="1" ts="1561082730073" s="true" lb="HTTP Request" rc="200" rm="" tn="Thread Group 1-66" dt="text" by="122" sby="118" ng="1" na="1">
  <java.net.URL>http://localhost:7077/</java.net.URL>
</httpSample>
<httpSample t="3" it="0" lt="3" ct="1" ts="1561082730075" s="true" lb="HTTP Request" rc="200" rm="" tn="Thread Group 1-66" dt="text" by="122" sby="118" ng="1" na="1">
  <java.net.URL>http://localhost:7077/</java.net.URL>
</httpSample>
<httpSample t="1" it="0" lt="1" ct="0" ts="1561082730079" s="true" lb="HTTP Request" rc="200" rm="" tn="Thread Group 1-66" dt="text" by="122" sby="118" ng="1" na="1">
  <java.net.URL>http://localhost:7077/</java.net.URL>
</httpSample>
<httpSample t="5" it="0" lt="5" ct="0" ts="1561082730081" s="true" lb="HTTP Request" rc="200" rm="" tn="Thread Group 1-66" dt="text" by="122" sby="118" ng="1" na="1">
  <java.net.URL>http://localhost:7077/</java.net.URL>
</httpSample>
<httpSample t="7" it="0" lt="7" ct="1" ts="1561082730086" s="true" lb="HTTP Request" rc="200" rm="" tn="Thread Group 1-66" dt="text" by="122" sby="118" ng="1" na="1">
  <java.net.URL>http://localhost:7077/</java.net.URL>
</httpSample>
<httpSample t="1" it="0" lt="1" ct="0" ts="1561082730094" s="true" lb="HTTP Request" rc="200" rm="" tn="Thread Group 1-66" dt="text" by="122" sby="118" ng="1" na="1">
  <java.net.URL>http://localhost:7077/</java.net.URL>
</httpSample>
<httpSample t="1" it="0" lt="1" ct="0" ts="1561082730096" s="true" lb="HTTP Request" rc="200" rm="" tn="Thread Group 1-66" dt="text" by="122" sby="118" ng="1" na="1">
  <java.net.URL>http://localhost:7077/</java.net.URL>
</httpSample>
<httpSample t="1" it="0" lt="1" ct="1" ts="1561082730097" s="true" lb="HTTP Request" rc="200" rm="" tn="Thread Group 1-66" dt="text" by="122" sby="118" ng="1" na="1">
  <java.net.URL>http://localhost:7077/</java.net.URL>
</httpSample>
<httpSample t="1" it="0" lt="1" ct="0" ts="1561082730099" s="true" lb="HTTP Request" rc="200" rm="" tn="Thread Group 1-66" dt="text" by="122" sby="118" ng="1" na="1">
  <java.net.URL>http://localhost:7077/</java.net.URL>
</httpSample>
<httpSample t="2" it="0" lt="2" ct="1" ts="1561082730167" s="true" lb="HTTP Request" rc="200" rm="" tn="Thread Group 1-67" dt="text" by="122" sby="118" ng="1" na="1">
  <java.net.URL>http://localhost:7077/</java.net.URL>
</httpSample>
<httpSample t="1" it="0" lt="1" ct="0" ts="1561082730170" s="true" lb="HTTP Request" rc="200" rm="" tn="Thread Group 1-67" dt="text" by="122" sby="118" ng="1" na="1">
  <java.net.URL>http://localhost:7077/</java.net.URL>
</httpSample>
<httpSample t="2" it="0" lt="2" ct="1" ts="1561082730171" s="true" lb="HTTP Request" rc="200" rm="" tn="Thread Group 1-67" dt="text" by="122" sby="118" ng="1" na="1">
  <java.net.URL>http://localhost:7077/</java.net.URL>
</httpSample>
<httpSample t="2" it="0" lt="2" ct="1" ts="1561082730173" s="true" lb="HTTP Request" rc="200" rm="" tn="Thread Group 1-67" dt="text" by="122" sby="118" ng="1" na="1">
  <java.net.URL>http://localhost:7077/</java.net.URL>
</httpSample>
<httpSample t="1" it="0" lt="1" ct="0" ts="1561082730175" s="true" lb="HTTP Request" rc="200" rm="" tn="Thread Group 1-67" dt="text" by="122" sby="118" ng="1" na="1">
  <java.net.URL>http://localhost:7077/</java.net.URL>
</httpSample>
<httpSample t="3" it="0" lt="3" ct="0" ts="1561082730177" s="true" lb="HTTP Request" rc="200" rm="" tn="Thread Group 1-67" dt="text" by="122" sby="118" ng="1" na="1">
  <java.net.URL>http://localhost:7077/</java.net.URL>
</httpSample>
<httpSample t="3" it="0" lt="3" ct="1" ts="1561082730180" s="true" lb="HTTP Request" rc="200" rm="" tn="Thread Group 1-67" dt="text" by="122" sby="118" ng="1" na="1">
  <java.net.URL>http://localhost:7077/</java.net.URL>
</httpSample>
<httpSample t="1" it="0" lt="1" ct="1" ts="1561082730183" s="true" lb="HTTP Request" rc="200" rm="" tn="Thread Group 1-67" dt="text" by="122" sby="118" ng="1" na="1">
  <java.net.URL>http://localhost:7077/</java.net.URL>
</httpSample>
<httpSample t="1" it="0" lt="1" ct="0" ts="1561082730185" s="true" lb="HTTP Request" rc="200" rm="" tn="Thread Group 1-67" dt="text" by="122" sby="118" ng="1" na="1">
  <java.net.URL>http://localhost:7077/</java.net.URL>
</httpSample>
<httpSample t="4" it="0" lt="4" ct="1" ts="1561082730186" s="true" lb="HTTP Request" rc="200" rm="" tn="Thread Group 1-67" dt="text" by="122" sby="118" ng="1" na="1">
  <java.net.URL>http://localhost:7077/</java.net.URL>
</httpSample>
<httpSample t="3" it="0" lt="3" ct="1" ts="1561082730267" s="true" lb="HTTP Request" rc="200" rm="" tn="Thread Group 1-68" dt="text" by="122" sby="118" ng="1" na="1">
  <java.net.URL>http://localhost:7077/</java.net.URL>
</httpSample>
<httpSample t="1" it="0" lt="1" ct="0" ts="1561082730270" s="true" lb="HTTP Request" rc="200" rm="" tn="Thread Group 1-68" dt="text" by="122" sby="118" ng="1" na="1">
  <java.net.URL>http://localhost:7077/</java.net.URL>
</httpSample>
<httpSample t="1" it="0" lt="1" ct="0" ts="1561082730272" s="true" lb="HTTP Request" rc="200" rm="" tn="Thread Group 1-68" dt="text" by="122" sby="118" ng="1" na="1">
  <java.net.URL>http://localhost:7077/</java.net.URL>
</httpSample>
<httpSample t="1" it="0" lt="1" ct="0" ts="1561082730274" s="true" lb="HTTP Request" rc="200" rm="" tn="Thread Group 1-68" dt="text" by="122" sby="118" ng="1" na="1">
  <java.net.URL>http://localhost:7077/</java.net.URL>
</httpSample>
<httpSample t="1" it="0" lt="1" ct="0" ts="1561082730276" s="true" lb="HTTP Request" rc="200" rm="" tn="Thread Group 1-68" dt="text" by="122" sby="118" ng="1" na="1">
  <java.net.URL>http://localhost:7077/</java.net.URL>
</httpSample>
<httpSample t="3" it="0" lt="3" ct="1" ts="1561082730277" s="true" lb="HTTP Request" rc="200" rm="" tn="Thread Group 1-68" dt="text" by="122" sby="118" ng="1" na="1">
  <java.net.URL>http://localhost:7077/</java.net.URL>
</httpSample>
<httpSample t="4" it="0" lt="4" ct="1" ts="1561082730280" s="true" lb="HTTP Request" rc="200" rm="" tn="Thread Group 1-68" dt="text" by="122" sby="118" ng="1" na="1">
  <java.net.URL>http://localhost:7077/</java.net.URL>
</httpSample>
<httpSample t="2" it="0" lt="2" ct="1" ts="1561082730284" s="true" lb="HTTP Request" rc="200" rm="" tn="Thread Group 1-68" dt="text" by="122" sby="118" ng="1" na="1">
  <java.net.URL>http://localhost:7077/</java.net.URL>
</httpSample>
<httpSample t="1" it="0" lt="1" ct="1" ts="1561082730286" s="true" lb="HTTP Request" rc="200" rm="" tn="Thread Group 1-68" dt="text" by="122" sby="118" ng="1" na="1">
  <java.net.URL>http://localhost:7077/</java.net.URL>
</httpSample>
<httpSample t="3" it="0" lt="3" ct="0" ts="1561082730288" s="true" lb="HTTP Request" rc="200" rm="" tn="Thread Group 1-68" dt="text" by="122" sby="118" ng="1" na="1">
  <java.net.URL>http://localhost:7077/</java.net.URL>
</httpSample>
<httpSample t="3" it="0" lt="3" ct="1" ts="1561082730366" s="true" lb="HTTP Request" rc="200" rm="" tn="Thread Group 1-69" dt="text" by="122" sby="118" ng="1" na="1">
  <java.net.URL>http://localhost:7077/</java.net.URL>
</httpSample>
<httpSample t="1" it="0" lt="1" ct="0" ts="1561082730369" s="true" lb="HTTP Request" rc="200" rm="" tn="Thread Group 1-69" dt="text" by="122" sby="118" ng="1" na="1">
  <java.net.URL>http://localhost:7077/</java.net.URL>
</httpSample>
<httpSample t="1" it="0" lt="1" ct="0" ts="1561082730371" s="true" lb="HTTP Request" rc="200" rm="" tn="Thread Group 1-69" dt="text" by="122" sby="118" ng="1" na="1">
  <java.net.URL>http://localhost:7077/</java.net.URL>
</httpSample>
<httpSample t="2" it="0" lt="2" ct="1" ts="1561082730372" s="true" lb="HTTP Request" rc="200" rm="" tn="Thread Group 1-69" dt="text" by="122" sby="118" ng="1" na="1">
  <java.net.URL>http://localhost:7077/</java.net.URL>
</httpSample>
<httpSample t="1" it="0" lt="1" ct="0" ts="1561082730374" s="true" lb="HTTP Request" rc="200" rm="" tn="Thread Group 1-69" dt="text" by="122" sby="118" ng="1" na="1">
  <java.net.URL>http://localhost:7077/</java.net.URL>
</httpSample>
<httpSample t="1" it="0" lt="1" ct="1" ts="1561082730375" s="true" lb="HTTP Request" rc="200" rm="" tn="Thread Group 1-69" dt="text" by="122" sby="118" ng="1" na="1">
  <java.net.URL>http://localhost:7077/</java.net.URL>
</httpSample>
<httpSample t="3" it="0" lt="3" ct="1" ts="1561082730376" s="true" lb="HTTP Request" rc="200" rm="" tn="Thread Group 1-69" dt="text" by="122" sby="118" ng="1" na="1">
  <java.net.URL>http://localhost:7077/</java.net.URL>
</httpSample>
<httpSample t="2" it="0" lt="2" ct="0" ts="1561082730380" s="true" lb="HTTP Request" rc="200" rm="" tn="Thread Group 1-69" dt="text" by="122" sby="118" ng="1" na="1">
  <java.net.URL>http://localhost:7077/</java.net.URL>
</httpSample>
<httpSample t="2" it="0" lt="2" ct="1" ts="1561082730382" s="true" lb="HTTP Request" rc="200" rm="" tn="Thread Group 1-69" dt="text" by="122" sby="118" ng="1" na="1">
  <java.net.URL>http://localhost:7077/</java.net.URL>
</httpSample>
<httpSample t="1" it="0" lt="1" ct="0" ts="1561082730384" s="true" lb="HTTP Request" rc="200" rm="" tn="Thread Group 1-69" dt="text" by="122" sby="118" ng="1" na="1">
  <java.net.URL>http://localhost:7077/</java.net.URL>
</httpSample>
<httpSample t="2" it="0" lt="2" ct="1" ts="1561082730466" s="true" lb="HTTP Request" rc="200" rm="" tn="Thread Group 1-70" dt="text" by="122" sby="118" ng="1" na="1">
  <java.net.URL>http://localhost:7077/</java.net.URL>
</httpSample>
<httpSample t="1" it="0" lt="1" ct="0" ts="1561082730469" s="true" lb="HTTP Request" rc="200" rm="" tn="Thread Group 1-70" dt="text" by="122" sby="118" ng="1" na="1">
  <java.net.URL>http://localhost:7077/</java.net.URL>
</httpSample>
<httpSample t="1" it="0" lt="1" ct="1" ts="1561082730470" s="true" lb="HTTP Request" rc="200" rm="" tn="Thread Group 1-70" dt="text" by="122" sby="118" ng="1" na="1">
  <java.net.URL>http://localhost:7077/</java.net.URL>
</httpSample>
<httpSample t="1" it="0" lt="1" ct="0" ts="1561082730472" s="true" lb="HTTP Request" rc="200" rm="" tn="Thread Group 1-70" dt="text" by="122" sby="118" ng="1" na="1">
  <java.net.URL>http://localhost:7077/</java.net.URL>
</httpSample>
<httpSample t="2" it="0" lt="2" ct="1" ts="1561082730473" s="true" lb="HTTP Request" rc="200" rm="" tn="Thread Group 1-70" dt="text" by="122" sby="118" ng="1" na="1">
  <java.net.URL>http://localhost:7077/</java.net.URL>
</httpSample>
<httpSample t="1" it="0" lt="1" ct="0" ts="1561082730475" s="true" lb="HTTP Request" rc="200" rm="" tn="Thread Group 1-70" dt="text" by="122" sby="118" ng="1" na="1">
  <java.net.URL>http://localhost:7077/</java.net.URL>
</httpSample>
<httpSample t="3" it="0" lt="3" ct="1" ts="1561082730476" s="true" lb="HTTP Request" rc="200" rm="" tn="Thread Group 1-70" dt="text" by="122" sby="118" ng="1" na="1">
  <java.net.URL>http://localhost:7077/</java.net.URL>
</httpSample>
<httpSample t="2" it="0" lt="2" ct="0" ts="1561082730480" s="true" lb="HTTP Request" rc="200" rm="" tn="Thread Group 1-70" dt="text" by="122" sby="118" ng="1" na="1">
  <java.net.URL>http://localhost:7077/</java.net.URL>
</httpSample>
<httpSample t="1" it="0" lt="1" ct="0" ts="1561082730483" s="true" lb="HTTP Request" rc="200" rm="" tn="Thread Group 1-70" dt="text" by="122" sby="118" ng="1" na="1">
  <java.net.URL>http://localhost:7077/</java.net.URL>
</httpSample>
<httpSample t="1" it="0" lt="1" ct="0" ts="1561082730484" s="true" lb="HTTP Request" rc="200" rm="" tn="Thread Group 1-70" dt="text" by="122" sby="118" ng="1" na="1">
  <java.net.URL>http://localhost:7077/</java.net.URL>
</httpSample>
<httpSample t="2" it="0" lt="2" ct="0" ts="1561082730567" s="true" lb="HTTP Request" rc="200" rm="" tn="Thread Group 1-71" dt="text" by="122" sby="118" ng="1" na="1">
  <java.net.URL>http://localhost:7077/</java.net.URL>
</httpSample>
<httpSample t="2" it="0" lt="2" ct="1" ts="1561082730569" s="true" lb="HTTP Request" rc="200" rm="" tn="Thread Group 1-71" dt="text" by="122" sby="118" ng="1" na="1">
  <java.net.URL>http://localhost:7077/</java.net.URL>
</httpSample>
<httpSample t="2" it="0" lt="2" ct="1" ts="1561082730571" s="true" lb="HTTP Request" rc="200" rm="" tn="Thread Group 1-71" dt="text" by="122" sby="118" ng="1" na="1">
  <java.net.URL>http://localhost:7077/</java.net.URL>
</httpSample>
<httpSample t="1" it="0" lt="1" ct="0" ts="1561082730573" s="true" lb="HTTP Request" rc="200" rm="" tn="Thread Group 1-71" dt="text" by="122" sby="118" ng="1" na="1">
  <java.net.URL>http://localhost:7077/</java.net.URL>
</httpSample>
<httpSample t="1" it="0" lt="1" ct="0" ts="1561082730575" s="true" lb="HTTP Request" rc="200" rm="" tn="Thread Group 1-71" dt="text" by="122" sby="118" ng="1" na="1">
  <java.net.URL>http://localhost:7077/</java.net.URL>
</httpSample>
<httpSample t="3" it="0" lt="3" ct="1" ts="1561082730576" s="true" lb="HTTP Request" rc="200" rm="" tn="Thread Group 1-71" dt="text" by="122" sby="118" ng="1" na="1">
  <java.net.URL>http://localhost:7077/</java.net.URL>
</httpSample>
<httpSample t="2" it="0" lt="2" ct="0" ts="1561082730580" s="true" lb="HTTP Request" rc="200" rm="" tn="Thread Group 1-71" dt="text" by="122" sby="118" ng="1" na="1">
  <java.net.URL>http://localhost:7077/</java.net.URL>
</httpSample>
<httpSample t="1" it="0" lt="1" ct="0" ts="1561082730583" s="true" lb="HTTP Request" rc="200" rm="" tn="Thread Group 1-71" dt="text" by="122" sby="118" ng="1" na="1">
  <java.net.URL>http://localhost:7077/</java.net.URL>
</httpSample>
<httpSample t="2" it="0" lt="2" ct="1" ts="1561082730584" s="true" lb="HTTP Request" rc="200" rm="" tn="Thread Group 1-71" dt="text" by="122" sby="118" ng="1" na="1">
  <java.net.URL>http://localhost:7077/</java.net.URL>
</httpSample>
<httpSample t="3" it="0" lt="3" ct="1" ts="1561082730586" s="true" lb="HTTP Request" rc="200" rm="" tn="Thread Group 1-71" dt="text" by="122" sby="118" ng="1" na="1">
  <java.net.URL>http://localhost:7077/</java.net.URL>
</httpSample>
<httpSample t="2" it="0" lt="2" ct="1" ts="1561082730667" s="true" lb="HTTP Request" rc="200" rm="" tn="Thread Group 1-72" dt="text" by="122" sby="118" ng="1" na="1">
  <java.net.URL>http://localhost:7077/</java.net.URL>
</httpSample>
<httpSample t="1" it="0" lt="1" ct="0" ts="1561082730670" s="true" lb="HTTP Request" rc="200" rm="" tn="Thread Group 1-72" dt="text" by="122" sby="118" ng="1" na="1">
  <java.net.URL>http://localhost:7077/</java.net.URL>
</httpSample>
<httpSample t="2" it="0" lt="2" ct="1" ts="1561082730671" s="true" lb="HTTP Request" rc="200" rm="" tn="Thread Group 1-72" dt="text" by="122" sby="118" ng="1" na="1">
  <java.net.URL>http://localhost:7077/</java.net.URL>
</httpSample>
<httpSample t="1" it="0" lt="1" ct="0" ts="1561082730673" s="true" lb="HTTP Request" rc="200" rm="" tn="Thread Group 1-72" dt="text" by="122" sby="118" ng="1" na="1">
  <java.net.URL>http://localhost:7077/</java.net.URL>
</httpSample>
<httpSample t="1" it="0" lt="1" ct="1" ts="1561082730674" s="true" lb="HTTP Request" rc="200" rm="" tn="Thread Group 1-72" dt="text" by="122" sby="118" ng="1" na="1">
  <java.net.URL>http://localhost:7077/</java.net.URL>
</httpSample>
<httpSample t="1" it="0" lt="1" ct="0" ts="1561082730676" s="true" lb="HTTP Request" rc="200" rm="" tn="Thread Group 1-72" dt="text" by="122" sby="118" ng="1" na="1">
  <java.net.URL>http://localhost:7077/</java.net.URL>
</httpSample>
<httpSample t="3" it="0" lt="3" ct="0" ts="1561082730677" s="true" lb="HTTP Request" rc="200" rm="" tn="Thread Group 1-72" dt="text" by="122" sby="118" ng="1" na="1">
  <java.net.URL>http://localhost:7077/</java.net.URL>
</httpSample>
<httpSample t="3" it="0" lt="3" ct="0" ts="1561082730680" s="true" lb="HTTP Request" rc="200" rm="" tn="Thread Group 1-72" dt="text" by="122" sby="118" ng="1" na="1">
  <java.net.URL>http://localhost:7077/</java.net.URL>
</httpSample>
<httpSample t="1" it="0" lt="1" ct="0" ts="1561082730683" s="true" lb="HTTP Request" rc="200" rm="" tn="Thread Group 1-72" dt="text" by="122" sby="118" ng="1" na="1">
  <java.net.URL>http://localhost:7077/</java.net.URL>
</httpSample>
<httpSample t="2" it="0" lt="2" ct="1" ts="1561082730684" s="true" lb="HTTP Request" rc="200" rm="" tn="Thread Group 1-72" dt="text" by="122" sby="118" ng="1" na="1">
  <java.net.URL>http://localhost:7077/</java.net.URL>
</httpSample>
<httpSample t="2" it="0" lt="2" ct="1" ts="1561082730767" s="true" lb="HTTP Request" rc="200" rm="" tn="Thread Group 1-73" dt="text" by="122" sby="118" ng="1" na="1">
  <java.net.URL>http://localhost:7077/</java.net.URL>
</httpSample>
<httpSample t="2" it="0" lt="2" ct="1" ts="1561082730769" s="true" lb="HTTP Request" rc="200" rm="" tn="Thread Group 1-73" dt="text" by="122" sby="118" ng="1" na="1">
  <java.net.URL>http://localhost:7077/</java.net.URL>
</httpSample>
<httpSample t="1" it="0" lt="1" ct="1" ts="1561082730771" s="true" lb="HTTP Request" rc="200" rm="" tn="Thread Group 1-73" dt="text" by="122" sby="118" ng="1" na="1">
  <java.net.URL>http://localhost:7077/</java.net.URL>
</httpSample>
<httpSample t="1" it="0" lt="1" ct="0" ts="1561082730773" s="true" lb="HTTP Request" rc="200" rm="" tn="Thread Group 1-73" dt="text" by="122" sby="118" ng="1" na="1">
  <java.net.URL>http://localhost:7077/</java.net.URL>
</httpSample>
<httpSample t="1" it="0" lt="1" ct="0" ts="1561082730774" s="true" lb="HTTP Request" rc="200" rm="" tn="Thread Group 1-73" dt="text" by="122" sby="118" ng="1" na="1">
  <java.net.URL>http://localhost:7077/</java.net.URL>
</httpSample>
<httpSample t="1" it="0" lt="1" ct="0" ts="1561082730776" s="true" lb="HTTP Request" rc="200" rm="" tn="Thread Group 1-73" dt="text" by="122" sby="118" ng="1" na="1">
  <java.net.URL>http://localhost:7077/</java.net.URL>
</httpSample>
<httpSample t="5" it="0" lt="5" ct="0" ts="1561082730778" s="true" lb="HTTP Request" rc="200" rm="" tn="Thread Group 1-73" dt="text" by="122" sby="118" ng="1" na="1">
  <java.net.URL>http://localhost:7077/</java.net.URL>
</httpSample>
<httpSample t="2" it="0" lt="2" ct="1" ts="1561082730783" s="true" lb="HTTP Request" rc="200" rm="" tn="Thread Group 1-73" dt="text" by="122" sby="118" ng="1" na="1">
  <java.net.URL>http://localhost:7077/</java.net.URL>
</httpSample>
<httpSample t="2" it="0" lt="2" ct="1" ts="1561082730785" s="true" lb="HTTP Request" rc="200" rm="" tn="Thread Group 1-73" dt="text" by="122" sby="118" ng="1" na="1">
  <java.net.URL>http://localhost:7077/</java.net.URL>
</httpSample>
<httpSample t="3" it="0" lt="3" ct="0" ts="1561082730787" s="true" lb="HTTP Request" rc="200" rm="" tn="Thread Group 1-73" dt="text" by="122" sby="118" ng="1" na="1">
  <java.net.URL>http://localhost:7077/</java.net.URL>
</httpSample>
<httpSample t="2" it="0" lt="2" ct="0" ts="1561082730866" s="true" lb="HTTP Request" rc="200" rm="" tn="Thread Group 1-74" dt="text" by="122" sby="118" ng="1" na="1">
  <java.net.URL>http://localhost:7077/</java.net.URL>
</httpSample>
<httpSample t="2" it="0" lt="2" ct="1" ts="1561082730868" s="true" lb="HTTP Request" rc="200" rm="" tn="Thread Group 1-74" dt="text" by="122" sby="118" ng="1" na="1">
  <java.net.URL>http://localhost:7077/</java.net.URL>
</httpSample>
<httpSample t="1" it="0" lt="1" ct="1" ts="1561082730870" s="true" lb="HTTP Request" rc="200" rm="" tn="Thread Group 1-74" dt="text" by="122" sby="118" ng="1" na="1">
  <java.net.URL>http://localhost:7077/</java.net.URL>
</httpSample>
<httpSample t="1" it="0" lt="1" ct="0" ts="1561082730872" s="true" lb="HTTP Request" rc="200" rm="" tn="Thread Group 1-74" dt="text" by="122" sby="118" ng="1" na="1">
  <java.net.URL>http://localhost:7077/</java.net.URL>
</httpSample>
<httpSample t="2" it="0" lt="2" ct="1" ts="1561082730873" s="true" lb="HTTP Request" rc="200" rm="" tn="Thread Group 1-74" dt="text" by="122" sby="118" ng="1" na="1">
  <java.net.URL>http://localhost:7077/</java.net.URL>
</httpSample>
<httpSample t="3" it="0" lt="3" ct="1" ts="1561082730875" s="true" lb="HTTP Request" rc="200" rm="" tn="Thread Group 1-74" dt="text" by="122" sby="118" ng="1" na="1">
  <java.net.URL>http://localhost:7077/</java.net.URL>
</httpSample>
<httpSample t="2" it="0" lt="2" ct="0" ts="1561082730879" s="true" lb="HTTP Request" rc="200" rm="" tn="Thread Group 1-74" dt="text" by="122" sby="118" ng="1" na="1">
  <java.net.URL>http://localhost:7077/</java.net.URL>
</httpSample>
<httpSample t="1" it="0" lt="1" ct="0" ts="1561082730882" s="true" lb="HTTP Request" rc="200" rm="" tn="Thread Group 1-74" dt="text" by="122" sby="118" ng="1" na="1">
  <java.net.URL>http://localhost:7077/</java.net.URL>
</httpSample>
<httpSample t="1" it="0" lt="1" ct="0" ts="1561082730884" s="true" lb="HTTP Request" rc="200" rm="" tn="Thread Group 1-74" dt="text" by="122" sby="118" ng="1" na="1">
  <java.net.URL>http://localhost:7077/</java.net.URL>
</httpSample>
<httpSample t="1" it="0" lt="1" ct="0" ts="1561082730885" s="true" lb="HTTP Request" rc="200" rm="" tn="Thread Group 1-74" dt="text" by="122" sby="118" ng="1" na="1">
  <java.net.URL>http://localhost:7077/</java.net.URL>
</httpSample>
<httpSample t="2" it="0" lt="2" ct="0" ts="1561082730967" s="true" lb="HTTP Request" rc="200" rm="" tn="Thread Group 1-75" dt="text" by="122" sby="118" ng="1" na="1">
  <java.net.URL>http://localhost:7077/</java.net.URL>
</httpSample>
<httpSample t="1" it="0" lt="1" ct="0" ts="1561082730969" s="true" lb="HTTP Request" rc="200" rm="" tn="Thread Group 1-75" dt="text" by="122" sby="118" ng="1" na="1">
  <java.net.URL>http://localhost:7077/</java.net.URL>
</httpSample>
<httpSample t="1" it="0" lt="1" ct="0" ts="1561082730971" s="true" lb="HTTP Request" rc="200" rm="" tn="Thread Group 1-75" dt="text" by="122" sby="118" ng="1" na="1">
  <java.net.URL>http://localhost:7077/</java.net.URL>
</httpSample>
<httpSample t="1" it="0" lt="1" ct="0" ts="1561082730972" s="true" lb="HTTP Request" rc="200" rm="" tn="Thread Group 1-75" dt="text" by="122" sby="118" ng="1" na="1">
  <java.net.URL>http://localhost:7077/</java.net.URL>
</httpSample>
<httpSample t="1" it="0" lt="1" ct="1" ts="1561082730973" s="true" lb="HTTP Request" rc="200" rm="" tn="Thread Group 1-75" dt="text" by="122" sby="118" ng="1" na="1">
  <java.net.URL>http://localhost:7077/</java.net.URL>
</httpSample>
<httpSample t="1" it="0" lt="1" ct="0" ts="1561082730975" s="true" lb="HTTP Request" rc="200" rm="" tn="Thread Group 1-75" dt="text" by="122" sby="118" ng="1" na="1">
  <java.net.URL>http://localhost:7077/</java.net.URL>
</httpSample>
<httpSample t="1" it="0" lt="1" ct="0" ts="1561082730976" s="true" lb="HTTP Request" rc="200" rm="" tn="Thread Group 1-75" dt="text" by="122" sby="118" ng="1" na="1">
  <java.net.URL>http://localhost:7077/</java.net.URL>
</httpSample>
<httpSample t="3" it="0" lt="3" ct="1" ts="1561082730977" s="true" lb="HTTP Request" rc="200" rm="" tn="Thread Group 1-75" dt="text" by="122" sby="118" ng="1" na="1">
  <java.net.URL>http://localhost:7077/</java.net.URL>
</httpSample>
<httpSample t="4" it="0" lt="4" ct="1" ts="1561082730980" s="true" lb="HTTP Request" rc="200" rm="" tn="Thread Group 1-75" dt="text" by="122" sby="118" ng="1" na="1">
  <java.net.URL>http://localhost:7077/</java.net.URL>
</httpSample>
<httpSample t="2" it="0" lt="1" ct="1" ts="1561082730984" s="true" lb="HTTP Request" rc="200" rm="" tn="Thread Group 1-75" dt="text" by="122" sby="118" ng="1" na="1">
  <java.net.URL>http://localhost:7077/</java.net.URL>
</httpSample>
<httpSample t="2" it="0" lt="2" ct="0" ts="1561082731068" s="true" lb="HTTP Request" rc="200" rm="" tn="Thread Group 1-76" dt="text" by="122" sby="118" ng="1" na="1">
  <java.net.URL>http://localhost:7077/</java.net.URL>
</httpSample>
<httpSample t="1" it="0" lt="1" ct="0" ts="1561082731070" s="true" lb="HTTP Request" rc="200" rm="" tn="Thread Group 1-76" dt="text" by="122" sby="118" ng="1" na="1">
  <java.net.URL>http://localhost:7077/</java.net.URL>
</httpSample>
<httpSample t="1" it="0" lt="1" ct="0" ts="1561082731072" s="true" lb="HTTP Request" rc="200" rm="" tn="Thread Group 1-76" dt="text" by="122" sby="118" ng="1" na="1">
  <java.net.URL>http://localhost:7077/</java.net.URL>
</httpSample>
<httpSample t="1" it="0" lt="1" ct="1" ts="1561082731073" s="true" lb="HTTP Request" rc="200" rm="" tn="Thread Group 1-76" dt="text" by="122" sby="118" ng="1" na="1">
  <java.net.URL>http://localhost:7077/</java.net.URL>
</httpSample>
<httpSample t="1" it="0" lt="1" ct="0" ts="1561082731075" s="true" lb="HTTP Request" rc="200" rm="" tn="Thread Group 1-76" dt="text" by="122" sby="118" ng="1" na="1">
  <java.net.URL>http://localhost:7077/</java.net.URL>
</httpSample>
<httpSample t="2" it="0" lt="2" ct="1" ts="1561082731076" s="true" lb="HTTP Request" rc="200" rm="" tn="Thread Group 1-76" dt="text" by="122" sby="118" ng="1" na="1">
  <java.net.URL>http://localhost:7077/</java.net.URL>
</httpSample>
<httpSample t="3" it="0" lt="2" ct="0" ts="1561082731078" s="true" lb="HTTP Request" rc="200" rm="" tn="Thread Group 1-76" dt="text" by="122" sby="118" ng="1" na="1">
  <java.net.URL>http://localhost:7077/</java.net.URL>
</httpSample>
<httpSample t="3" it="0" lt="3" ct="0" ts="1561082731081" s="true" lb="HTTP Request" rc="200" rm="" tn="Thread Group 1-76" dt="text" by="122" sby="118" ng="1" na="1">
  <java.net.URL>http://localhost:7077/</java.net.URL>
</httpSample>
<httpSample t="1" it="0" lt="1" ct="0" ts="1561082731085" s="true" lb="HTTP Request" rc="200" rm="" tn="Thread Group 1-76" dt="text" by="122" sby="118" ng="1" na="1">
  <java.net.URL>http://localhost:7077/</java.net.URL>
</httpSample>
<httpSample t="1" it="0" lt="1" ct="0" ts="1561082731086" s="true" lb="HTTP Request" rc="200" rm="" tn="Thread Group 1-76" dt="text" by="122" sby="118" ng="1" na="1">
  <java.net.URL>http://localhost:7077/</java.net.URL>
</httpSample>
<httpSample t="3" it="0" lt="3" ct="1" ts="1561082731167" s="true" lb="HTTP Request" rc="200" rm="" tn="Thread Group 1-77" dt="text" by="122" sby="118" ng="1" na="1">
  <java.net.URL>http://localhost:7077/</java.net.URL>
</httpSample>
<httpSample t="1" it="0" lt="1" ct="0" ts="1561082731170" s="true" lb="HTTP Request" rc="200" rm="" tn="Thread Group 1-77" dt="text" by="122" sby="118" ng="1" na="1">
  <java.net.URL>http://localhost:7077/</java.net.URL>
</httpSample>
<httpSample t="1" it="0" lt="1" ct="0" ts="1561082731172" s="true" lb="HTTP Request" rc="200" rm="" tn="Thread Group 1-77" dt="text" by="122" sby="118" ng="1" na="1">
  <java.net.URL>http://localhost:7077/</java.net.URL>
</httpSample>
<httpSample t="1" it="0" lt="1" ct="1" ts="1561082731173" s="true" lb="HTTP Request" rc="200" rm="" tn="Thread Group 1-77" dt="text" by="122" sby="118" ng="1" na="1">
  <java.net.URL>http://localhost:7077/</java.net.URL>
</httpSample>
<httpSample t="1" it="0" lt="1" ct="0" ts="1561082731175" s="true" lb="HTTP Request" rc="200" rm="" tn="Thread Group 1-77" dt="text" by="122" sby="118" ng="1" na="1">
  <java.net.URL>http://localhost:7077/</java.net.URL>
</httpSample>
<httpSample t="1" it="0" lt="1" ct="1" ts="1561082731176" s="true" lb="HTTP Request" rc="200" rm="" tn="Thread Group 1-77" dt="text" by="122" sby="118" ng="1" na="1">
  <java.net.URL>http://localhost:7077/</java.net.URL>
</httpSample>
<httpSample t="3" it="0" lt="2" ct="0" ts="1561082731178" s="true" lb="HTTP Request" rc="200" rm="" tn="Thread Group 1-77" dt="text" by="122" sby="118" ng="1" na="1">
  <java.net.URL>http://localhost:7077/</java.net.URL>
</httpSample>
<httpSample t="8" it="0" lt="7" ct="1" ts="1561082731181" s="true" lb="HTTP Request" rc="200" rm="" tn="Thread Group 1-77" dt="text" by="122" sby="118" ng="1" na="1">
  <java.net.URL>http://localhost:7077/</java.net.URL>
</httpSample>
<httpSample t="2" it="0" lt="2" ct="1" ts="1561082731189" s="true" lb="HTTP Request" rc="200" rm="" tn="Thread Group 1-77" dt="text" by="122" sby="118" ng="1" na="1">
  <java.net.URL>http://localhost:7077/</java.net.URL>
</httpSample>
<httpSample t="1" it="0" lt="1" ct="0" ts="1561082731192" s="true" lb="HTTP Request" rc="200" rm="" tn="Thread Group 1-77" dt="text" by="122" sby="118" ng="1" na="1">
  <java.net.URL>http://localhost:7077/</java.net.URL>
</httpSample>
<httpSample t="2" it="0" lt="2" ct="0" ts="1561082731267" s="true" lb="HTTP Request" rc="200" rm="" tn="Thread Group 1-78" dt="text" by="122" sby="118" ng="1" na="1">
  <java.net.URL>http://localhost:7077/</java.net.URL>
</httpSample>
<httpSample t="2" it="0" lt="2" ct="1" ts="1561082731269" s="true" lb="HTTP Request" rc="200" rm="" tn="Thread Group 1-78" dt="text" by="122" sby="118" ng="1" na="1">
  <java.net.URL>http://localhost:7077/</java.net.URL>
</httpSample>
<httpSample t="1" it="0" lt="1" ct="0" ts="1561082731271" s="true" lb="HTTP Request" rc="200" rm="" tn="Thread Group 1-78" dt="text" by="122" sby="118" ng="1" na="1">
  <java.net.URL>http://localhost:7077/</java.net.URL>
</httpSample>
<httpSample t="2" it="0" lt="2" ct="1" ts="1561082731272" s="true" lb="HTTP Request" rc="200" rm="" tn="Thread Group 1-78" dt="text" by="122" sby="118" ng="1" na="1">
  <java.net.URL>http://localhost:7077/</java.net.URL>
</httpSample>
<httpSample t="1" it="0" lt="1" ct="0" ts="1561082731274" s="true" lb="HTTP Request" rc="200" rm="" tn="Thread Group 1-78" dt="text" by="122" sby="118" ng="1" na="1">
  <java.net.URL>http://localhost:7077/</java.net.URL>
</httpSample>
<httpSample t="1" it="0" lt="1" ct="1" ts="1561082731275" s="true" lb="HTTP Request" rc="200" rm="" tn="Thread Group 1-78" dt="text" by="122" sby="118" ng="1" na="1">
  <java.net.URL>http://localhost:7077/</java.net.URL>
</httpSample>
<httpSample t="2" it="0" lt="2" ct="0" ts="1561082731277" s="true" lb="HTTP Request" rc="200" rm="" tn="Thread Group 1-78" dt="text" by="122" sby="118" ng="1" na="1">
  <java.net.URL>http://localhost:7077/</java.net.URL>
</httpSample>
<httpSample t="3" it="0" lt="3" ct="0" ts="1561082731280" s="true" lb="HTTP Request" rc="200" rm="" tn="Thread Group 1-78" dt="text" by="122" sby="118" ng="1" na="1">
  <java.net.URL>http://localhost:7077/</java.net.URL>
</httpSample>
<httpSample t="2" it="0" lt="2" ct="1" ts="1561082731283" s="true" lb="HTTP Request" rc="200" rm="" tn="Thread Group 1-78" dt="text" by="122" sby="118" ng="1" na="1">
  <java.net.URL>http://localhost:7077/</java.net.URL>
</httpSample>
<httpSample t="1" it="0" lt="1" ct="0" ts="1561082731285" s="true" lb="HTTP Request" rc="200" rm="" tn="Thread Group 1-78" dt="text" by="122" sby="118" ng="1" na="1">
  <java.net.URL>http://localhost:7077/</java.net.URL>
</httpSample>
<httpSample t="3" it="0" lt="3" ct="1" ts="1561082731366" s="true" lb="HTTP Request" rc="200" rm="" tn="Thread Group 1-79" dt="text" by="122" sby="118" ng="1" na="1">
  <java.net.URL>http://localhost:7077/</java.net.URL>
</httpSample>
<httpSample t="1" it="0" lt="1" ct="1" ts="1561082731369" s="true" lb="HTTP Request" rc="200" rm="" tn="Thread Group 1-79" dt="text" by="122" sby="118" ng="1" na="1">
  <java.net.URL>http://localhost:7077/</java.net.URL>
</httpSample>
<httpSample t="1" it="0" lt="1" ct="0" ts="1561082731371" s="true" lb="HTTP Request" rc="200" rm="" tn="Thread Group 1-79" dt="text" by="122" sby="118" ng="1" na="1">
  <java.net.URL>http://localhost:7077/</java.net.URL>
</httpSample>
<httpSample t="1" it="0" lt="1" ct="1" ts="1561082731372" s="true" lb="HTTP Request" rc="200" rm="" tn="Thread Group 1-79" dt="text" by="122" sby="118" ng="1" na="1">
  <java.net.URL>http://localhost:7077/</java.net.URL>
</httpSample>
<httpSample t="1" it="0" lt="1" ct="0" ts="1561082731374" s="true" lb="HTTP Request" rc="200" rm="" tn="Thread Group 1-79" dt="text" by="122" sby="118" ng="1" na="1">
  <java.net.URL>http://localhost:7077/</java.net.URL>
</httpSample>
<httpSample t="1" it="0" lt="1" ct="0" ts="1561082731375" s="true" lb="HTTP Request" rc="200" rm="" tn="Thread Group 1-79" dt="text" by="122" sby="118" ng="1" na="1">
  <java.net.URL>http://localhost:7077/</java.net.URL>
</httpSample>
<httpSample t="3" it="0" lt="3" ct="0" ts="1561082731377" s="true" lb="HTTP Request" rc="200" rm="" tn="Thread Group 1-79" dt="text" by="122" sby="118" ng="1" na="1">
  <java.net.URL>http://localhost:7077/</java.net.URL>
</httpSample>
<httpSample t="4" it="0" lt="4" ct="1" ts="1561082731380" s="true" lb="HTTP Request" rc="200" rm="" tn="Thread Group 1-79" dt="text" by="122" sby="118" ng="1" na="1">
  <java.net.URL>http://localhost:7077/</java.net.URL>
</httpSample>
<httpSample t="1" it="0" lt="1" ct="0" ts="1561082731385" s="true" lb="HTTP Request" rc="200" rm="" tn="Thread Group 1-79" dt="text" by="122" sby="118" ng="1" na="1">
  <java.net.URL>http://localhost:7077/</java.net.URL>
</httpSample>
<httpSample t="1" it="0" lt="1" ct="0" ts="1561082731387" s="true" lb="HTTP Request" rc="200" rm="" tn="Thread Group 1-79" dt="text" by="122" sby="118" ng="1" na="1">
  <java.net.URL>http://localhost:7077/</java.net.URL>
</httpSample>
<httpSample t="2" it="0" lt="2" ct="0" ts="1561082731467" s="true" lb="HTTP Request" rc="200" rm="" tn="Thread Group 1-80" dt="text" by="122" sby="118" ng="1" na="1">
  <java.net.URL>http://localhost:7077/</java.net.URL>
</httpSample>
<httpSample t="2" it="0" lt="2" ct="1" ts="1561082731469" s="true" lb="HTTP Request" rc="200" rm="" tn="Thread Group 1-80" dt="text" by="122" sby="118" ng="1" na="1">
  <java.net.URL>http://localhost:7077/</java.net.URL>
</httpSample>
<httpSample t="2" it="0" lt="2" ct="1" ts="1561082731471" s="true" lb="HTTP Request" rc="200" rm="" tn="Thread Group 1-80" dt="text" by="122" sby="118" ng="1" na="1">
  <java.net.URL>http://localhost:7077/</java.net.URL>
</httpSample>
<httpSample t="1" it="0" lt="1" ct="0" ts="1561082731473" s="true" lb="HTTP Request" rc="200" rm="" tn="Thread Group 1-80" dt="text" by="122" sby="118" ng="1" na="1">
  <java.net.URL>http://localhost:7077/</java.net.URL>
</httpSample>
<httpSample t="1" it="0" lt="1" ct="0" ts="1561082731475" s="true" lb="HTTP Request" rc="200" rm="" tn="Thread Group 1-80" dt="text" by="122" sby="118" ng="1" na="1">
  <java.net.URL>http://localhost:7077/</java.net.URL>
</httpSample>
<httpSample t="2" it="0" lt="2" ct="0" ts="1561082731477" s="true" lb="HTTP Request" rc="200" rm="" tn="Thread Group 1-80" dt="text" by="122" sby="118" ng="1" na="1">
  <java.net.URL>http://localhost:7077/</java.net.URL>
</httpSample>
<httpSample t="4" it="0" lt="4" ct="0" ts="1561082731480" s="true" lb="HTTP Request" rc="200" rm="" tn="Thread Group 1-80" dt="text" by="122" sby="118" ng="1" na="1">
  <java.net.URL>http://localhost:7077/</java.net.URL>
</httpSample>
<httpSample t="2" it="0" lt="2" ct="0" ts="1561082731484" s="true" lb="HTTP Request" rc="200" rm="" tn="Thread Group 1-80" dt="text" by="122" sby="118" ng="1" na="1">
  <java.net.URL>http://localhost:7077/</java.net.URL>
</httpSample>
<httpSample t="2" it="0" lt="1" ct="0" ts="1561082731486" s="true" lb="HTTP Request" rc="200" rm="" tn="Thread Group 1-80" dt="text" by="122" sby="118" ng="1" na="1">
  <java.net.URL>http://localhost:7077/</java.net.URL>
</httpSample>
<httpSample t="3" it="0" lt="3" ct="1" ts="1561082731488" s="true" lb="HTTP Request" rc="200" rm="" tn="Thread Group 1-80" dt="text" by="122" sby="118" ng="1" na="1">
  <java.net.URL>http://localhost:7077/</java.net.URL>
</httpSample>
<httpSample t="3" it="0" lt="3" ct="1" ts="1561082731567" s="true" lb="HTTP Request" rc="200" rm="" tn="Thread Group 1-81" dt="text" by="122" sby="118" ng="1" na="1">
  <java.net.URL>http://localhost:7077/</java.net.URL>
</httpSample>
<httpSample t="1" it="0" lt="1" ct="0" ts="1561082731570" s="true" lb="HTTP Request" rc="200" rm="" tn="Thread Group 1-81" dt="text" by="122" sby="118" ng="1" na="1">
  <java.net.URL>http://localhost:7077/</java.net.URL>
</httpSample>
<httpSample t="2" it="0" lt="2" ct="1" ts="1561082731571" s="true" lb="HTTP Request" rc="200" rm="" tn="Thread Group 1-81" dt="text" by="122" sby="118" ng="1" na="1">
  <java.net.URL>http://localhost:7077/</java.net.URL>
</httpSample>
<httpSample t="1" it="0" lt="1" ct="0" ts="1561082731573" s="true" lb="HTTP Request" rc="200" rm="" tn="Thread Group 1-81" dt="text" by="122" sby="118" ng="1" na="1">
  <java.net.URL>http://localhost:7077/</java.net.URL>
</httpSample>
<httpSample t="1" it="0" lt="1" ct="1" ts="1561082731574" s="true" lb="HTTP Request" rc="200" rm="" tn="Thread Group 1-81" dt="text" by="122" sby="118" ng="1" na="1">
  <java.net.URL>http://localhost:7077/</java.net.URL>
</httpSample>
<httpSample t="1" it="0" lt="1" ct="0" ts="1561082731576" s="true" lb="HTTP Request" rc="200" rm="" tn="Thread Group 1-81" dt="text" by="122" sby="118" ng="1" na="1">
  <java.net.URL>http://localhost:7077/</java.net.URL>
</httpSample>
<httpSample t="3" it="0" lt="3" ct="1" ts="1561082731577" s="true" lb="HTTP Request" rc="200" rm="" tn="Thread Group 1-81" dt="text" by="122" sby="118" ng="1" na="1">
  <java.net.URL>http://localhost:7077/</java.net.URL>
</httpSample>
<httpSample t="4" it="0" lt="4" ct="1" ts="1561082731580" s="true" lb="HTTP Request" rc="200" rm="" tn="Thread Group 1-81" dt="text" by="122" sby="118" ng="1" na="1">
  <java.net.URL>http://localhost:7077/</java.net.URL>
</httpSample>
<httpSample t="1" it="0" lt="1" ct="0" ts="1561082731585" s="true" lb="HTTP Request" rc="200" rm="" tn="Thread Group 1-81" dt="text" by="122" sby="118" ng="1" na="1">
  <java.net.URL>http://localhost:7077/</java.net.URL>
</httpSample>
<httpSample t="1" it="0" lt="1" ct="0" ts="1561082731586" s="true" lb="HTTP Request" rc="200" rm="" tn="Thread Group 1-81" dt="text" by="122" sby="118" ng="1" na="1">
  <java.net.URL>http://localhost:7077/</java.net.URL>
</httpSample>
<httpSample t="2" it="0" lt="2" ct="0" ts="1561082731666" s="true" lb="HTTP Request" rc="200" rm="" tn="Thread Group 1-82" dt="text" by="122" sby="118" ng="1" na="1">
  <java.net.URL>http://localhost:7077/</java.net.URL>
</httpSample>
<httpSample t="2" it="0" lt="1" ct="0" ts="1561082731668" s="true" lb="HTTP Request" rc="200" rm="" tn="Thread Group 1-82" dt="text" by="122" sby="118" ng="1" na="1">
  <java.net.URL>http://localhost:7077/</java.net.URL>
</httpSample>
<httpSample t="1" it="0" lt="1" ct="0" ts="1561082731670" s="true" lb="HTTP Request" rc="200" rm="" tn="Thread Group 1-82" dt="text" by="122" sby="118" ng="1" na="1">
  <java.net.URL>http://localhost:7077/</java.net.URL>
</httpSample>
<httpSample t="2" it="0" lt="2" ct="1" ts="1561082731671" s="true" lb="HTTP Request" rc="200" rm="" tn="Thread Group 1-82" dt="text" by="122" sby="118" ng="1" na="1">
  <java.net.URL>http://localhost:7077/</java.net.URL>
</httpSample>
<httpSample t="1" it="0" lt="1" ct="0" ts="1561082731673" s="true" lb="HTTP Request" rc="200" rm="" tn="Thread Group 1-82" dt="text" by="122" sby="118" ng="1" na="1">
  <java.net.URL>http://localhost:7077/</java.net.URL>
</httpSample>
<httpSample t="1" it="0" lt="1" ct="1" ts="1561082731674" s="true" lb="HTTP Request" rc="200" rm="" tn="Thread Group 1-82" dt="text" by="122" sby="118" ng="1" na="1">
  <java.net.URL>http://localhost:7077/</java.net.URL>
</httpSample>
<httpSample t="2" it="0" lt="2" ct="0" ts="1561082731676" s="true" lb="HTTP Request" rc="200" rm="" tn="Thread Group 1-82" dt="text" by="122" sby="118" ng="1" na="1">
  <java.net.URL>http://localhost:7077/</java.net.URL>
</httpSample>
<httpSample t="3" it="0" lt="3" ct="0" ts="1561082731679" s="true" lb="HTTP Request" rc="200" rm="" tn="Thread Group 1-82" dt="text" by="122" sby="118" ng="1" na="1">
  <java.net.URL>http://localhost:7077/</java.net.URL>
</httpSample>
<httpSample t="2" it="0" lt="1" ct="1" ts="1561082731682" s="true" lb="HTTP Request" rc="200" rm="" tn="Thread Group 1-82" dt="text" by="122" sby="118" ng="1" na="1">
  <java.net.URL>http://localhost:7077/</java.net.URL>
</httpSample>
<httpSample t="1" it="0" lt="1" ct="0" ts="1561082731684" s="true" lb="HTTP Request" rc="200" rm="" tn="Thread Group 1-82" dt="text" by="122" sby="118" ng="1" na="1">
  <java.net.URL>http://localhost:7077/</java.net.URL>
</httpSample>
<httpSample t="2" it="0" lt="2" ct="0" ts="1561082731766" s="true" lb="HTTP Request" rc="200" rm="" tn="Thread Group 1-83" dt="text" by="122" sby="118" ng="1" na="1">
  <java.net.URL>http://localhost:7077/</java.net.URL>
</httpSample>
<httpSample t="2" it="0" lt="2" ct="1" ts="1561082731768" s="true" lb="HTTP Request" rc="200" rm="" tn="Thread Group 1-83" dt="text" by="122" sby="118" ng="1" na="1">
  <java.net.URL>http://localhost:7077/</java.net.URL>
</httpSample>
<httpSample t="1" it="0" lt="1" ct="0" ts="1561082731770" s="true" lb="HTTP Request" rc="200" rm="" tn="Thread Group 1-83" dt="text" by="122" sby="118" ng="1" na="1">
  <java.net.URL>http://localhost:7077/</java.net.URL>
</httpSample>
<httpSample t="2" it="0" lt="2" ct="1" ts="1561082731771" s="true" lb="HTTP Request" rc="200" rm="" tn="Thread Group 1-83" dt="text" by="122" sby="118" ng="1" na="1">
  <java.net.URL>http://localhost:7077/</java.net.URL>
</httpSample>
<httpSample t="1" it="0" lt="1" ct="0" ts="1561082731773" s="true" lb="HTTP Request" rc="200" rm="" tn="Thread Group 1-83" dt="text" by="122" sby="118" ng="1" na="1">
  <java.net.URL>http://localhost:7077/</java.net.URL>
</httpSample>
<httpSample t="1" it="0" lt="1" ct="0" ts="1561082731774" s="true" lb="HTTP Request" rc="200" rm="" tn="Thread Group 1-83" dt="text" by="122" sby="118" ng="1" na="1">
  <java.net.URL>http://localhost:7077/</java.net.URL>
</httpSample>
<httpSample t="3" it="0" lt="3" ct="1" ts="1561082731775" s="true" lb="HTTP Request" rc="200" rm="" tn="Thread Group 1-83" dt="text" by="122" sby="118" ng="1" na="1">
  <java.net.URL>http://localhost:7077/</java.net.URL>
</httpSample>
<httpSample t="3" it="0" lt="3" ct="0" ts="1561082731779" s="true" lb="HTTP Request" rc="200" rm="" tn="Thread Group 1-83" dt="text" by="122" sby="118" ng="1" na="1">
  <java.net.URL>http://localhost:7077/</java.net.URL>
</httpSample>
<httpSample t="2" it="0" lt="2" ct="1" ts="1561082731782" s="true" lb="HTTP Request" rc="200" rm="" tn="Thread Group 1-83" dt="text" by="122" sby="118" ng="1" na="1">
  <java.net.URL>http://localhost:7077/</java.net.URL>
</httpSample>
<httpSample t="1" it="0" lt="1" ct="0" ts="1561082731784" s="true" lb="HTTP Request" rc="200" rm="" tn="Thread Group 1-83" dt="text" by="122" sby="118" ng="1" na="1">
  <java.net.URL>http://localhost:7077/</java.net.URL>
</httpSample>
<httpSample t="2" it="0" lt="2" ct="1" ts="1561082731867" s="true" lb="HTTP Request" rc="200" rm="" tn="Thread Group 1-84" dt="text" by="122" sby="118" ng="1" na="1">
  <java.net.URL>http://localhost:7077/</java.net.URL>
</httpSample>
<httpSample t="2" it="0" lt="2" ct="1" ts="1561082731869" s="true" lb="HTTP Request" rc="200" rm="" tn="Thread Group 1-84" dt="text" by="122" sby="118" ng="1" na="1">
  <java.net.URL>http://localhost:7077/</java.net.URL>
</httpSample>
<httpSample t="2" it="0" lt="2" ct="1" ts="1561082731871" s="true" lb="HTTP Request" rc="200" rm="" tn="Thread Group 1-84" dt="text" by="122" sby="118" ng="1" na="1">
  <java.net.URL>http://localhost:7077/</java.net.URL>
</httpSample>
<httpSample t="1" it="0" lt="1" ct="0" ts="1561082731873" s="true" lb="HTTP Request" rc="200" rm="" tn="Thread Group 1-84" dt="text" by="122" sby="118" ng="1" na="1">
  <java.net.URL>http://localhost:7077/</java.net.URL>
</httpSample>
<httpSample t="2" it="0" lt="2" ct="1" ts="1561082731874" s="true" lb="HTTP Request" rc="200" rm="" tn="Thread Group 1-84" dt="text" by="122" sby="118" ng="1" na="1">
  <java.net.URL>http://localhost:7077/</java.net.URL>
</httpSample>
<httpSample t="1" it="0" lt="1" ct="0" ts="1561082731876" s="true" lb="HTTP Request" rc="200" rm="" tn="Thread Group 1-84" dt="text" by="122" sby="118" ng="1" na="1">
  <java.net.URL>http://localhost:7077/</java.net.URL>
</httpSample>
<httpSample t="3" it="0" lt="3" ct="1" ts="1561082731877" s="true" lb="HTTP Request" rc="200" rm="" tn="Thread Group 1-84" dt="text" by="122" sby="118" ng="1" na="1">
  <java.net.URL>http://localhost:7077/</java.net.URL>
</httpSample>
<httpSample t="4" it="0" lt="4" ct="1" ts="1561082731880" s="true" lb="HTTP Request" rc="200" rm="" tn="Thread Group 1-84" dt="text" by="122" sby="118" ng="1" na="1">
  <java.net.URL>http://localhost:7077/</java.net.URL>
</httpSample>
<httpSample t="1" it="0" lt="1" ct="0" ts="1561082731885" s="true" lb="HTTP Request" rc="200" rm="" tn="Thread Group 1-84" dt="text" by="122" sby="118" ng="1" na="1">
  <java.net.URL>http://localhost:7077/</java.net.URL>
</httpSample>
<httpSample t="1" it="0" lt="1" ct="0" ts="1561082731887" s="true" lb="HTTP Request" rc="200" rm="" tn="Thread Group 1-84" dt="text" by="122" sby="118" ng="1" na="1">
  <java.net.URL>http://localhost:7077/</java.net.URL>
</httpSample>
<httpSample t="2" it="0" lt="2" ct="0" ts="1561082731967" s="true" lb="HTTP Request" rc="200" rm="" tn="Thread Group 1-85" dt="text" by="122" sby="118" ng="1" na="1">
  <java.net.URL>http://localhost:7077/</java.net.URL>
</httpSample>
<httpSample t="2" it="0" lt="2" ct="1" ts="1561082731969" s="true" lb="HTTP Request" rc="200" rm="" tn="Thread Group 1-85" dt="text" by="122" sby="118" ng="1" na="1">
  <java.net.URL>http://localhost:7077/</java.net.URL>
</httpSample>
<httpSample t="1" it="0" lt="1" ct="0" ts="1561082731971" s="true" lb="HTTP Request" rc="200" rm="" tn="Thread Group 1-85" dt="text" by="122" sby="118" ng="1" na="1">
  <java.net.URL>http://localhost:7077/</java.net.URL>
</httpSample>
<httpSample t="2" it="0" lt="2" ct="1" ts="1561082731972" s="true" lb="HTTP Request" rc="200" rm="" tn="Thread Group 1-85" dt="text" by="122" sby="118" ng="1" na="1">
  <java.net.URL>http://localhost:7077/</java.net.URL>
</httpSample>
<httpSample t="1" it="0" lt="1" ct="0" ts="1561082731974" s="true" lb="HTTP Request" rc="200" rm="" tn="Thread Group 1-85" dt="text" by="122" sby="118" ng="1" na="1">
  <java.net.URL>http://localhost:7077/</java.net.URL>
</httpSample>
<httpSample t="1" it="0" lt="1" ct="0" ts="1561082731976" s="true" lb="HTTP Request" rc="200" rm="" tn="Thread Group 1-85" dt="text" by="122" sby="118" ng="1" na="1">
  <java.net.URL>http://localhost:7077/</java.net.URL>
</httpSample>
<httpSample t="3" it="0" lt="3" ct="1" ts="1561082731977" s="true" lb="HTTP Request" rc="200" rm="" tn="Thread Group 1-85" dt="text" by="122" sby="118" ng="1" na="1">
  <java.net.URL>http://localhost:7077/</java.net.URL>
</httpSample>
<httpSample t="4" it="0" lt="4" ct="1" ts="1561082731980" s="true" lb="HTTP Request" rc="200" rm="" tn="Thread Group 1-85" dt="text" by="122" sby="118" ng="1" na="1">
  <java.net.URL>http://localhost:7077/</java.net.URL>
</httpSample>
<httpSample t="1" it="0" lt="1" ct="0" ts="1561082731985" s="true" lb="HTTP Request" rc="200" rm="" tn="Thread Group 1-85" dt="text" by="122" sby="118" ng="1" na="1">
  <java.net.URL>http://localhost:7077/</java.net.URL>
</httpSample>
<httpSample t="4" it="0" lt="4" ct="0" ts="1561082731987" s="true" lb="HTTP Request" rc="200" rm="" tn="Thread Group 1-85" dt="text" by="122" sby="118" ng="1" na="1">
  <java.net.URL>http://localhost:7077/</java.net.URL>
</httpSample>
<httpSample t="2" it="0" lt="2" ct="0" ts="1561082732066" s="true" lb="HTTP Request" rc="200" rm="" tn="Thread Group 1-86" dt="text" by="122" sby="118" ng="1" na="1">
  <java.net.URL>http://localhost:7077/</java.net.URL>
</httpSample>
<httpSample t="1" it="0" lt="1" ct="1" ts="1561082732068" s="true" lb="HTTP Request" rc="200" rm="" tn="Thread Group 1-86" dt="text" by="122" sby="118" ng="1" na="1">
  <java.net.URL>http://localhost:7077/</java.net.URL>
</httpSample>
<httpSample t="1" it="0" lt="1" ct="0" ts="1561082732070" s="true" lb="HTTP Request" rc="200" rm="" tn="Thread Group 1-86" dt="text" by="122" sby="118" ng="1" na="1">
  <java.net.URL>http://localhost:7077/</java.net.URL>
</httpSample>
<httpSample t="1" it="0" lt="1" ct="0" ts="1561082732072" s="true" lb="HTTP Request" rc="200" rm="" tn="Thread Group 1-86" dt="text" by="122" sby="118" ng="1" na="1">
  <java.net.URL>http://localhost:7077/</java.net.URL>
</httpSample>
<httpSample t="2" it="0" lt="2" ct="1" ts="1561082732073" s="true" lb="HTTP Request" rc="200" rm="" tn="Thread Group 1-86" dt="text" by="122" sby="118" ng="1" na="1">
  <java.net.URL>http://localhost:7077/</java.net.URL>
</httpSample>
<httpSample t="3" it="0" lt="3" ct="0" ts="1561082732075" s="true" lb="HTTP Request" rc="200" rm="" tn="Thread Group 1-86" dt="text" by="122" sby="118" ng="1" na="1">
  <java.net.URL>http://localhost:7077/</java.net.URL>
</httpSample>
<httpSample t="3" it="0" lt="3" ct="0" ts="1561082732079" s="true" lb="HTTP Request" rc="200" rm="" tn="Thread Group 1-86" dt="text" by="122" sby="118" ng="1" na="1">
  <java.net.URL>http://localhost:7077/</java.net.URL>
</httpSample>
<httpSample t="2" it="0" lt="2" ct="1" ts="1561082732082" s="true" lb="HTTP Request" rc="200" rm="" tn="Thread Group 1-86" dt="text" by="122" sby="118" ng="1" na="1">
  <java.net.URL>http://localhost:7077/</java.net.URL>
</httpSample>
<httpSample t="1" it="0" lt="1" ct="0" ts="1561082732084" s="true" lb="HTTP Request" rc="200" rm="" tn="Thread Group 1-86" dt="text" by="122" sby="118" ng="1" na="1">
  <java.net.URL>http://localhost:7077/</java.net.URL>
</httpSample>
<httpSample t="3" it="0" lt="3" ct="1" ts="1561082732085" s="true" lb="HTTP Request" rc="200" rm="" tn="Thread Group 1-86" dt="text" by="122" sby="118" ng="1" na="1">
  <java.net.URL>http://localhost:7077/</java.net.URL>
</httpSample>
<httpSample t="2" it="0" lt="2" ct="0" ts="1561082732166" s="true" lb="HTTP Request" rc="200" rm="" tn="Thread Group 1-87" dt="text" by="122" sby="118" ng="1" na="1">
  <java.net.URL>http://localhost:7077/</java.net.URL>
</httpSample>
<httpSample t="1" it="0" lt="1" ct="1" ts="1561082732168" s="true" lb="HTTP Request" rc="200" rm="" tn="Thread Group 1-87" dt="text" by="122" sby="118" ng="1" na="1">
  <java.net.URL>http://localhost:7077/</java.net.URL>
</httpSample>
<httpSample t="1" it="0" lt="1" ct="0" ts="1561082732170" s="true" lb="HTTP Request" rc="200" rm="" tn="Thread Group 1-87" dt="text" by="122" sby="118" ng="1" na="1">
  <java.net.URL>http://localhost:7077/</java.net.URL>
</httpSample>
<httpSample t="1" it="0" lt="1" ct="0" ts="1561082732172" s="true" lb="HTTP Request" rc="200" rm="" tn="Thread Group 1-87" dt="text" by="122" sby="118" ng="1" na="1">
  <java.net.URL>http://localhost:7077/</java.net.URL>
</httpSample>
<httpSample t="2" it="0" lt="2" ct="1" ts="1561082732173" s="true" lb="HTTP Request" rc="200" rm="" tn="Thread Group 1-87" dt="text" by="122" sby="118" ng="1" na="1">
  <java.net.URL>http://localhost:7077/</java.net.URL>
</httpSample>
<httpSample t="3" it="0" lt="3" ct="1" ts="1561082732175" s="true" lb="HTTP Request" rc="200" rm="" tn="Thread Group 1-87" dt="text" by="122" sby="118" ng="1" na="1">
  <java.net.URL>http://localhost:7077/</java.net.URL>
</httpSample>
<httpSample t="2" it="0" lt="2" ct="0" ts="1561082732179" s="true" lb="HTTP Request" rc="200" rm="" tn="Thread Group 1-87" dt="text" by="122" sby="118" ng="1" na="1">
  <java.net.URL>http://localhost:7077/</java.net.URL>
</httpSample>
<httpSample t="1" it="0" lt="1" ct="0" ts="1561082732182" s="true" lb="HTTP Request" rc="200" rm="" tn="Thread Group 1-87" dt="text" by="122" sby="118" ng="1" na="1">
  <java.net.URL>http://localhost:7077/</java.net.URL>
</httpSample>
<httpSample t="1" it="0" lt="1" ct="0" ts="1561082732184" s="true" lb="HTTP Request" rc="200" rm="" tn="Thread Group 1-87" dt="text" by="122" sby="118" ng="1" na="1">
  <java.net.URL>http://localhost:7077/</java.net.URL>
</httpSample>
<httpSample t="1" it="0" lt="1" ct="1" ts="1561082732185" s="true" lb="HTTP Request" rc="200" rm="" tn="Thread Group 1-87" dt="text" by="122" sby="118" ng="1" na="1">
  <java.net.URL>http://localhost:7077/</java.net.URL>
</httpSample>
<httpSample t="2" it="0" lt="2" ct="0" ts="1561082732267" s="true" lb="HTTP Request" rc="200" rm="" tn="Thread Group 1-88" dt="text" by="122" sby="118" ng="1" na="1">
  <java.net.URL>http://localhost:7077/</java.net.URL>
</httpSample>
<httpSample t="2" it="0" lt="2" ct="1" ts="1561082732269" s="true" lb="HTTP Request" rc="200" rm="" tn="Thread Group 1-88" dt="text" by="122" sby="118" ng="1" na="1">
  <java.net.URL>http://localhost:7077/</java.net.URL>
</httpSample>
<httpSample t="1" it="0" lt="1" ct="0" ts="1561082732271" s="true" lb="HTTP Request" rc="200" rm="" tn="Thread Group 1-88" dt="text" by="122" sby="118" ng="1" na="1">
  <java.net.URL>http://localhost:7077/</java.net.URL>
</httpSample>
<httpSample t="1" it="0" lt="1" ct="0" ts="1561082732273" s="true" lb="HTTP Request" rc="200" rm="" tn="Thread Group 1-88" dt="text" by="122" sby="118" ng="1" na="1">
  <java.net.URL>http://localhost:7077/</java.net.URL>
</httpSample>
<httpSample t="1" it="0" lt="1" ct="0" ts="1561082732275" s="true" lb="HTTP Request" rc="200" rm="" tn="Thread Group 1-88" dt="text" by="122" sby="118" ng="1" na="1">
  <java.net.URL>http://localhost:7077/</java.net.URL>
</httpSample>
<httpSample t="3" it="0" lt="3" ct="1" ts="1561082732276" s="true" lb="HTTP Request" rc="200" rm="" tn="Thread Group 1-88" dt="text" by="122" sby="118" ng="1" na="1">
  <java.net.URL>http://localhost:7077/</java.net.URL>
</httpSample>
<httpSample t="3" it="0" lt="3" ct="1" ts="1561082732279" s="true" lb="HTTP Request" rc="200" rm="" tn="Thread Group 1-88" dt="text" by="122" sby="118" ng="1" na="1">
  <java.net.URL>http://localhost:7077/</java.net.URL>
</httpSample>
<httpSample t="2" it="0" lt="2" ct="1" ts="1561082732282" s="true" lb="HTTP Request" rc="200" rm="" tn="Thread Group 1-88" dt="text" by="122" sby="118" ng="1" na="1">
  <java.net.URL>http://localhost:7077/</java.net.URL>
</httpSample>
<httpSample t="2" it="0" lt="2" ct="1" ts="1561082732284" s="true" lb="HTTP Request" rc="200" rm="" tn="Thread Group 1-88" dt="text" by="122" sby="118" ng="1" na="1">
  <java.net.URL>http://localhost:7077/</java.net.URL>
</httpSample>
<httpSample t="4" it="0" lt="3" ct="1" ts="1561082732286" s="true" lb="HTTP Request" rc="200" rm="" tn="Thread Group 1-88" dt="text" by="122" sby="118" ng="1" na="1">
  <java.net.URL>http://localhost:7077/</java.net.URL>
</httpSample>
<httpSample t="2" it="0" lt="2" ct="0" ts="1561082732367" s="true" lb="HTTP Request" rc="200" rm="" tn="Thread Group 1-89" dt="text" by="122" sby="118" ng="1" na="1">
  <java.net.URL>http://localhost:7077/</java.net.URL>
</httpSample>
<httpSample t="1" it="0" lt="1" ct="0" ts="1561082732369" s="true" lb="HTTP Request" rc="200" rm="" tn="Thread Group 1-89" dt="text" by="122" sby="118" ng="1" na="1">
  <java.net.URL>http://localhost:7077/</java.net.URL>
</httpSample>
<httpSample t="2" it="0" lt="1" ct="0" ts="1561082732371" s="true" lb="HTTP Request" rc="200" rm="" tn="Thread Group 1-89" dt="text" by="122" sby="118" ng="1" na="1">
  <java.net.URL>http://localhost:7077/</java.net.URL>
</httpSample>
<httpSample t="2" it="0" lt="1" ct="1" ts="1561082732373" s="true" lb="HTTP Request" rc="200" rm="" tn="Thread Group 1-89" dt="text" by="122" sby="118" ng="1" na="1">
  <java.net.URL>http://localhost:7077/</java.net.URL>
</httpSample>
<httpSample t="1" it="0" lt="1" ct="0" ts="1561082732375" s="true" lb="HTTP Request" rc="200" rm="" tn="Thread Group 1-89" dt="text" by="122" sby="118" ng="1" na="1">
  <java.net.URL>http://localhost:7077/</java.net.URL>
</httpSample>
<httpSample t="3" it="0" lt="3" ct="1" ts="1561082732376" s="true" lb="HTTP Request" rc="200" rm="" tn="Thread Group 1-89" dt="text" by="122" sby="118" ng="1" na="1">
  <java.net.URL>http://localhost:7077/</java.net.URL>
</httpSample>
<httpSample t="2" it="0" lt="2" ct="0" ts="1561082732380" s="true" lb="HTTP Request" rc="200" rm="" tn="Thread Group 1-89" dt="text" by="122" sby="118" ng="1" na="1">
  <java.net.URL>http://localhost:7077/</java.net.URL>
</httpSample>
<httpSample t="1" it="0" lt="1" ct="0" ts="1561082732383" s="true" lb="HTTP Request" rc="200" rm="" tn="Thread Group 1-89" dt="text" by="122" sby="118" ng="1" na="1">
  <java.net.URL>http://localhost:7077/</java.net.URL>
</httpSample>
<httpSample t="1" it="0" lt="1" ct="0" ts="1561082732385" s="true" lb="HTTP Request" rc="200" rm="" tn="Thread Group 1-89" dt="text" by="122" sby="118" ng="1" na="1">
  <java.net.URL>http://localhost:7077/</java.net.URL>
</httpSample>
<httpSample t="1" it="0" lt="1" ct="0" ts="1561082732386" s="true" lb="HTTP Request" rc="200" rm="" tn="Thread Group 1-89" dt="text" by="122" sby="118" ng="1" na="1">
  <java.net.URL>http://localhost:7077/</java.net.URL>
</httpSample>
<httpSample t="2" it="0" lt="2" ct="1" ts="1561082732465" s="true" lb="HTTP Request" rc="200" rm="" tn="Thread Group 1-90" dt="text" by="122" sby="118" ng="1" na="1">
  <java.net.URL>http://localhost:7077/</java.net.URL>
</httpSample>
<httpSample t="1" it="0" lt="1" ct="0" ts="1561082732468" s="true" lb="HTTP Request" rc="200" rm="" tn="Thread Group 1-90" dt="text" by="122" sby="118" ng="1" na="1">
  <java.net.URL>http://localhost:7077/</java.net.URL>
</httpSample>
<httpSample t="1" it="0" lt="1" ct="0" ts="1561082732470" s="true" lb="HTTP Request" rc="200" rm="" tn="Thread Group 1-90" dt="text" by="122" sby="118" ng="1" na="1">
  <java.net.URL>http://localhost:7077/</java.net.URL>
</httpSample>
<httpSample t="1" it="0" lt="1" ct="0" ts="1561082732471" s="true" lb="HTTP Request" rc="200" rm="" tn="Thread Group 1-90" dt="text" by="122" sby="118" ng="1" na="1">
  <java.net.URL>http://localhost:7077/</java.net.URL>
</httpSample>
<httpSample t="1" it="0" lt="1" ct="0" ts="1561082732473" s="true" lb="HTTP Request" rc="200" rm="" tn="Thread Group 1-90" dt="text" by="122" sby="118" ng="1" na="1">
  <java.net.URL>http://localhost:7077/</java.net.URL>
</httpSample>
<httpSample t="2" it="0" lt="2" ct="1" ts="1561082732474" s="true" lb="HTTP Request" rc="200" rm="" tn="Thread Group 1-90" dt="text" by="122" sby="118" ng="1" na="1">
  <java.net.URL>http://localhost:7077/</java.net.URL>
</httpSample>
<httpSample t="3" it="0" lt="3" ct="1" ts="1561082732476" s="true" lb="HTTP Request" rc="200" rm="" tn="Thread Group 1-90" dt="text" by="122" sby="118" ng="1" na="1">
  <java.net.URL>http://localhost:7077/</java.net.URL>
</httpSample>
<httpSample t="3" it="0" lt="3" ct="1" ts="1561082732479" s="true" lb="HTTP Request" rc="200" rm="" tn="Thread Group 1-90" dt="text" by="122" sby="118" ng="1" na="1">
  <java.net.URL>http://localhost:7077/</java.net.URL>
</httpSample>
<httpSample t="2" it="0" lt="2" ct="1" ts="1561082732482" s="true" lb="HTTP Request" rc="200" rm="" tn="Thread Group 1-90" dt="text" by="122" sby="118" ng="1" na="1">
  <java.net.URL>http://localhost:7077/</java.net.URL>
</httpSample>
<httpSample t="2" it="0" lt="2" ct="1" ts="1561082732484" s="true" lb="HTTP Request" rc="200" rm="" tn="Thread Group 1-90" dt="text" by="122" sby="118" ng="1" na="1">
  <java.net.URL>http://localhost:7077/</java.net.URL>
</httpSample>
<httpSample t="2" it="0" lt="2" ct="1" ts="1561082732566" s="true" lb="HTTP Request" rc="200" rm="" tn="Thread Group 1-91" dt="text" by="122" sby="118" ng="1" na="1">
  <java.net.URL>http://localhost:7077/</java.net.URL>
</httpSample>
<httpSample t="1" it="0" lt="1" ct="0" ts="1561082732569" s="true" lb="HTTP Request" rc="200" rm="" tn="Thread Group 1-91" dt="text" by="122" sby="118" ng="1" na="1">
  <java.net.URL>http://localhost:7077/</java.net.URL>
</httpSample>
<httpSample t="1" it="0" lt="1" ct="0" ts="1561082732571" s="true" lb="HTTP Request" rc="200" rm="" tn="Thread Group 1-91" dt="text" by="122" sby="118" ng="1" na="1">
  <java.net.URL>http://localhost:7077/</java.net.URL>
</httpSample>
<httpSample t="1" it="0" lt="1" ct="0" ts="1561082732572" s="true" lb="HTTP Request" rc="200" rm="" tn="Thread Group 1-91" dt="text" by="122" sby="118" ng="1" na="1">
  <java.net.URL>http://localhost:7077/</java.net.URL>
</httpSample>
<httpSample t="2" it="0" lt="1" ct="1" ts="1561082732573" s="true" lb="HTTP Request" rc="200" rm="" tn="Thread Group 1-91" dt="text" by="122" sby="118" ng="1" na="1">
  <java.net.URL>http://localhost:7077/</java.net.URL>
</httpSample>
<httpSample t="1" it="0" lt="1" ct="0" ts="1561082732575" s="true" lb="HTTP Request" rc="200" rm="" tn="Thread Group 1-91" dt="text" by="122" sby="118" ng="1" na="1">
  <java.net.URL>http://localhost:7077/</java.net.URL>
</httpSample>
<httpSample t="3" it="0" lt="3" ct="1" ts="1561082732576" s="true" lb="HTTP Request" rc="200" rm="" tn="Thread Group 1-91" dt="text" by="122" sby="118" ng="1" na="1">
  <java.net.URL>http://localhost:7077/</java.net.URL>
</httpSample>
<httpSample t="2" it="0" lt="2" ct="0" ts="1561082732580" s="true" lb="HTTP Request" rc="200" rm="" tn="Thread Group 1-91" dt="text" by="122" sby="118" ng="1" na="1">
  <java.net.URL>http://localhost:7077/</java.net.URL>
</httpSample>
<httpSample t="1" it="0" lt="1" ct="0" ts="1561082732583" s="true" lb="HTTP Request" rc="200" rm="" tn="Thread Group 1-91" dt="text" by="122" sby="118" ng="1" na="1">
  <java.net.URL>http://localhost:7077/</java.net.URL>
</httpSample>
<httpSample t="1" it="0" lt="1" ct="1" ts="1561082732584" s="true" lb="HTTP Request" rc="200" rm="" tn="Thread Group 1-91" dt="text" by="122" sby="118" ng="1" na="1">
  <java.net.URL>http://localhost:7077/</java.net.URL>
</httpSample>
<httpSample t="2" it="0" lt="2" ct="1" ts="1561082732666" s="true" lb="HTTP Request" rc="200" rm="" tn="Thread Group 1-92" dt="text" by="122" sby="118" ng="1" na="1">
  <java.net.URL>http://localhost:7077/</java.net.URL>
</httpSample>
<httpSample t="1" it="0" lt="1" ct="0" ts="1561082732669" s="true" lb="HTTP Request" rc="200" rm="" tn="Thread Group 1-92" dt="text" by="122" sby="118" ng="1" na="1">
  <java.net.URL>http://localhost:7077/</java.net.URL>
</httpSample>
<httpSample t="2" it="0" lt="1" ct="1" ts="1561082732670" s="true" lb="HTTP Request" rc="200" rm="" tn="Thread Group 1-92" dt="text" by="122" sby="118" ng="1" na="1">
  <java.net.URL>http://localhost:7077/</java.net.URL>
</httpSample>
<httpSample t="1" it="0" lt="1" ct="0" ts="1561082732672" s="true" lb="HTTP Request" rc="200" rm="" tn="Thread Group 1-92" dt="text" by="122" sby="118" ng="1" na="1">
  <java.net.URL>http://localhost:7077/</java.net.URL>
</httpSample>
<httpSample t="2" it="0" lt="2" ct="1" ts="1561082732673" s="true" lb="HTTP Request" rc="200" rm="" tn="Thread Group 1-92" dt="text" by="122" sby="118" ng="1" na="1">
  <java.net.URL>http://localhost:7077/</java.net.URL>
</httpSample>
<httpSample t="1" it="0" lt="1" ct="0" ts="1561082732675" s="true" lb="HTTP Request" rc="200" rm="" tn="Thread Group 1-92" dt="text" by="122" sby="118" ng="1" na="1">
  <java.net.URL>http://localhost:7077/</java.net.URL>
</httpSample>
<httpSample t="2" it="0" lt="2" ct="0" ts="1561082732677" s="true" lb="HTTP Request" rc="200" rm="" tn="Thread Group 1-92" dt="text" by="122" sby="118" ng="1" na="1">
  <java.net.URL>http://localhost:7077/</java.net.URL>
</httpSample>
<httpSample t="2" it="0" lt="2" ct="0" ts="1561082732680" s="true" lb="HTTP Request" rc="200" rm="" tn="Thread Group 1-92" dt="text" by="122" sby="118" ng="1" na="1">
  <java.net.URL>http://localhost:7077/</java.net.URL>
</httpSample>
<httpSample t="1" it="0" lt="1" ct="0" ts="1561082732683" s="true" lb="HTTP Request" rc="200" rm="" tn="Thread Group 1-92" dt="text" by="122" sby="118" ng="1" na="1">
  <java.net.URL>http://localhost:7077/</java.net.URL>
</httpSample>
<httpSample t="2" it="0" lt="2" ct="1" ts="1561082732684" s="true" lb="HTTP Request" rc="200" rm="" tn="Thread Group 1-92" dt="text" by="122" sby="118" ng="1" na="1">
  <java.net.URL>http://localhost:7077/</java.net.URL>
</httpSample>
<httpSample t="2" it="0" lt="2" ct="1" ts="1561082732767" s="true" lb="HTTP Request" rc="200" rm="" tn="Thread Group 1-93" dt="text" by="122" sby="118" ng="1" na="1">
  <java.net.URL>http://localhost:7077/</java.net.URL>
</httpSample>
<httpSample t="1" it="0" lt="1" ct="0" ts="1561082732770" s="true" lb="HTTP Request" rc="200" rm="" tn="Thread Group 1-93" dt="text" by="122" sby="118" ng="1" na="1">
  <java.net.URL>http://localhost:7077/</java.net.URL>
</httpSample>
<httpSample t="2" it="0" lt="2" ct="1" ts="1561082732771" s="true" lb="HTTP Request" rc="200" rm="" tn="Thread Group 1-93" dt="text" by="122" sby="118" ng="1" na="1">
  <java.net.URL>http://localhost:7077/</java.net.URL>
</httpSample>
<httpSample t="1" it="0" lt="1" ct="0" ts="1561082732773" s="true" lb="HTTP Request" rc="200" rm="" tn="Thread Group 1-93" dt="text" by="122" sby="118" ng="1" na="1">
  <java.net.URL>http://localhost:7077/</java.net.URL>
</httpSample>
<httpSample t="1" it="0" lt="1" ct="0" ts="1561082732775" s="true" lb="HTTP Request" rc="200" rm="" tn="Thread Group 1-93" dt="text" by="122" sby="118" ng="1" na="1">
  <java.net.URL>http://localhost:7077/</java.net.URL>
</httpSample>
<httpSample t="3" it="0" lt="3" ct="0" ts="1561082732777" s="true" lb="HTTP Request" rc="200" rm="" tn="Thread Group 1-93" dt="text" by="122" sby="118" ng="1" na="1">
  <java.net.URL>http://localhost:7077/</java.net.URL>
</httpSample>
<httpSample t="4" it="0" lt="4" ct="1" ts="1561082732780" s="true" lb="HTTP Request" rc="200" rm="" tn="Thread Group 1-93" dt="text" by="122" sby="118" ng="1" na="1">
  <java.net.URL>http://localhost:7077/</java.net.URL>
</httpSample>
<httpSample t="1" it="0" lt="1" ct="0" ts="1561082732784" s="true" lb="HTTP Request" rc="200" rm="" tn="Thread Group 1-93" dt="text" by="122" sby="118" ng="1" na="1">
  <java.net.URL>http://localhost:7077/</java.net.URL>
</httpSample>
<httpSample t="1" it="0" lt="1" ct="0" ts="1561082732786" s="true" lb="HTTP Request" rc="200" rm="" tn="Thread Group 1-93" dt="text" by="122" sby="118" ng="1" na="1">
  <java.net.URL>http://localhost:7077/</java.net.URL>
</httpSample>
<httpSample t="3" it="0" lt="3" ct="1" ts="1561082732787" s="true" lb="HTTP Request" rc="200" rm="" tn="Thread Group 1-93" dt="text" by="122" sby="118" ng="1" na="1">
  <java.net.URL>http://localhost:7077/</java.net.URL>
</httpSample>
<httpSample t="2" it="0" lt="2" ct="1" ts="1561082732867" s="true" lb="HTTP Request" rc="200" rm="" tn="Thread Group 1-94" dt="text" by="122" sby="118" ng="1" na="1">
  <java.net.URL>http://localhost:7077/</java.net.URL>
</httpSample>
<httpSample t="1" it="0" lt="1" ct="0" ts="1561082732870" s="true" lb="HTTP Request" rc="200" rm="" tn="Thread Group 1-94" dt="text" by="122" sby="118" ng="1" na="1">
  <java.net.URL>http://localhost:7077/</java.net.URL>
</httpSample>
<httpSample t="2" it="0" lt="2" ct="0" ts="1561082732872" s="true" lb="HTTP Request" rc="200" rm="" tn="Thread Group 1-94" dt="text" by="122" sby="118" ng="1" na="1">
  <java.net.URL>http://localhost:7077/</java.net.URL>
</httpSample>
<httpSample t="2" it="0" lt="2" ct="0" ts="1561082732874" s="true" lb="HTTP Request" rc="200" rm="" tn="Thread Group 1-94" dt="text" by="122" sby="118" ng="1" na="1">
  <java.net.URL>http://localhost:7077/</java.net.URL>
</httpSample>
<httpSample t="1" it="0" lt="1" ct="0" ts="1561082732876" s="true" lb="HTTP Request" rc="200" rm="" tn="Thread Group 1-94" dt="text" by="122" sby="118" ng="1" na="1">
  <java.net.URL>http://localhost:7077/</java.net.URL>
</httpSample>
<httpSample t="2" it="0" lt="2" ct="0" ts="1561082732878" s="true" lb="HTTP Request" rc="200" rm="" tn="Thread Group 1-94" dt="text" by="122" sby="118" ng="1" na="1">
  <java.net.URL>http://localhost:7077/</java.net.URL>
</httpSample>
<httpSample t="3" it="0" lt="3" ct="1" ts="1561082732881" s="true" lb="HTTP Request" rc="200" rm="" tn="Thread Group 1-94" dt="text" by="122" sby="118" ng="1" na="1">
  <java.net.URL>http://localhost:7077/</java.net.URL>
</httpSample>
<httpSample t="1" it="0" lt="1" ct="0" ts="1561082732885" s="true" lb="HTTP Request" rc="200" rm="" tn="Thread Group 1-94" dt="text" by="122" sby="118" ng="1" na="1">
  <java.net.URL>http://localhost:7077/</java.net.URL>
</httpSample>
<httpSample t="1" it="0" lt="1" ct="1" ts="1561082732886" s="true" lb="HTTP Request" rc="200" rm="" tn="Thread Group 1-94" dt="text" by="122" sby="118" ng="1" na="1">
  <java.net.URL>http://localhost:7077/</java.net.URL>
</httpSample>
<httpSample t="3" it="0" lt="3" ct="0" ts="1561082732888" s="true" lb="HTTP Request" rc="200" rm="" tn="Thread Group 1-94" dt="text" by="122" sby="118" ng="1" na="1">
  <java.net.URL>http://localhost:7077/</java.net.URL>
</httpSample>
<httpSample t="2" it="0" lt="2" ct="1" ts="1561082732966" s="true" lb="HTTP Request" rc="200" rm="" tn="Thread Group 1-95" dt="text" by="122" sby="118" ng="1" na="1">
  <java.net.URL>http://localhost:7077/</java.net.URL>
</httpSample>
<httpSample t="1" it="0" lt="1" ct="0" ts="1561082732969" s="true" lb="HTTP Request" rc="200" rm="" tn="Thread Group 1-95" dt="text" by="122" sby="118" ng="1" na="1">
  <java.net.URL>http://localhost:7077/</java.net.URL>
</httpSample>
<httpSample t="2" it="0" lt="2" ct="1" ts="1561082732970" s="true" lb="HTTP Request" rc="200" rm="" tn="Thread Group 1-95" dt="text" by="122" sby="118" ng="1" na="1">
  <java.net.URL>http://localhost:7077/</java.net.URL>
</httpSample>
<httpSample t="1" it="0" lt="1" ct="0" ts="1561082732972" s="true" lb="HTTP Request" rc="200" rm="" tn="Thread Group 1-95" dt="text" by="122" sby="118" ng="1" na="1">
  <java.net.URL>http://localhost:7077/</java.net.URL>
</httpSample>
<httpSample t="2" it="0" lt="2" ct="1" ts="1561082732973" s="true" lb="HTTP Request" rc="200" rm="" tn="Thread Group 1-95" dt="text" by="122" sby="118" ng="1" na="1">
  <java.net.URL>http://localhost:7077/</java.net.URL>
</httpSample>
<httpSample t="1" it="0" lt="1" ct="0" ts="1561082732975" s="true" lb="HTTP Request" rc="200" rm="" tn="Thread Group 1-95" dt="text" by="122" sby="118" ng="1" na="1">
  <java.net.URL>http://localhost:7077/</java.net.URL>
</httpSample>
<httpSample t="2" it="0" lt="2" ct="0" ts="1561082732977" s="true" lb="HTTP Request" rc="200" rm="" tn="Thread Group 1-95" dt="text" by="122" sby="118" ng="1" na="1">
  <java.net.URL>http://localhost:7077/</java.net.URL>
</httpSample>
<httpSample t="2" it="0" lt="2" ct="0" ts="1561082732980" s="true" lb="HTTP Request" rc="200" rm="" tn="Thread Group 1-95" dt="text" by="122" sby="118" ng="1" na="1">
  <java.net.URL>http://localhost:7077/</java.net.URL>
</httpSample>
<httpSample t="1" it="0" lt="1" ct="0" ts="1561082732983" s="true" lb="HTTP Request" rc="200" rm="" tn="Thread Group 1-95" dt="text" by="122" sby="118" ng="1" na="1">
  <java.net.URL>http://localhost:7077/</java.net.URL>
</httpSample>
<httpSample t="2" it="0" lt="2" ct="1" ts="1561082732984" s="true" lb="HTTP Request" rc="200" rm="" tn="Thread Group 1-95" dt="text" by="122" sby="118" ng="1" na="1">
  <java.net.URL>http://localhost:7077/</java.net.URL>
</httpSample>
<httpSample t="2" it="0" lt="2" ct="1" ts="1561082733066" s="true" lb="HTTP Request" rc="200" rm="" tn="Thread Group 1-96" dt="text" by="122" sby="118" ng="1" na="1">
  <java.net.URL>http://localhost:7077/</java.net.URL>
</httpSample>
<httpSample t="2" it="0" lt="2" ct="1" ts="1561082733068" s="true" lb="HTTP Request" rc="200" rm="" tn="Thread Group 1-96" dt="text" by="122" sby="118" ng="1" na="1">
  <java.net.URL>http://localhost:7077/</java.net.URL>
</httpSample>
<httpSample t="1" it="0" lt="1" ct="0" ts="1561082733070" s="true" lb="HTTP Request" rc="200" rm="" tn="Thread Group 1-96" dt="text" by="122" sby="118" ng="1" na="1">
  <java.net.URL>http://localhost:7077/</java.net.URL>
</httpSample>
<httpSample t="1" it="0" lt="1" ct="0" ts="1561082733071" s="true" lb="HTTP Request" rc="200" rm="" tn="Thread Group 1-96" dt="text" by="122" sby="118" ng="1" na="1">
  <java.net.URL>http://localhost:7077/</java.net.URL>
</httpSample>
<httpSample t="1" it="0" lt="1" ct="1" ts="1561082733072" s="true" lb="HTTP Request" rc="200" rm="" tn="Thread Group 1-96" dt="text" by="122" sby="118" ng="1" na="1">
  <java.net.URL>http://localhost:7077/</java.net.URL>
</httpSample>
<httpSample t="1" it="0" lt="1" ct="0" ts="1561082733074" s="true" lb="HTTP Request" rc="200" rm="" tn="Thread Group 1-96" dt="text" by="122" sby="118" ng="1" na="1">
  <java.net.URL>http://localhost:7077/</java.net.URL>
</httpSample>
<httpSample t="1" it="0" lt="1" ct="0" ts="1561082733075" s="true" lb="HTTP Request" rc="200" rm="" tn="Thread Group 1-96" dt="text" by="122" sby="118" ng="1" na="1">
  <java.net.URL>http://localhost:7077/</java.net.URL>
</httpSample>
<httpSample t="3" it="0" lt="3" ct="0" ts="1561082733076" s="true" lb="HTTP Request" rc="200" rm="" tn="Thread Group 1-96" dt="text" by="122" sby="118" ng="1" na="1">
  <java.net.URL>http://localhost:7077/</java.net.URL>
</httpSample>
<httpSample t="3" it="0" lt="3" ct="1" ts="1561082733079" s="true" lb="HTTP Request" rc="200" rm="" tn="Thread Group 1-96" dt="text" by="122" sby="118" ng="1" na="1">
  <java.net.URL>http://localhost:7077/</java.net.URL>
</httpSample>
<httpSample t="1" it="0" lt="1" ct="0" ts="1561082733082" s="true" lb="HTTP Request" rc="200" rm="" tn="Thread Group 1-96" dt="text" by="122" sby="118" ng="1" na="1">
  <java.net.URL>http://localhost:7077/</java.net.URL>
</httpSample>
<httpSample t="3" it="0" lt="2" ct="1" ts="1561082733166" s="true" lb="HTTP Request" rc="200" rm="" tn="Thread Group 1-97" dt="text" by="122" sby="118" ng="1" na="1">
  <java.net.URL>http://localhost:7077/</java.net.URL>
</httpSample>
<httpSample t="1" it="0" lt="1" ct="0" ts="1561082733169" s="true" lb="HTTP Request" rc="200" rm="" tn="Thread Group 1-97" dt="text" by="122" sby="118" ng="1" na="1">
  <java.net.URL>http://localhost:7077/</java.net.URL>
</httpSample>
<httpSample t="1" it="0" lt="1" ct="0" ts="1561082733171" s="true" lb="HTTP Request" rc="200" rm="" tn="Thread Group 1-97" dt="text" by="122" sby="118" ng="1" na="1">
  <java.net.URL>http://localhost:7077/</java.net.URL>
</httpSample>
<httpSample t="1" it="0" lt="1" ct="1" ts="1561082733172" s="true" lb="HTTP Request" rc="200" rm="" tn="Thread Group 1-97" dt="text" by="122" sby="118" ng="1" na="1">
  <java.net.URL>http://localhost:7077/</java.net.URL>
</httpSample>
<httpSample t="1" it="0" lt="1" ct="0" ts="1561082733174" s="true" lb="HTTP Request" rc="200" rm="" tn="Thread Group 1-97" dt="text" by="122" sby="118" ng="1" na="1">
  <java.net.URL>http://localhost:7077/</java.net.URL>
</httpSample>
<httpSample t="1" it="0" lt="1" ct="0" ts="1561082733175" s="true" lb="HTTP Request" rc="200" rm="" tn="Thread Group 1-97" dt="text" by="122" sby="118" ng="1" na="1">
  <java.net.URL>http://localhost:7077/</java.net.URL>
</httpSample>
<httpSample t="2" it="0" lt="2" ct="0" ts="1561082733177" s="true" lb="HTTP Request" rc="200" rm="" tn="Thread Group 1-97" dt="text" by="122" sby="118" ng="1" na="1">
  <java.net.URL>http://localhost:7077/</java.net.URL>
</httpSample>
<httpSample t="2" it="0" lt="2" ct="0" ts="1561082733180" s="true" lb="HTTP Request" rc="200" rm="" tn="Thread Group 1-97" dt="text" by="122" sby="118" ng="1" na="1">
  <java.net.URL>http://localhost:7077/</java.net.URL>
</httpSample>
<httpSample t="1" it="0" lt="1" ct="0" ts="1561082733183" s="true" lb="HTTP Request" rc="200" rm="" tn="Thread Group 1-97" dt="text" by="122" sby="118" ng="1" na="1">
  <java.net.URL>http://localhost:7077/</java.net.URL>
</httpSample>
<httpSample t="1" it="0" lt="1" ct="0" ts="1561082733184" s="true" lb="HTTP Request" rc="200" rm="" tn="Thread Group 1-97" dt="text" by="122" sby="118" ng="1" na="1">
  <java.net.URL>http://localhost:7077/</java.net.URL>
</httpSample>
<httpSample t="2" it="0" lt="2" ct="0" ts="1561082733267" s="true" lb="HTTP Request" rc="200" rm="" tn="Thread Group 1-98" dt="text" by="122" sby="118" ng="1" na="1">
  <java.net.URL>http://localhost:7077/</java.net.URL>
</httpSample>
<httpSample t="2" it="0" lt="2" ct="1" ts="1561082733269" s="true" lb="HTTP Request" rc="200" rm="" tn="Thread Group 1-98" dt="text" by="122" sby="118" ng="1" na="1">
  <java.net.URL>http://localhost:7077/</java.net.URL>
</httpSample>
<httpSample t="1" it="0" lt="1" ct="1" ts="1561082733271" s="true" lb="HTTP Request" rc="200" rm="" tn="Thread Group 1-98" dt="text" by="122" sby="118" ng="1" na="1">
  <java.net.URL>http://localhost:7077/</java.net.URL>
</httpSample>
<httpSample t="1" it="0" lt="1" ct="0" ts="1561082733273" s="true" lb="HTTP Request" rc="200" rm="" tn="Thread Group 1-98" dt="text" by="122" sby="118" ng="1" na="1">
  <java.net.URL>http://localhost:7077/</java.net.URL>
</httpSample>
<httpSample t="1" it="0" lt="1" ct="0" ts="1561082733274" s="true" lb="HTTP Request" rc="200" rm="" tn="Thread Group 1-98" dt="text" by="122" sby="118" ng="1" na="1">
  <java.net.URL>http://localhost:7077/</java.net.URL>
</httpSample>
<httpSample t="1" it="0" lt="1" ct="1" ts="1561082733275" s="true" lb="HTTP Request" rc="200" rm="" tn="Thread Group 1-98" dt="text" by="122" sby="118" ng="1" na="1">
  <java.net.URL>http://localhost:7077/</java.net.URL>
</httpSample>
<httpSample t="1" it="0" lt="1" ct="0" ts="1561082733277" s="true" lb="HTTP Request" rc="200" rm="" tn="Thread Group 1-98" dt="text" by="122" sby="118" ng="1" na="1">
  <java.net.URL>http://localhost:7077/</java.net.URL>
</httpSample>
<httpSample t="3" it="0" lt="2" ct="0" ts="1561082733278" s="true" lb="HTTP Request" rc="200" rm="" tn="Thread Group 1-98" dt="text" by="122" sby="118" ng="1" na="1">
  <java.net.URL>http://localhost:7077/</java.net.URL>
</httpSample>
<httpSample t="3" it="0" lt="3" ct="1" ts="1561082733281" s="true" lb="HTTP Request" rc="200" rm="" tn="Thread Group 1-98" dt="text" by="122" sby="118" ng="1" na="1">
  <java.net.URL>http://localhost:7077/</java.net.URL>
</httpSample>
<httpSample t="2" it="0" lt="2" ct="1" ts="1561082733284" s="true" lb="HTTP Request" rc="200" rm="" tn="Thread Group 1-98" dt="text" by="122" sby="118" ng="1" na="1">
  <java.net.URL>http://localhost:7077/</java.net.URL>
</httpSample>
<httpSample t="2" it="0" lt="2" ct="0" ts="1561082733367" s="true" lb="HTTP Request" rc="200" rm="" tn="Thread Group 1-99" dt="text" by="122" sby="118" ng="1" na="1">
  <java.net.URL>http://localhost:7077/</java.net.URL>
</httpSample>
<httpSample t="1" it="0" lt="1" ct="1" ts="1561082733369" s="true" lb="HTTP Request" rc="200" rm="" tn="Thread Group 1-99" dt="text" by="122" sby="118" ng="1" na="1">
  <java.net.URL>http://localhost:7077/</java.net.URL>
</httpSample>
<httpSample t="1" it="0" lt="1" ct="0" ts="1561082733371" s="true" lb="HTTP Request" rc="200" rm="" tn="Thread Group 1-99" dt="text" by="122" sby="118" ng="1" na="1">
  <java.net.URL>http://localhost:7077/</java.net.URL>
</httpSample>
<httpSample t="1" it="0" lt="1" ct="0" ts="1561082733373" s="true" lb="HTTP Request" rc="200" rm="" tn="Thread Group 1-99" dt="text" by="122" sby="118" ng="1" na="1">
  <java.net.URL>http://localhost:7077/</java.net.URL>
</httpSample>
<httpSample t="1" it="0" lt="1" ct="0" ts="1561082733374" s="true" lb="HTTP Request" rc="200" rm="" tn="Thread Group 1-99" dt="text" by="122" sby="118" ng="1" na="1">
  <java.net.URL>http://localhost:7077/</java.net.URL>
</httpSample>
<httpSample t="1" it="0" lt="1" ct="0" ts="1561082733375" s="true" lb="HTTP Request" rc="200" rm="" tn="Thread Group 1-99" dt="text" by="122" sby="118" ng="1" na="1">
  <java.net.URL>http://localhost:7077/</java.net.URL>
</httpSample>
<httpSample t="3" it="0" lt="3" ct="1" ts="1561082733376" s="true" lb="HTTP Request" rc="200" rm="" tn="Thread Group 1-99" dt="text" by="122" sby="118" ng="1" na="1">
  <java.net.URL>http://localhost:7077/</java.net.URL>
</httpSample>
<httpSample t="3" it="0" lt="3" ct="1" ts="1561082733379" s="true" lb="HTTP Request" rc="200" rm="" tn="Thread Group 1-99" dt="text" by="122" sby="118" ng="1" na="1">
  <java.net.URL>http://localhost:7077/</java.net.URL>
</httpSample>
<httpSample t="1" it="0" lt="1" ct="1" ts="1561082733382" s="true" lb="HTTP Request" rc="200" rm="" tn="Thread Group 1-99" dt="text" by="122" sby="118" ng="1" na="1">
  <java.net.URL>http://localhost:7077/</java.net.URL>
</httpSample>
<httpSample t="1" it="0" lt="1" ct="1" ts="1561082733383" s="true" lb="HTTP Request" rc="200" rm="" tn="Thread Group 1-99" dt="text" by="122" sby="118" ng="1" na="1">
  <java.net.URL>http://localhost:7077/</java.net.URL>
</httpSample>
<httpSample t="2" it="0" lt="2" ct="0" ts="1561082733466" s="true" lb="HTTP Request" rc="200" rm="" tn="Thread Group 1-100" dt="text" by="122" sby="118" ng="1" na="1">
  <java.net.URL>http://localhost:7077/</java.net.URL>
</httpSample>
<httpSample t="1" it="0" lt="1" ct="0" ts="1561082733468" s="true" lb="HTTP Request" rc="200" rm="" tn="Thread Group 1-100" dt="text" by="122" sby="118" ng="1" na="1">
  <java.net.URL>http://localhost:7077/</java.net.URL>
</httpSample>
<httpSample t="2" it="0" lt="2" ct="1" ts="1561082733469" s="true" lb="HTTP Request" rc="200" rm="" tn="Thread Group 1-100" dt="text" by="122" sby="118" ng="1" na="1">
  <java.net.URL>http://localhost:7077/</java.net.URL>
</httpSample>
<httpSample t="1" it="0" lt="1" ct="0" ts="1561082733471" s="true" lb="HTTP Request" rc="200" rm="" tn="Thread Group 1-100" dt="text" by="122" sby="118" ng="1" na="1">
  <java.net.URL>http://localhost:7077/</java.net.URL>
</httpSample>
<httpSample t="1" it="0" lt="1" ct="1" ts="1561082733472" s="true" lb="HTTP Request" rc="200" rm="" tn="Thread Group 1-100" dt="text" by="122" sby="118" ng="1" na="1">
  <java.net.URL>http://localhost:7077/</java.net.URL>
</httpSample>
<httpSample t="1" it="0" lt="1" ct="0" ts="1561082733474" s="true" lb="HTTP Request" rc="200" rm="" tn="Thread Group 1-100" dt="text" by="122" sby="118" ng="1" na="1">
  <java.net.URL>http://localhost:7077/</java.net.URL>
</httpSample>
<httpSample t="3" it="0" lt="3" ct="0" ts="1561082733475" s="true" lb="HTTP Request" rc="200" rm="" tn="Thread Group 1-100" dt="text" by="122" sby="118" ng="1" na="1">
  <java.net.URL>http://localhost:7077/</java.net.URL>
</httpSample>
<httpSample t="3" it="0" lt="3" ct="1" ts="1561082733478" s="true" lb="HTTP Request" rc="200" rm="" tn="Thread Group 1-100" dt="text" by="122" sby="118" ng="1" na="1">
  <java.net.URL>http://localhost:7077/</java.net.URL>
</httpSample>
<httpSample t="2" it="0" lt="2" ct="1" ts="1561082733481" s="true" lb="HTTP Request" rc="200" rm="" tn="Thread Group 1-100" dt="text" by="122" sby="118" ng="1" na="1">
  <java.net.URL>http://localhost:7077/</java.net.URL>
</httpSample>
<httpSample t="1" it="0" lt="1" ct="0" ts="1561082733483" s="true" lb="HTTP Request" rc="200" rm="" tn="Thread Group 1-100" dt="text" by="122" sby="118" ng="1" na="1">
  <java.net.URL>http://localhost:7077/</java.net.URL>
</httpSample>

</testResults>
